Archive member included to satisfy reference by file (symbol)

c:/nxp/mcuxpressoide_10.3.0_2200/ide/plugins/com.nxp.mcuxpresso.tools.win32_10.3.0.201811011841/tools/bin/../lib/gcc/arm-none-eabi/7.3.1/../../../../arm-none-eabi/lib/thumb/v7e-m/fpv4-sp/hard\libcr_semihost_nf.a(_cr__main.o)
                              ./startup/startup_mk64f12.o (__main)
c:/nxp/mcuxpressoide_10.3.0_2200/ide/plugins/com.nxp.mcuxpresso.tools.win32_10.3.0.201811011841/tools/bin/../lib/gcc/arm-none-eabi/7.3.1/../../../../arm-none-eabi/lib/thumb/v7e-m/fpv4-sp/hard\libcr_semihost_nf.a(_cr_assert.o)
                              ./utilities/fsl_debug_console.o (__assertion_failed)
c:/nxp/mcuxpressoide_10.3.0_2200/ide/plugins/com.nxp.mcuxpresso.tools.win32_10.3.0.201811011841/tools/bin/../lib/gcc/arm-none-eabi/7.3.1/../../../../arm-none-eabi/lib/thumb/v7e-m/fpv4-sp/hard\libcr_semihost_nf.a(__ciob.o)
                              c:/nxp/mcuxpressoide_10.3.0_2200/ide/plugins/com.nxp.mcuxpresso.tools.win32_10.3.0.201811011841/tools/bin/../lib/gcc/arm-none-eabi/7.3.1/../../../../arm-none-eabi/lib/thumb/v7e-m/fpv4-sp/hard\libcr_semihost_nf.a(_cr_assert.o) (__Ciob)
c:/nxp/mcuxpressoide_10.3.0_2200/ide/plugins/com.nxp.mcuxpresso.tools.win32_10.3.0.201811011841/tools/bin/../lib/gcc/arm-none-eabi/7.3.1/../../../../arm-none-eabi/lib/thumb/v7e-m/fpv4-sp/hard\libcr_semihost_nf.a(__sys_appexit.o)
                              c:/nxp/mcuxpressoide_10.3.0_2200/ide/plugins/com.nxp.mcuxpresso.tools.win32_10.3.0.201811011841/tools/bin/../lib/gcc/arm-none-eabi/7.3.1/../../../../arm-none-eabi/lib/thumb/v7e-m/fpv4-sp/hard\libcr_semihost_nf.a(_cr_assert.o) (__sys_appexit)
c:/nxp/mcuxpressoide_10.3.0_2200/ide/plugins/com.nxp.mcuxpresso.tools.win32_10.3.0.201811011841/tools/bin/../lib/gcc/arm-none-eabi/7.3.1/../../../../arm-none-eabi/lib/thumb/v7e-m/fpv4-sp/hard\libcr_c.a(memcpy.o)
                              ./source/game/paint_map_fsm.o (memcpy)
c:/nxp/mcuxpressoide_10.3.0_2200/ide/plugins/com.nxp.mcuxpresso.tools.win32_10.3.0.201811011841/tools/bin/../lib/gcc/arm-none-eabi/7.3.1/../../../../arm-none-eabi/lib/thumb/v7e-m/fpv4-sp/hard\libcr_c.a(memset.o)
                              ./utilities/fsl_debug_console.o (memset)
c:/nxp/mcuxpressoide_10.3.0_2200/ide/plugins/com.nxp.mcuxpresso.tools.win32_10.3.0.201811011841/tools/bin/../lib/gcc/arm-none-eabi/7.3.1/../../../../arm-none-eabi/lib/thumb/v7e-m/fpv4-sp/hard\libcr_c.a(_deferredlazyseek.o)
                              c:/nxp/mcuxpressoide_10.3.0_2200/ide/plugins/com.nxp.mcuxpresso.tools.win32_10.3.0.201811011841/tools/bin/../lib/gcc/arm-none-eabi/7.3.1/../../../../arm-none-eabi/lib/thumb/v7e-m/fpv4-sp/hard\libcr_semihost_nf.a(_cr_assert.o) (__flsbuf)
c:/nxp/mcuxpressoide_10.3.0_2200/ide/plugins/com.nxp.mcuxpresso.tools.win32_10.3.0.201811011841/tools/bin/../lib/gcc/arm-none-eabi/7.3.1/../../../../arm-none-eabi/lib/thumb/v7e-m/fpv4-sp/hard\libcr_c.a(_fflush.o)
                              c:/nxp/mcuxpressoide_10.3.0_2200/ide/plugins/com.nxp.mcuxpresso.tools.win32_10.3.0.201811011841/tools/bin/../lib/gcc/arm-none-eabi/7.3.1/../../../../arm-none-eabi/lib/thumb/v7e-m/fpv4-sp/hard\libcr_c.a(_deferredlazyseek.o) (_fflush)
c:/nxp/mcuxpressoide_10.3.0_2200/ide/plugins/com.nxp.mcuxpresso.tools.win32_10.3.0.201811011841/tools/bin/../lib/gcc/arm-none-eabi/7.3.1/../../../../arm-none-eabi/lib/thumb/v7e-m/fpv4-sp/hard\libcr_c.a(_writebuf.o)
                              c:/nxp/mcuxpressoide_10.3.0_2200/ide/plugins/com.nxp.mcuxpresso.tools.win32_10.3.0.201811011841/tools/bin/../lib/gcc/arm-none-eabi/7.3.1/../../../../arm-none-eabi/lib/thumb/v7e-m/fpv4-sp/hard\libcr_c.a(_deferredlazyseek.o) (_Cwritebuf)
c:/nxp/mcuxpressoide_10.3.0_2200/ide/plugins/com.nxp.mcuxpresso.tools.win32_10.3.0.201811011841/tools/bin/../lib/gcc/arm-none-eabi/7.3.1/../../../../arm-none-eabi/lib/thumb/v7e-m/fpv4-sp/hard\libcr_c.a(alloc.o)
                              ./drivers/fsl_common.o (malloc)
c:/nxp/mcuxpressoide_10.3.0_2200/ide/plugins/com.nxp.mcuxpresso.tools.win32_10.3.0.201811011841/tools/bin/../lib/gcc/arm-none-eabi/7.3.1/../../../../arm-none-eabi/lib/thumb/v7e-m/fpv4-sp/hard\libcr_c.a(fputs.o)
                              c:/nxp/mcuxpressoide_10.3.0_2200/ide/plugins/com.nxp.mcuxpresso.tools.win32_10.3.0.201811011841/tools/bin/../lib/gcc/arm-none-eabi/7.3.1/../../../../arm-none-eabi/lib/thumb/v7e-m/fpv4-sp/hard\libcr_semihost_nf.a(_cr_assert.o) (fputs)
c:/nxp/mcuxpressoide_10.3.0_2200/ide/plugins/com.nxp.mcuxpresso.tools.win32_10.3.0.201811011841/tools/bin/../lib/gcc/arm-none-eabi/7.3.1/../../../../arm-none-eabi/lib/thumb/v7e-m/fpv4-sp/hard\libcr_c.a(fseek.o)
                              c:/nxp/mcuxpressoide_10.3.0_2200/ide/plugins/com.nxp.mcuxpresso.tools.win32_10.3.0.201811011841/tools/bin/../lib/gcc/arm-none-eabi/7.3.1/../../../../arm-none-eabi/lib/thumb/v7e-m/fpv4-sp/hard\libcr_c.a(_deferredlazyseek.o) (fseek)
[...]
Memory Configuration

Name             Origin             Length             Attributes
PROGRAM_FLASH    0x00000000         0x00080000         xr
SRAM_UPPER       0x20000000         0x00030000         xrw
SRAM_LOWER       0x1fff0000         0x00010000         xrw
FLEX_RAM         0x14000000         0x00001000         xrw
*default*        0x00000000         0xffffffff

Linker script and memory map

LOAD ./utilities/fsl_debug_console.o
LOAD ./utilities/fsl_str.o
LOAD ./startup/startup_mk64f12.o
LOAD ./source/game/fix_shot_fsm.o
LOAD ./source/game/game_fsm.o
LOAD ./source/game/paint_dust_fsm.o
LOAD ./source/game/paint_map_fsm.o
LOAD ./source/game/shot_bird_fsm.o
LOAD ./source/game/utilities.o
LOAD ./source/AngryBirdsV2.o
LOAD ./source/semihost_hardfault.o
LOAD ./drivers/custom/TFT/images/Background.o
LOAD ./drivers/custom/TFT/images/Background_1.o
LOAD ./drivers/custom/TFT/images/Background_2.o
LOAD ./drivers/custom/TFT/images/BirdOne.o
LOAD ./drivers/custom/TFT/images/BirdThree.o
LOAD ./drivers/custom/TFT/images/BirdTwo.o
LOAD ./drivers/custom/TFT/images/BlockOne.o
LOAD ./drivers/custom/TFT/images/BlockThree.o
LOAD ./drivers/custom/TFT/images/BlockTwo.o
LOAD ./drivers/custom/TFT/images/Caratula1.o
LOAD ./drivers/custom/TFT/images/Caratula2.o
LOAD ./drivers/custom/TFT/images/Caratula3.o
LOAD ./drivers/custom/TFT/images/DustFour.o
LOAD ./drivers/custom/TFT/images/DustOne.o
LOAD ./drivers/custom/TFT/images/DustThree.o
LOAD ./drivers/custom/TFT/images/DustTwo.o
LOAD ./drivers/custom/TFT/images/PigOne.o
LOAD ./drivers/custom/TFT/images/PigThree.o
LOAD ./drivers/custom/TFT/images/PigTwo.o
LOAD ./drivers/custom/TFT/images/white.o
LOAD ./drivers/custom/TFT/Adafruit_GFX.o
LOAD ./drivers/custom/TFT/MCUFRIEND_kbv.o
LOAD ./drivers/custom/TFT/TFT_config.o
LOAD ./drivers/custom/TFT/glcdfont.o
LOAD ./drivers/custom/JOYSTICK/JOYSTICK.o
LOAD ./drivers/custom/HAPTIC/BUTTON.o
LOAD ./drivers/custom/GLOBAL.o
LOAD ./drivers/fsl_adc16.o
LOAD ./drivers/fsl_clock.o
LOAD ./drivers/fsl_common.o
LOAD ./drivers/fsl_dac.o
LOAD ./drivers/fsl_dmamux.o
LOAD ./drivers/fsl_dspi.o
LOAD ./drivers/fsl_edma.o
LOAD ./drivers/fsl_ftm.o
LOAD ./drivers/fsl_gpio.o
LOAD ./drivers/fsl_i2c.o
LOAD ./drivers/fsl_lptmr.o
LOAD ./drivers/fsl_pit.o
LOAD ./drivers/fsl_pmc.o
LOAD ./drivers/fsl_rnga.o
LOAD ./drivers/fsl_rtc.o
LOAD ./drivers/fsl_sim.o
LOAD ./drivers/fsl_smc.o
LOAD ./drivers/fsl_uart.o
LOAD ./drivers/fsl_uart_cmsis.o
LOAD ./drivers/fsl_uart_edma.o
LOAD ./drivers/fsl_wdog.o
LOAD ./device/system_MK64F12.o
LOAD ./component/uart/uart_adapter.o
LOAD ./component/serial_manager/serial_manager.o
LOAD ./component/serial_manager/serial_port_uart.o
LOAD ./board/board.o
LOAD ./board/clock_config.o
LOAD ./board/peripherals.o
LOAD ./board/pin_mux.o
START GROUP
LOAD c:/nxp/mcuxpressoide_10.3.0_2200/ide/plugins/com.nxp.mcuxpresso.tools.win32_10.3.0.201811011841/tools/bin/../lib/gcc/arm-none-eabi/7.3.1/../../../../arm-none-eabi/lib/thumb/v7e-m/fpv4-sp/hard\libcr_semihost_nf.a
LOAD c:/nxp/mcuxpressoide_10.3.0_2200/ide/plugins/com.nxp.mcuxpresso.tools.win32_10.3.0.201811011841/tools/bin/../lib/gcc/arm-none-eabi/7.3.1/../../../../arm-none-eabi/lib/thumb/v7e-m/fpv4-sp/hard\libcr_c.a
LOAD c:/nxp/mcuxpressoide_10.3.0_2200/ide/plugins/com.nxp.mcuxpresso.tools.win32_10.3.0.201811011841/tools/bin/../lib/gcc/arm-none-eabi/7.3.1/thumb/v7e-m/fpv4-sp/hard\libcr_eabihelpers.a
END GROUP
                0x00000000                __base_PROGRAM_FLASH = 0x0
                0x00000000                __base_Flash = 0x0
                0x00080000                __top_PROGRAM_FLASH = 0x80000
                0x00080000                __top_Flash = 0x80000
                0x20000000                __base_SRAM_UPPER = 0x20000000
                0x20000000                __base_RAM = 0x20000000
                0x20030000                __top_SRAM_UPPER = 0x20030000
                0x20030000                __top_RAM = 0x20030000
                0x1fff0000                __base_SRAM_LOWER = 0x1fff0000
                0x1fff0000                __base_RAM2 = 0x1fff0000
                0x20000000                __top_SRAM_LOWER = 0x20000000
                0x20000000                __top_RAM2 = 0x20000000
                0x14000000                __base_FLEX_RAM = 0x14000000
                0x14000000                __base_RAM3 = 0x14000000
                0x14001000                __top_FLEX_RAM = 0x14001000
                0x14001000                __top_RAM3 = 0x14001000

.text           0x00000000    0x57c08
 FILL mask 0xff
                0x00000000                __vectors_start__ = ABSOLUTE (.)
 *(SORT_BY_ALIGNMENT(.isr_vector))
 .isr_vector    0x00000000      0x198 ./startup/startup_mk64f12.o
                0x00000000                g_pfnVectors
                0x00000000                __Vectors
                0x00000198                . = ALIGN (0x4)
                0x00000198                __section_table_start = .
                0x00000198                __data_section_table = .
                0x00000198        0x4 LONG 0x57c08 LOADADDR (.data)
                0x0000019c        0x4 LONG 0x20000000 ADDR (.data)
                0x000001a0        0x4 LONG 0xc0 SIZEOF (.data)
                0x000001a4        0x4 LONG 0x57c08 LOADADDR (.data_RAM2)
                0x000001a8        0x4 LONG 0x1fff0000 ADDR (.data_RAM2)
                0x000001ac        0x4 LONG 0x0 SIZEOF (.data_RAM2)
                0x000001b0        0x4 LONG 0x57c08 LOADADDR (.data_RAM3)
                0x000001b4        0x4 LONG 0x14000000 ADDR (.data_RAM3)
                0x000001b8        0x4 LONG 0x0 SIZEOF (.data_RAM3)
                0x000001bc                __data_section_table_end = .
                0x000001bc                __bss_section_table = .
                0x000001bc        0x4 LONG 0x200000c0 ADDR (.bss)
                0x000001c0        0x4 LONG 0x1a10 SIZEOF (.bss)
                0x000001c4        0x4 LONG 0x1fff0000 ADDR (.bss_RAM2)
                0x000001c8        0x4 LONG 0x0 SIZEOF (.bss_RAM2)
                0x000001cc        0x4 LONG 0x14000000 ADDR (.bss_RAM3)
                0x000001d0        0x4 LONG 0x0 SIZEOF (.bss_RAM3)
                0x000001d4                __bss_section_table_end = .
                0x000001d4                __section_table_end = .
 *(SORT_BY_ALIGNMENT(.after_vectors*))
 .after_vectors.reset
                0x000001d4       0x4c ./startup/startup_mk64f12.o
                0x000001d4                ResetISR
 .after_vectors.init_data
                0x00000220       0x1e ./startup/startup_mk64f12.o
                0x00000220                data_init
 .after_vectors.init_bss
                0x0000023e       0x12 ./startup/startup_mk64f12.o
                0x0000023e                bss_init
 .after_vectors
                0x00000250       0x14 ./startup/startup_mk64f12.o
                0x00000250                NMI_Handler
                0x00000254                MemManage_Handler
                0x00000256                BusFault_Handler
                0x00000258                UsageFault_Handler
                0x0000025a                SVC_Handler
                0x0000025c                DebugMon_Handler
                0x0000025e                PendSV_Handler
                0x00000260                SysTick_Handler
                0x00000262                FTM2_DriverIRQHandler
                0x00000262                PIT2_DriverIRQHandler
                0x00000262                SDHC_DriverIRQHandler
                0x00000262                I2S0_Tx_DriverIRQHandler
                0x00000262                FTM1_DriverIRQHandler
                0x00000262                LLWU_DriverIRQHandler
                0x00000262                MCM_DriverIRQHandler
                0x00000262                MCG_DriverIRQHandler
                0x00000262                ENET_1588_Timer_DriverIRQHandler
                0x00000262                DAC1_DriverIRQHandler
                0x00000262                RTC_Seconds_DriverIRQHandler
                0x00000262                CMP1_DriverIRQHandler
                0x00000262                FTM0_DriverIRQHandler
                0x00000262                IntDefaultHandler
                0x00000262                USB0_DriverIRQHandler
                0x00000262                UART5_ERR_DriverIRQHandler
                0x00000262                PORTC_DriverIRQHandler
                0x00000262                DAC0_DriverIRQHandler
                0x00000262                CMP2_DriverIRQHandler
                0x00000262                UART2_ERR_DriverIRQHandler
                0x00000262                DMA_Error_DriverIRQHandler
                0x00000262                PIT0_DriverIRQHandler
                0x00000262                RNG_DriverIRQHandler
                0x00000262                USBDCD_DriverIRQHandler
                0x00000262                UART3_ERR_DriverIRQHandler
                0x00000262                UART0_ERR_DriverIRQHandler
                0x00000262                CMT_DriverIRQHandler
                0x00000262                Reserved71_DriverIRQHandler
                0x00000262                ADC1_DriverIRQHandler
                0x00000262                PORTA_DriverIRQHandler
                0x00000262                PIT3_DriverIRQHandler
                0x00000262                PIT1_DriverIRQHandler
                0x00000262                WDOG_EWM_DriverIRQHandler
                0x00000262                PDB0_DriverIRQHandler
                0x00000262                RTC_DriverIRQHandler
                0x00000262                I2S0_Rx_DriverIRQHandler
                0x00000262                Read_Collision_DriverIRQHandler
                0x00000262                SWI_DriverIRQHandler
                0x00000262                UART4_ERR_DriverIRQHandler
                0x00000262                LPTMR0_DriverIRQHandler
                0x00000262                UART0_LON_DriverIRQHandler
                0x00000262                PORTB_DriverIRQHandler
                0x00000262                ENET_Receive_DriverIRQHandler
                0x00000262                ENET_Error_DriverIRQHandler
                0x00000262                ADC0_DriverIRQHandler
                0x00000262                CMP0_DriverIRQHandler
                0x00000262                CAN0_DriverIRQHandler
                0x00000262                FTM3_DriverIRQHandler
                0x00000262                LVD_LVW_DriverIRQHandler
                0x00000262                UART1_ERR_DriverIRQHandler
                0x00000262                ENET_Transmit_DriverIRQHandler
                0x00000262                PORTD_DriverIRQHandler
                0x00000262                PORTE_DriverIRQHandler
                0x00000262                FTFE_DriverIRQHandler
                0x00000400                . = 0x400
 *fill*         0x00000264      0x19c ff
                0x00000400                PROVIDE (__FLASH_CONFIG_START__ = .)
 *(SORT_BY_ALIGNMENT(.FlashConfig))
 .FlashConfig   0x00000400       0x10 ./startup/startup_mk64f12.o
                0x00000400                Flash_Config
                0x00000410                PROVIDE (__FLASH_CONFIG_END__ = .)
                0x00000001                ASSERT (! ((__FLASH_CONFIG_START__ == __FLASH_CONFIG_END__)), Linker Flash Config Support Enabled, but no .FlashConfig section provided within application)
 *(SORT_BY_ALIGNMENT(.text*))
 .text.fix_shot_fsm
                0x00000410      0x1f8 ./source/game/fix_shot_fsm.o
                0x00000410                fix_shot_fsm
 .text.shot_bird_fsm
                0x00000608      0x684 ./source/game/shot_bird_fsm.o
                0x00000608                shot_bird_fsm
 *fill*         0x00000c8c        0x4 ff
 .text.pow      0x00000c90      0x55c c:/nxp/mcuxpressoide_10.3.0_2200/ide/plugins/com.nxp.mcuxpresso.tools.win32_10.3.0.201811011841/tools/bin/../lib/gcc/arm-none-eabi/7.3.1/../../../../arm-none-eabi/lib/thumb/v7e-m/fpv4-sp/hard\libcr_c.a(pow.o)
                0x00000c90                pow
 *fill*         0x000011ec        0x4 ff
 .text.sqrt     0x000011f0      0x11c c:/nxp/mcuxpressoide_10.3.0_2200/ide/plugins/com.nxp.mcuxpresso.tools.win32_10.3.0.201811011841/tools/bin/../lib/gcc/arm-none-eabi/7.3.1/../../../../arm-none-eabi/lib/thumb/v7e-m/fpv4-sp/hard\libcr_c.a(sqrt.o)
                0x000011f0                sqrt
 *fill*         0x0000130c        0x4 ff
 .text.frexp    0x00001310       0x68 c:/nxp/mcuxpressoide_10.3.0_2200/ide/plugins/com.nxp.mcuxpresso.tools.win32_10.3.0.201811011841/tools/bin/../lib/gcc/arm-none-eabi/7.3.1/../../../../arm-none-eabi/lib/thumb/v7e-m/fpv4-sp/hard\libcr_c.a(frexp.o)
                0x00001310                frexp
 .text.ldexp    0x00001378       0x58 c:/nxp/mcuxpressoide_10.3.0_2200/ide/plugins/com.nxp.mcuxpresso.tools.win32_10.3.0.201811011841/tools/bin/../lib/gcc/arm-none-eabi/7.3.1/../../../../arm-none-eabi/lib/thumb/v7e-m/fpv4-sp/hard\libcr_c.a(ldexp.o)
                0x00001378                ldexp
 .text.CalculateSpan
                0x000013d0       0xd0 ./source/game/fix_shot_fsm.o
                0x000013d0                CalculateSpan
 .text.ChekWin  0x000014a0       0x3c ./source/game/game_fsm.o
                0x000014a0                ChekWin
 .text.game_fsm
                0x000014dc      0x1e4 ./source/game/game_fsm.o
                0x000014dc                game_fsm
 .text.paintDust
                0x000016c0      0x29c ./source/game/paint_dust_fsm.o
                0x000016c0                paintDust
 .text.SelectWorld
                0x0000195c       0x84 ./source/game/paint_map_fsm.o
                0x0000195c                SelectWorld
 .text.paintCaratule
                0x000019e0       0x48 ./source/game/paint_map_fsm.o
                0x000019e0                paintCaratule
 .text.paintBackground
                0x00001a28       0x1c ./source/game/paint_map_fsm.o
                0x00001a28                paintBackground
 .text.paint_lifes
                0x00001a44       0xc0 ./source/game/paint_map_fsm.o
                0x00001a44                paint_lifes
 .text.paint_pigs
                0x00001b04       0xa8 ./source/game/paint_map_fsm.o
                0x00001b04                paint_pigs
 .text.paint_blocks
                0x00001bac       0x98 ./source/game/paint_map_fsm.o
                0x00001bac                paint_blocks
 .text.pseudoRandom
                0x00001c44       0x34 ./source/game/paint_map_fsm.o
                0x00001c44                pseudoRandom
 .text.main     0x00001c78       0x4c ./source/AngryBirdsV2.o
                0x00001c78                main
 .text.Adafruit_GFX_drawChar
                0x00001cc4      0x3a0 ./drivers/custom/TFT/Adafruit_GFX.o
                0x00001cc4                Adafruit_GFX_drawChar
 .text.Adafruit_GFX_write
                0x00002064      0x248 ./drivers/custom/TFT/Adafruit_GFX.o
                0x00002064                Adafruit_GFX_write
 .text.Adafruit_GFX_setCursor
                0x000022ac       0x30 ./drivers/custom/TFT/Adafruit_GFX.o
                0x000022ac                Adafruit_GFX_setCursor
 .text.Adafruit_GFX_setTextColorB
                0x000022dc       0x30 ./drivers/custom/TFT/Adafruit_GFX.o
                0x000022dc                Adafruit_GFX_setTextColorB
 .text.Adafruit_GFX_setRotation
                0x0000230c       0x6c ./drivers/custom/TFT/Adafruit_GFX.o
                0x0000230c                Adafruit_GFX_setRotation
 .text.Adafruit_GFX_setFont
                0x00002378       0x60 ./drivers/custom/TFT/Adafruit_GFX.o
                0x00002378                Adafruit_GFX_setFont
 .text.MCUFRIEND_kbv_init
                0x000023d8       0x2c ./drivers/custom/TFT/MCUFRIEND_kbv.o
                0x000023d8                MCUFRIEND_kbv_init
 .text.MCUFRIEND_kbv_reset
                0x00002404       0xec ./drivers/custom/TFT/MCUFRIEND_kbv.o
                0x00002404                MCUFRIEND_kbv_reset
 .text.MCUFRIEND_kbv_WriteCmdData
                0x000024f0      0x1d8 ./drivers/custom/TFT/MCUFRIEND_kbv.o
                0x000024f0                MCUFRIEND_kbv_WriteCmdData
 .text.WriteCmdParamN
                0x000026c8      0x270 ./drivers/custom/TFT/MCUFRIEND_kbv.o
 .text.read16bits
                0x00002938      0x1b4 ./drivers/custom/TFT/MCUFRIEND_kbv.o
 .text.MCUFRIEND_kbv_readReg
                0x00002aec      0x1d4 ./drivers/custom/TFT/MCUFRIEND_kbv.o
                0x00002aec                MCUFRIEND_kbv_readReg
 .text.MCUFRIEND_kbv_readID
                0x00002cc0      0x21c ./drivers/custom/TFT/MCUFRIEND_kbv.o
                0x00002cc0                MCUFRIEND_kbv_readID
 .text.MCUFRIEND_kbv_setRotation
                0x00002edc      0x524 ./drivers/custom/TFT/MCUFRIEND_kbv.o
                0x00002edc                MCUFRIEND_kbv_setRotation
 .text.MCUFRIEND_kbv_drawPixel
                0x00003400       0xe8 ./drivers/custom/TFT/MCUFRIEND_kbv.o
                0x00003400                MCUFRIEND_kbv_drawPixel
 .text.MCUFRIEND_kbv_setAddrWindow
                0x000034e8      0x19c ./drivers/custom/TFT/MCUFRIEND_kbv.o
                0x000034e8                MCUFRIEND_kbv_setAddrWindow
 .text.MCUFRIEND_kbv_fillBMP
                0x00003684      0x30c ./drivers/custom/TFT/MCUFRIEND_kbv.o
                0x00003684                MCUFRIEND_kbv_fillBMP
 .text.MCUFRIEND_kbv_print_tail
                0x00003990      0x2ac ./drivers/custom/TFT/MCUFRIEND_kbv.o
                0x00003990                MCUFRIEND_kbv_print_tail
 .text.MCUFRIEND_kbv_vertScroll
                0x00003c3c      0x224 ./drivers/custom/TFT/MCUFRIEND_kbv.o
                0x00003c3c                MCUFRIEND_kbv_vertScroll
 .text.MCUFRIEND_kbv_invertDisplay
                0x00003e60      0x130 ./drivers/custom/TFT/MCUFRIEND_kbv.o
                0x00003e60                MCUFRIEND_kbv_invertDisplay
 .text.MCUFRIEND_kbv_begin
                0x00003f90       0xb0 ./drivers/custom/TFT/MCUFRIEND_kbv.o
                0x00003f90                MCUFRIEND_kbv_begin
 .text.TFT_init_ports
                0x00004040      0x130 ./drivers/custom/TFT/TFT_config.o
                0x00004040                TFT_init_ports
 .text.__NVIC_EnableIRQ
                0x00004170       0x3c ./drivers/custom/JOYSTICK/JOYSTICK.o
 .text.ADC16_GetChannelConversionValue
                0x000041ac       0x2c ./drivers/custom/JOYSTICK/JOYSTICK.o
 .text.PIT_GetDefaultConfig
                0x000041d8       0x28 ./drivers/custom/JOYSTICK/JOYSTICK.o
 .text.JOYSTICK_init
                0x00004200      0x100 ./drivers/custom/JOYSTICK/JOYSTICK.o
                0x00004200                JOYSTICK_init
 .text.ADC1_IRQHandler
                0x00004300       0x8c ./drivers/custom/JOYSTICK/JOYSTICK.o
                0x00004300                ADC1_IRQHandler
 .text.PIT0_IRQHandler
                0x0000438c       0x50 ./drivers/custom/JOYSTICK/JOYSTICK.o
                0x0000438c                PIT0_IRQHandler
 .text.__NVIC_EnableIRQ
                0x000043dc       0x3c ./drivers/custom/HAPTIC/BUTTON.o
 .text.__NVIC_ClearPendingIRQ
                0x00004418       0x3c ./drivers/custom/HAPTIC/BUTTON.o
 .text.PORT_SetPinConfig
                0x00004454       0x38 ./drivers/custom/HAPTIC/BUTTON.o
 .text.LPTMR_SetTimerPeriod
                0x0000448c       0x2c ./drivers/custom/HAPTIC/BUTTON.o
 .text.BUTTON_Init
                0x000044b8      0x100 ./drivers/custom/HAPTIC/BUTTON.o
                0x000044b8                BUTTON_Init
 .text.PORTB_IRQHandler
                0x000045b8       0x40 ./drivers/custom/HAPTIC/BUTTON.o
                0x000045b8                PORTB_IRQHandler
 .text.LPTMR0_IRQHandler
                0x000045f8       0x94 ./drivers/custom/HAPTIC/BUTTON.o
                0x000045f8                LPTMR0_IRQHandler
 .text.ADC16_GetInstance
                0x0000468c       0x4c ./drivers/fsl_adc16.o
 .text.ADC16_Init
                0x000046d8      0x10c ./drivers/fsl_adc16.o
                0x000046d8                ADC16_Init
 .text.ADC16_GetDefaultConfig
                0x000047e4       0x60 ./drivers/fsl_adc16.o
                0x000047e4                ADC16_GetDefaultConfig
 .text.ADC16_SetHardwareCompareConfig
                0x00004844       0x90 ./drivers/fsl_adc16.o
                0x00004844                ADC16_SetHardwareCompareConfig
 .text.ADC16_SetChannelConfig
                0x000048d4       0x68 ./drivers/fsl_adc16.o
                0x000048d4                ADC16_SetChannelConfig
 .text.ADC16_GetChannelStatusFlags
                0x0000493c       0x40 ./drivers/fsl_adc16.o
                0x0000493c                ADC16_GetChannelStatusFlags
 .text.CLOCK_SetEr32kClock
                0x0000497c       0x30 ./drivers/fsl_clock.o
 .text.CLOCK_SetPllFllSelClock
                0x000049ac       0x3c ./drivers/fsl_clock.o
 .text.CLOCK_GetOscRangeFromFreq
                0x000049e8       0x3c ./drivers/fsl_clock.o
 .text.CLOCK_SetSimConfig
                0x00004a24       0x38 ./drivers/fsl_clock.o
                0x00004a24                CLOCK_SetSimConfig
 .text.CLOCK_EnableUsbfs0Clock
                0x00004a5c      0x100 ./drivers/fsl_clock.o
                0x00004a5c                CLOCK_EnableUsbfs0Clock
 .text.CLOCK_SetExternalRefClkConfig
                0x00004b5c       0x6c ./drivers/fsl_clock.o
                0x00004b5c                CLOCK_SetExternalRefClkConfig
 .text.CLOCK_SetInternalRefClkConfig
                0x00004bc8      0x104 ./drivers/fsl_clock.o
                0x00004bc8                CLOCK_SetInternalRefClkConfig
 .text.CLOCK_EnablePll0
                0x00004ccc       0x84 ./drivers/fsl_clock.o
                0x00004ccc                CLOCK_EnablePll0
 .text.CLOCK_InitOsc0
                0x00004d50       0x8c ./drivers/fsl_clock.o
                0x00004d50                CLOCK_InitOsc0
 .text.CLOCK_SetPbeMode
                0x00004ddc       0xa8 ./drivers/fsl_clock.o
                0x00004ddc                CLOCK_SetPbeMode
 .text.CLOCK_BootToPeeMode
                0x00004e84       0x64 ./drivers/fsl_clock.o
                0x00004e84                CLOCK_BootToPeeMode
 .text.DSPI_CommonIRQHandler
                0x00004ee8       0x40 ./drivers/fsl_dspi.o
 .text.SPI0_DriverIRQHandler
                0x00004f28       0x30 ./drivers/fsl_dspi.o
                0x00004f28                SPI0_DriverIRQHandler
 .text.SPI1_DriverIRQHandler
                0x00004f58       0x30 ./drivers/fsl_dspi.o
                0x00004f58                SPI1_DriverIRQHandler
 .text.SPI2_DriverIRQHandler
                0x00004f88       0x30 ./drivers/fsl_dspi.o
                0x00004f88                SPI2_DriverIRQHandler
 .text.EDMA_HandleIRQ
                0x00004fb8      0x154 ./drivers/fsl_edma.o
                0x00004fb8                EDMA_HandleIRQ
 .text.DMA0_DriverIRQHandler
                0x0000510c       0x1c ./drivers/fsl_edma.o
                0x0000510c                DMA0_DriverIRQHandler
 .text.DMA1_DriverIRQHandler
                0x00005128       0x1c ./drivers/fsl_edma.o
                0x00005128                DMA1_DriverIRQHandler
 .text.DMA2_DriverIRQHandler
                0x00005144       0x1c ./drivers/fsl_edma.o
                0x00005144                DMA2_DriverIRQHandler
 .text.DMA3_DriverIRQHandler
                0x00005160       0x1c ./drivers/fsl_edma.o
                0x00005160                DMA3_DriverIRQHandler
 .text.DMA4_DriverIRQHandler
                0x0000517c       0x1c ./drivers/fsl_edma.o
                0x0000517c                DMA4_DriverIRQHandler
 .text.DMA5_DriverIRQHandler
                0x00005198       0x1c ./drivers/fsl_edma.o
                0x00005198                DMA5_DriverIRQHandler
 .text.DMA6_DriverIRQHandler
                0x000051b4       0x1c ./drivers/fsl_edma.o
                0x000051b4                DMA6_DriverIRQHandler
 .text.DMA7_DriverIRQHandler
                0x000051d0       0x1c ./drivers/fsl_edma.o
                0x000051d0                DMA7_DriverIRQHandler
 .text.DMA8_DriverIRQHandler
                0x000051ec       0x1c ./drivers/fsl_edma.o
                0x000051ec                DMA8_DriverIRQHandler
 .text.DMA9_DriverIRQHandler
                0x00005208       0x1c ./drivers/fsl_edma.o
                0x00005208                DMA9_DriverIRQHandler
 .text.DMA10_DriverIRQHandler
                0x00005224       0x1c ./drivers/fsl_edma.o
                0x00005224                DMA10_DriverIRQHandler
 .text.DMA11_DriverIRQHandler
                0x00005240       0x1c ./drivers/fsl_edma.o
                0x00005240                DMA11_DriverIRQHandler
 .text.DMA12_DriverIRQHandler
                0x0000525c       0x1c ./drivers/fsl_edma.o
                0x0000525c                DMA12_DriverIRQHandler
 .text.DMA13_DriverIRQHandler
                0x00005278       0x1c ./drivers/fsl_edma.o
                0x00005278                DMA13_DriverIRQHandler
 .text.DMA14_DriverIRQHandler
                0x00005294       0x1c ./drivers/fsl_edma.o
                0x00005294                DMA14_DriverIRQHandler
 .text.DMA15_DriverIRQHandler
                0x000052b0       0x1c ./drivers/fsl_edma.o
                0x000052b0                DMA15_DriverIRQHandler
 .text.GPIO_GetInstance
                0x000052cc       0x4c ./drivers/fsl_gpio.o
 .text.GPIO_PinInit
                0x00005318       0x64 ./drivers/fsl_gpio.o
                0x00005318                GPIO_PinInit
 .text.GPIO_PortClearInterruptFlags
                0x0000537c       0x34 ./drivers/fsl_gpio.o
                0x0000537c                GPIO_PortClearInterruptFlags
 .text.I2C_TransferCommonIRQHandler
                0x000053b0       0x50 ./drivers/fsl_i2c.o
 .text.I2C0_DriverIRQHandler
                0x00005400       0x1c ./drivers/fsl_i2c.o
                0x00005400                I2C0_DriverIRQHandler
 .text.I2C1_DriverIRQHandler
                0x0000541c       0x1c ./drivers/fsl_i2c.o
                0x0000541c                I2C1_DriverIRQHandler
 .text.I2C2_DriverIRQHandler
                0x00005438       0x1c ./drivers/fsl_i2c.o
                0x00005438                I2C2_DriverIRQHandler
 .text.LPTMR_GetInstance
                0x00005454       0x44 ./drivers/fsl_lptmr.o
 .text.LPTMR_Init
                0x00005498       0x8c ./drivers/fsl_lptmr.o
                0x00005498                LPTMR_Init
 .text.LPTMR_GetDefaultConfig
                0x00005524       0x54 ./drivers/fsl_lptmr.o
                0x00005524                LPTMR_GetDefaultConfig
 .text.PIT_GetInstance
                0x00005578       0x44 ./drivers/fsl_pit.o
 .text.PIT_Init
                0x000055bc       0x94 ./drivers/fsl_pit.o
                0x000055bc                PIT_Init
 .text.UART0_DriverIRQHandler
                0x00005650       0x28 ./drivers/fsl_uart.o
                0x00005650                UART0_DriverIRQHandler
 .text.UART1_DriverIRQHandler
                0x00005678       0x28 ./drivers/fsl_uart.o
                0x00005678                UART1_DriverIRQHandler
 .text.UART2_DriverIRQHandler
                0x000056a0       0x28 ./drivers/fsl_uart.o
                0x000056a0                UART2_DriverIRQHandler
 .text.UART3_DriverIRQHandler
                0x000056c8       0x28 ./drivers/fsl_uart.o
                0x000056c8                UART3_DriverIRQHandler
 .text.UART4_DriverIRQHandler
                0x000056f0       0x28 ./drivers/fsl_uart.o
                0x000056f0                UART4_DriverIRQHandler
 .text.UART5_DriverIRQHandler
                0x00005718       0x28 ./drivers/fsl_uart.o
                0x00005718                UART5_DriverIRQHandler
 .text.SystemInit
                0x00005740       0x3c ./device/system_MK64F12.o
                0x00005740                SystemInit
 .text.CLOCK_SetSdhc0Clock
                0x0000577c       0x3c ./board/clock_config.o
 .text.CLOCK_SetEnetTime0Clock
                0x000057b8       0x3c ./board/clock_config.o
 .text.CLOCK_SetRmii0Clock
                0x000057f4       0x3c ./board/clock_config.o
 .text.CLOCK_SetTraceClock
                0x00005830       0x3c ./board/clock_config.o
 .text.CLOCK_SetClkOutClock
                0x0000586c       0x38 ./board/clock_config.o
 .text.CLOCK_SetSimSafeDivs
                0x000058a4       0x20 ./board/clock_config.o
 .text.CLOCK_SetXtal0Freq
                0x000058c4       0x20 ./board/clock_config.o
 .text.CLOCK_CONFIG_EnableIrc48MOsc
                0x000058e4       0x24 ./board/clock_config.o
 .text.CLOCK_CONFIG_SetFllExtRefDiv
                0x00005908       0x3c ./board/clock_config.o
 .text.BOARD_BootClockRUN
                0x00005944       0x8c ./board/clock_config.o
                0x00005944                BOARD_BootClockRUN
 .text.__assertion_failed
                0x000059d0       0x4c c:/nxp/mcuxpressoide_10.3.0_2200/ide/plugins/com.nxp.mcuxpresso.tools.win32_10.3.0.201811011841/tools/bin/../lib/gcc/arm-none-eabi/7.3.1/../../../../arm-none-eabi/lib/thumb/v7e-m/fpv4-sp/hard\libcr_semihost_nf.a(_cr_assert.o)
                0x000059d0                __assertion_failed
 .text.__sys_appexit
                0x00005a1c        0xc c:/nxp/mcuxpressoide_10.3.0_2200/ide/plugins/com.nxp.mcuxpresso.tools.win32_10.3.0.201811011841/tools/bin/../lib/gcc/arm-none-eabi/7.3.1/../../../../arm-none-eabi/lib/thumb/v7e-m/fpv4-sp/hard\libcr_semihost_nf.a(__sys_appexit.o)
                0x00005a1c                __sys_appexit
                0x00005a1c                __exit
 .text._Cwritebuf
                0x00005a28       0x6c c:/nxp/mcuxpressoide_10.3.0_2200/ide/plugins/com.nxp.mcuxpresso.tools.win32_10.3.0.201811011841/tools/bin/../lib/gcc/arm-none-eabi/7.3.1/../../../../arm-none-eabi/lib/thumb/v7e-m/fpv4-sp/hard\libcr_c.a(_writebuf.o)
                0x00005a28                _Cwritebuf
 .text.malloc   0x00005a94       0xc8 c:/nxp/mcuxpressoide_10.3.0_2200/ide/plugins/com.nxp.mcuxpresso.tools.win32_10.3.0.201811011841/tools/bin/../lib/gcc/arm-none-eabi/7.3.1/../../../../arm-none-eabi/lib/thumb/v7e-m/fpv4-sp/hard\libcr_c.a(alloc.o)
                0x00005a94                malloc
 .text._Csys_alloc
                0x00005b5c       0x20 c:/nxp/mcuxpressoide_10.3.0_2200/ide/plugins/com.nxp.mcuxpresso.tools.win32_10.3.0.201811011841/tools/bin/../lib/gcc/arm-none-eabi/7.3.1/../../../../arm-none-eabi/lib/thumb/v7e-m/fpv4-sp/hard\libcr_c.a(alloc.o)
                0x00005b5c                _Csys_alloc
 .text.fseek    0x00005b7c      0x100 c:/nxp/mcuxpressoide_10.3.0_2200/ide/plugins/com.nxp.mcuxpresso.tools.win32_10.3.0.201811011841/tools/bin/../lib/gcc/arm-none-eabi/7.3.1/../../../../arm-none-eabi/lib/thumb/v7e-m/fpv4-sp/hard\libcr_c.a(fseek.o)
                0x00005b7c                fseek
 .text.ftell    0x00005c7c       0x44 c:/nxp/mcuxpressoide_10.3.0_2200/ide/plugins/com.nxp.mcuxpresso.tools.win32_10.3.0.201811011841/tools/bin/../lib/gcc/arm-none-eabi/7.3.1/../../../../arm-none-eabi/lib/thumb/v7e-m/fpv4-sp/hard\libcr_c.a(ftell.o)
                0x00005c7c                ftell
 .text._initio  0x00005cc0       0x78 c:/nxp/mcuxpressoide_10.3.0_2200/ide/plugins/com.nxp.mcuxpresso.tools.win32_10.3.0.201811011841/tools/bin/../lib/gcc/arm-none-eabi/7.3.1/../../../../arm-none-eabi/lib/thumb/v7e-m/fpv4-sp/hard\libcr_c.a(initio.o)
                0x00005cc0                _initio
 .text.setvbuf  0x00005d38       0x40 c:/nxp/mcuxpressoide_10.3.0_2200/ide/plugins/com.nxp.mcuxpresso.tools.win32_10.3.0.201811011841/tools/bin/../lib/gcc/arm-none-eabi/7.3.1/../../../../arm-none-eabi/lib/thumb/v7e-m/fpv4-sp/hard\libcr_c.a(setvbuf.o)
                0x00005d38                setvbuf
 .text._sbrk    0x00005d78       0x3c c:/nxp/mcuxpressoide_10.3.0_2200/ide/plugins/com.nxp.mcuxpresso.tools.win32_10.3.0.201811011841/tools/bin/../lib/gcc/arm-none-eabi/7.3.1/../../../../arm-none-eabi/lib/thumb/v7e-m/fpv4-sp/hard\libcr_c.a(_cr_sbrk.o)
                0x00005d78                _sbrk
 .text.fflush   0x00005db4       0x44 c:/nxp/mcuxpressoide_10.3.0_2200/ide/plugins/com.nxp.mcuxpresso.tools.win32_10.3.0.201811011841/tools/bin/../lib/gcc/arm-none-eabi/7.3.1/../../../../arm-none-eabi/lib/thumb/v7e-m/fpv4-sp/hard\libcr_c.a(fflush.o)
                0x00005db4                fflush
 .text.__check_heap_overflow
                0x00005df8       0x18 c:/nxp/mcuxpressoide_10.3.0_2200/ide/plugins/com.nxp.mcuxpresso.tools.win32_10.3.0.201811011841/tools/bin/../lib/gcc/arm-none-eabi/7.3.1/../../../../arm-none-eabi/lib/thumb/v7e-m/fpv4-sp/hard\libcr_c.a(_cr_check_heap.o)
                0x00005df8                __check_heap_overflow
 .text.__aeabi_dmul
                0x00005e10      0x11c c:/nxp/mcuxpressoide_10.3.0_2200/ide/plugins/com.nxp.mcuxpresso.tools.win32_10.3.0.201811011841/tools/bin/../lib/gcc/arm-none-eabi/7.3.1/thumb/v7e-m/fpv4-sp/hard\libcr_eabihelpers.a(double.o)
                0x00005e10                __aeabi_dmul
 .text.__aeabi_ddiv
                0x00005f2c      0x138 c:/nxp/mcuxpressoide_10.3.0_2200/ide/plugins/com.nxp.mcuxpresso.tools.win32_10.3.0.201811011841/tools/bin/../lib/gcc/arm-none-eabi/7.3.1/thumb/v7e-m/fpv4-sp/hard\libcr_eabihelpers.a(double.o)
                0x00005f2c                __aeabi_ddiv
 .text.__aeabi_dsub
                0x00006064      0x1b4 c:/nxp/mcuxpressoide_10.3.0_2200/ide/plugins/com.nxp.mcuxpresso.tools.win32_10.3.0.201811011841/tools/bin/../lib/gcc/arm-none-eabi/7.3.1/thumb/v7e-m/fpv4-sp/hard\libcr_eabihelpers.a(double.o)
                0x00006064                __aeabi_dsub
 .text.__aeabi_dadd
                0x00006218      0x10c c:/nxp/mcuxpressoide_10.3.0_2200/ide/plugins/com.nxp.mcuxpresso.tools.win32_10.3.0.201811011841/tools/bin/../lib/gcc/arm-none-eabi/7.3.1/thumb/v7e-m/fpv4-sp/hard\libcr_eabihelpers.a(double.o)
                0x00006218                __aeabi_dadd
 .text.DMA0_IRQHandler
                0x00006324        0x8 ./startup/startup_mk64f12.o
                0x00006324                DMA0_IRQHandler
 .text.DMA1_IRQHandler
                0x0000632c        0x8 ./startup/startup_mk64f12.o
                0x0000632c                DMA1_IRQHandler
 .text.DMA2_IRQHandler
                0x00006334        0x8 ./startup/startup_mk64f12.o
                0x00006334                DMA2_IRQHandler
 .text.DMA3_IRQHandler
                0x0000633c        0x8 ./startup/startup_mk64f12.o
                0x0000633c                DMA3_IRQHandler
 .text.DMA4_IRQHandler
                0x00006344        0x8 ./startup/startup_mk64f12.o
                0x00006344                DMA4_IRQHandler
 .text.DMA5_IRQHandler
                0x0000634c        0x8 ./startup/startup_mk64f12.o
                0x0000634c                DMA5_IRQHandler
 .text.DMA6_IRQHandler
                0x00006354        0x8 ./startup/startup_mk64f12.o
                0x00006354                DMA6_IRQHandler
 .text.DMA7_IRQHandler
                0x0000635c        0x8 ./startup/startup_mk64f12.o
                0x0000635c                DMA7_IRQHandler
 .text.DMA8_IRQHandler
                0x00006364        0x8 ./startup/startup_mk64f12.o
                0x00006364                DMA8_IRQHandler
 .text.DMA9_IRQHandler
                0x0000636c        0x8 ./startup/startup_mk64f12.o
                0x0000636c                DMA9_IRQHandler
 .text.DMA10_IRQHandler
                0x00006374        0x8 ./startup/startup_mk64f12.o
                0x00006374                DMA10_IRQHandler
 .text.DMA11_IRQHandler
                0x0000637c        0x8 ./startup/startup_mk64f12.o
                0x0000637c                DMA11_IRQHandler
 .text.DMA12_IRQHandler
                0x00006384        0x8 ./startup/startup_mk64f12.o
                0x00006384                DMA12_IRQHandler
 .text.DMA13_IRQHandler
                0x0000638c        0x8 ./startup/startup_mk64f12.o
                0x0000638c                DMA13_IRQHandler
 .text.DMA14_IRQHandler
                0x00006394        0x8 ./startup/startup_mk64f12.o
                0x00006394                DMA14_IRQHandler
 .text.DMA15_IRQHandler
                0x0000639c        0x8 ./startup/startup_mk64f12.o
                0x0000639c                DMA15_IRQHandler
 .text.DMA_Error_IRQHandler
                0x000063a4        0x8 ./startup/startup_mk64f12.o
                0x000063a4                DMA_Error_IRQHandler
 .text.MCM_IRQHandler
                0x000063ac        0x8 ./startup/startup_mk64f12.o
                0x000063ac                MCM_IRQHandler
 .text.FTFE_IRQHandler
                0x000063b4        0x8 ./startup/startup_mk64f12.o
                0x000063b4                FTFE_IRQHandler
 .text.Read_Collision_IRQHandler
                0x000063bc        0x8 ./startup/startup_mk64f12.o
                0x000063bc                Read_Collision_IRQHandler
 .text.LVD_LVW_IRQHandler
                0x000063c4        0x8 ./startup/startup_mk64f12.o
                0x000063c4                LVD_LVW_IRQHandler
 .text.LLWU_IRQHandler
                0x000063cc        0x8 ./startup/startup_mk64f12.o
                0x000063cc                LLWU_IRQHandler
 .text.WDOG_EWM_IRQHandler
                0x000063d4        0x8 ./startup/startup_mk64f12.o
                0x000063d4                WDOG_EWM_IRQHandler
 .text.RNG_IRQHandler
                0x000063dc        0x8 ./startup/startup_mk64f12.o
                0x000063dc                RNG_IRQHandler
 .text.I2C0_IRQHandler
                0x000063e4        0x8 ./startup/startup_mk64f12.o
                0x000063e4                I2C0_IRQHandler
 .text.I2C1_IRQHandler
                0x000063ec        0x8 ./startup/startup_mk64f12.o
                0x000063ec                I2C1_IRQHandler
 .text.SPI0_IRQHandler
                0x000063f4        0x8 ./startup/startup_mk64f12.o
                0x000063f4                SPI0_IRQHandler
 .text.SPI1_IRQHandler
                0x000063fc        0x8 ./startup/startup_mk64f12.o
                0x000063fc                SPI1_IRQHandler
 .text.I2S0_Tx_IRQHandler
                0x00006404        0x8 ./startup/startup_mk64f12.o
                0x00006404                I2S0_Tx_IRQHandler
 .text.I2S0_Rx_IRQHandler
                0x0000640c        0x8 ./startup/startup_mk64f12.o
                0x0000640c                I2S0_Rx_IRQHandler
 .text.UART0_LON_IRQHandler
                0x00006414        0x8 ./startup/startup_mk64f12.o
                0x00006414                UART0_LON_IRQHandler
 .text.UART0_RX_TX_IRQHandler
                0x0000641c        0x8 ./startup/startup_mk64f12.o
                0x0000641c                UART0_RX_TX_IRQHandler
 .text.UART0_ERR_IRQHandler
                0x00006424        0x8 ./startup/startup_mk64f12.o
                0x00006424                UART0_ERR_IRQHandler
 .text.UART1_RX_TX_IRQHandler
                0x0000642c        0x8 ./startup/startup_mk64f12.o
                0x0000642c                UART1_RX_TX_IRQHandler
 .text.UART1_ERR_IRQHandler
                0x00006434        0x8 ./startup/startup_mk64f12.o
                0x00006434                UART1_ERR_IRQHandler
 .text.UART2_RX_TX_IRQHandler
                0x0000643c        0x8 ./startup/startup_mk64f12.o
                0x0000643c                UART2_RX_TX_IRQHandler
 .text.UART2_ERR_IRQHandler
                0x00006444        0x8 ./startup/startup_mk64f12.o
                0x00006444                UART2_ERR_IRQHandler
 .text.UART3_RX_TX_IRQHandler
                0x0000644c        0x8 ./startup/startup_mk64f12.o
                0x0000644c                UART3_RX_TX_IRQHandler
 .text.UART3_ERR_IRQHandler
                0x00006454        0x8 ./startup/startup_mk64f12.o
                0x00006454                UART3_ERR_IRQHandler
 .text.ADC0_IRQHandler
                0x0000645c        0x8 ./startup/startup_mk64f12.o
                0x0000645c                ADC0_IRQHandler
 .text.CMP0_IRQHandler
                0x00006464        0x8 ./startup/startup_mk64f12.o
                0x00006464                CMP0_IRQHandler
 .text.CMP1_IRQHandler
                0x0000646c        0x8 ./startup/startup_mk64f12.o
                0x0000646c                CMP1_IRQHandler
 .text.FTM0_IRQHandler
                0x00006474        0x8 ./startup/startup_mk64f12.o
                0x00006474                FTM0_IRQHandler
 .text.FTM1_IRQHandler
                0x0000647c        0x8 ./startup/startup_mk64f12.o
                0x0000647c                FTM1_IRQHandler
 .text.FTM2_IRQHandler
                0x00006484        0x8 ./startup/startup_mk64f12.o
                0x00006484                FTM2_IRQHandler
 .text.CMT_IRQHandler
                0x0000648c        0x8 ./startup/startup_mk64f12.o
                0x0000648c                CMT_IRQHandler
 .text.RTC_IRQHandler
                0x00006494        0x8 ./startup/startup_mk64f12.o
                0x00006494                RTC_IRQHandler
 .text.RTC_Seconds_IRQHandler
                0x0000649c        0x8 ./startup/startup_mk64f12.o
                0x0000649c                RTC_Seconds_IRQHandler
 .text.PIT1_IRQHandler
                0x000064a4        0x8 ./startup/startup_mk64f12.o
                0x000064a4                PIT1_IRQHandler
 .text.PIT2_IRQHandler
                0x000064ac        0x8 ./startup/startup_mk64f12.o
                0x000064ac                PIT2_IRQHandler
 .text.PIT3_IRQHandler
                0x000064b4        0x8 ./startup/startup_mk64f12.o
                0x000064b4                PIT3_IRQHandler
 .text.PDB0_IRQHandler
                0x000064bc        0x8 ./startup/startup_mk64f12.o
                0x000064bc                PDB0_IRQHandler
 .text.USB0_IRQHandler
                0x000064c4        0x8 ./startup/startup_mk64f12.o
                0x000064c4                USB0_IRQHandler
 .text.USBDCD_IRQHandler
                0x000064cc        0x8 ./startup/startup_mk64f12.o
                0x000064cc                USBDCD_IRQHandler
 .text.Reserved71_IRQHandler
                0x000064d4        0x8 ./startup/startup_mk64f12.o
                0x000064d4                Reserved71_IRQHandler
 .text.DAC0_IRQHandler
                0x000064dc        0x8 ./startup/startup_mk64f12.o
                0x000064dc                DAC0_IRQHandler
 .text.MCG_IRQHandler
                0x000064e4        0x8 ./startup/startup_mk64f12.o
                0x000064e4                MCG_IRQHandler
 .text.PORTA_IRQHandler
                0x000064ec        0x8 ./startup/startup_mk64f12.o
                0x000064ec                PORTA_IRQHandler
 .text.PORTC_IRQHandler
                0x000064f4        0x8 ./startup/startup_mk64f12.o
                0x000064f4                PORTC_IRQHandler
 .text.PORTD_IRQHandler
                0x000064fc        0x8 ./startup/startup_mk64f12.o
                0x000064fc                PORTD_IRQHandler
 .text.PORTE_IRQHandler
                0x00006504        0x8 ./startup/startup_mk64f12.o
                0x00006504                PORTE_IRQHandler
 .text.SWI_IRQHandler
                0x0000650c        0x8 ./startup/startup_mk64f12.o
                0x0000650c                SWI_IRQHandler
 .text.SPI2_IRQHandler
                0x00006514        0x8 ./startup/startup_mk64f12.o
                0x00006514                SPI2_IRQHandler
 .text.UART4_RX_TX_IRQHandler
                0x0000651c        0x8 ./startup/startup_mk64f12.o
                0x0000651c                UART4_RX_TX_IRQHandler
 .text.UART4_ERR_IRQHandler
                0x00006524        0x8 ./startup/startup_mk64f12.o
                0x00006524                UART4_ERR_IRQHandler
 .text.UART5_RX_TX_IRQHandler
                0x0000652c        0x8 ./startup/startup_mk64f12.o
                0x0000652c                UART5_RX_TX_IRQHandler
 .text.UART5_ERR_IRQHandler
                0x00006534        0x8 ./startup/startup_mk64f12.o
                0x00006534                UART5_ERR_IRQHandler
 .text.CMP2_IRQHandler
                0x0000653c        0x8 ./startup/startup_mk64f12.o
                0x0000653c                CMP2_IRQHandler
 .text.FTM3_IRQHandler
                0x00006544        0x8 ./startup/startup_mk64f12.o
                0x00006544                FTM3_IRQHandler
 .text.DAC1_IRQHandler
                0x0000654c        0x8 ./startup/startup_mk64f12.o
                0x0000654c                DAC1_IRQHandler
 .text.I2C2_IRQHandler
                0x00006554        0x8 ./startup/startup_mk64f12.o
                0x00006554                I2C2_IRQHandler
 .text.CAN0_ORed_Message_buffer_IRQHandler
                0x0000655c        0x8 ./startup/startup_mk64f12.o
                0x0000655c                CAN0_ORed_Message_buffer_IRQHandler
 .text.CAN0_Bus_Off_IRQHandler
                0x00006564        0x8 ./startup/startup_mk64f12.o
                0x00006564                CAN0_Bus_Off_IRQHandler
 .text.CAN0_Error_IRQHandler
                0x0000656c        0x8 ./startup/startup_mk64f12.o
                0x0000656c                CAN0_Error_IRQHandler
 .text.CAN0_Tx_Warning_IRQHandler
                0x00006574        0x8 ./startup/startup_mk64f12.o
                0x00006574                CAN0_Tx_Warning_IRQHandler
 .text.CAN0_Rx_Warning_IRQHandler
                0x0000657c        0x8 ./startup/startup_mk64f12.o
                0x0000657c                CAN0_Rx_Warning_IRQHandler
 .text.CAN0_Wake_Up_IRQHandler
                0x00006584        0x8 ./startup/startup_mk64f12.o
                0x00006584                CAN0_Wake_Up_IRQHandler
 .text.SDHC_IRQHandler
                0x0000658c        0x8 ./startup/startup_mk64f12.o
                0x0000658c                SDHC_IRQHandler
 .text.ENET_1588_Timer_IRQHandler
                0x00006594        0x8 ./startup/startup_mk64f12.o
                0x00006594                ENET_1588_Timer_IRQHandler
 .text.ENET_Transmit_IRQHandler
                0x0000659c        0x8 ./startup/startup_mk64f12.o
                0x0000659c                ENET_Transmit_IRQHandler
 .text.ENET_Receive_IRQHandler
                0x000065a4        0x8 ./startup/startup_mk64f12.o
                0x000065a4                ENET_Receive_IRQHandler
 .text.ENET_Error_IRQHandler
                0x000065ac        0x8 ./startup/startup_mk64f12.o
                0x000065ac                ENET_Error_IRQHandler
 .text.PIT_GetCurrentTimerCount
                0x000065b4       0x26 ./source/game/paint_map_fsm.o
 .text.matriscopy
                0x000065da       0x22 ./source/game/paint_map_fsm.o
                0x000065da                matriscopy
 .text.imagesoverlay
                0x000065fc      0x13c ./source/game/utilities.o
                0x000065fc                imagesoverlay
 .text.HardFault_Handler
                0x00006738       0x2c ./source/semihost_hardfault.o
                0x00006738                HardFault_Handler
 .text.Adafruit_GFX_writeLine
                0x00006764      0x146 ./drivers/custom/TFT/Adafruit_GFX.o
                0x00006764                Adafruit_GFX_writeLine
 .text.Adafruit_GFX_startWrite
                0x000068aa        0xe ./drivers/custom/TFT/Adafruit_GFX.o
                0x000068aa                Adafruit_GFX_startWrite
 .text.Adafruit_GFX_writePixel
                0x000068b8       0x2a ./drivers/custom/TFT/Adafruit_GFX.o
                0x000068b8                Adafruit_GFX_writePixel
 .text.Adafruit_GFX_writeFastVLine
                0x000068e2       0x38 ./drivers/custom/TFT/Adafruit_GFX.o
                0x000068e2                Adafruit_GFX_writeFastVLine
 .text.Adafruit_GFX_writeFillRect
                0x0000691a       0x40 ./drivers/custom/TFT/Adafruit_GFX.o
                0x0000691a                Adafruit_GFX_writeFillRect
 .text.Adafruit_GFX_endWrite
                0x0000695a        0xe ./drivers/custom/TFT/Adafruit_GFX.o
                0x0000695a                Adafruit_GFX_endWrite
 .text.Adafruit_GFX_drawFastVLine
                0x00006968       0x52 ./drivers/custom/TFT/Adafruit_GFX.o
                0x00006968                Adafruit_GFX_drawFastVLine
 .text.Adafruit_GFX_fillRect
                0x000069ba       0x64 ./drivers/custom/TFT/Adafruit_GFX.o
                0x000069ba                Adafruit_GFX_fillRect
 .text.Adafruit_GFX_write_String
                0x00006a1e       0x44 ./drivers/custom/TFT/Adafruit_GFX.o
                0x00006a1e                Adafruit_GFX_write_String
 .text.LCD_Delay_us
                0x00006a62       0x2e ./drivers/custom/TFT/MCUFRIEND_kbv.o
                0x00006a62                LCD_Delay_us
 .text.WriteCmdParam4
                0x00006a90       0x48 ./drivers/custom/TFT/MCUFRIEND_kbv.o
 .text.MCUFRIEND_kbv_pushCommand
                0x00006ad8       0x26 ./drivers/custom/TFT/MCUFRIEND_kbv.o
                0x00006ad8                MCUFRIEND_kbv_pushCommand
 .text.MCUFRIEND_kbv_readReg32
                0x00006afe       0x36 ./drivers/custom/TFT/MCUFRIEND_kbv.o
                0x00006afe                MCUFRIEND_kbv_readReg32
 .text.MCUFRIEND_kbv_readReg40
                0x00006b34       0x4e ./drivers/custom/TFT/MCUFRIEND_kbv.o
                0x00006b34                MCUFRIEND_kbv_readReg40
 .text.init_table
                0x00006b82       0xb2 ./drivers/custom/TFT/MCUFRIEND_kbv.o
 .text.CLOCK_EnableClock
                0x00006c34       0x34 ./drivers/custom/JOYSTICK/JOYSTICK.o
 .text.EnableIRQ
                0x00006c68       0x2c ./drivers/custom/JOYSTICK/JOYSTICK.o
 .text.ADC16_EnableHardwareTrigger
                0x00006c94       0x38 ./drivers/custom/JOYSTICK/JOYSTICK.o
 .text.PIT_EnableInterrupts
                0x00006ccc       0x3a ./drivers/custom/JOYSTICK/JOYSTICK.o
 .text.PIT_ClearStatusFlags
                0x00006d06       0x2a ./drivers/custom/JOYSTICK/JOYSTICK.o
 .text.PIT_SetTimerPeriod
                0x00006d30       0x28 ./drivers/custom/JOYSTICK/JOYSTICK.o
 .text.PIT_StartTimer
                0x00006d58       0x38 ./drivers/custom/JOYSTICK/JOYSTICK.o
 .text.CLOCK_EnableClock
                0x00006d90       0x34 ./drivers/custom/HAPTIC/BUTTON.o
 .text.GPIO_PortSet
                0x00006dc4       0x1c ./drivers/custom/HAPTIC/BUTTON.o
 .text.GPIO_PortClear
                0x00006de0       0x1c ./drivers/custom/HAPTIC/BUTTON.o
 .text.GPIO_PinRead
                0x00006dfc       0x24 ./drivers/custom/HAPTIC/BUTTON.o
 .text.PORT_SetPinInterruptConfig
                0x00006e20       0x3a ./drivers/custom/HAPTIC/BUTTON.o
 .text.LPTMR_EnableInterrupts
                0x00006e5a       0x32 ./drivers/custom/HAPTIC/BUTTON.o
 .text.LPTMR_ClearStatusFlags
                0x00006e8c       0x22 ./drivers/custom/HAPTIC/BUTTON.o
 .text.LPTMR_StartTimer
                0x00006eae       0x30 ./drivers/custom/HAPTIC/BUTTON.o
 .text.LPTMR_StopTimer
                0x00006ede       0x30 ./drivers/custom/HAPTIC/BUTTON.o
 .text.CLOCK_EnableClock
                0x00006f0e       0x34 ./drivers/fsl_adc16.o
 .text.ADC16_DoAutoCalibration
                0x00006f42      0x10a ./drivers/fsl_adc16.o
                0x00006f42                ADC16_DoAutoCalibration
 .text.ADC16_GetStatusFlags
                0x0000704c       0x42 ./drivers/fsl_adc16.o
                0x0000704c                ADC16_GetStatusFlags
 .text.CLOCK_EnableClock
                0x0000708e       0x34 ./drivers/fsl_clock.o
 .text.CLOCK_DisableClock
                0x000070c2       0x38 ./drivers/fsl_clock.o
 .text.OSC_SetExtRefClkConfig
                0x000070fa       0x34 ./drivers/fsl_clock.o
 .text.OSC_SetCapLoad
                0x0000712e       0x34 ./drivers/fsl_clock.o
 .text.DSPI_IsMaster
                0x00007162       0x1c ./drivers/fsl_dspi.o
 .text.GPIO_PinWrite
                0x0000717e       0x36 ./drivers/fsl_gpio.o
 .text.CLOCK_EnableClock
                0x000071b4       0x34 ./drivers/fsl_lptmr.o
 .text.CLOCK_EnableClock
                0x000071e8       0x34 ./drivers/fsl_pit.o
 .text.UART0_RX_TX_DriverIRQHandler
                0x0000721c       0x10 ./drivers/fsl_uart.o
                0x0000721c                UART0_RX_TX_DriverIRQHandler
 .text.UART1_RX_TX_DriverIRQHandler
                0x0000722c       0x10 ./drivers/fsl_uart.o
                0x0000722c                UART1_RX_TX_DriverIRQHandler
 .text.UART2_RX_TX_DriverIRQHandler
                0x0000723c       0x10 ./drivers/fsl_uart.o
                0x0000723c                UART2_RX_TX_DriverIRQHandler
 .text.UART3_RX_TX_DriverIRQHandler
                0x0000724c       0x10 ./drivers/fsl_uart.o
                0x0000724c                UART3_RX_TX_DriverIRQHandler
 .text.UART4_RX_TX_DriverIRQHandler
                0x0000725c       0x10 ./drivers/fsl_uart.o
                0x0000725c                UART4_RX_TX_DriverIRQHandler
 .text.UART5_RX_TX_DriverIRQHandler
                0x0000726c       0x10 ./drivers/fsl_uart.o
                0x0000726c                UART5_RX_TX_DriverIRQHandler
 .text.SystemInitHook
                0x0000727c        0xe ./device/system_MK64F12.o
                0x0000727c                SystemInitHook
 .text.CLOCK_EnableClock
                0x0000728a       0x34 ./board/clock_config.o
 .text.CLOCK_DisableClock
                0x000072be       0x38 ./board/clock_config.o
 .text.BOARD_InitBootClocks
                0x000072f6        0xc ./board/clock_config.o
                0x000072f6                BOARD_InitBootClocks
 .text.__main   0x00007302        0xe c:/nxp/mcuxpressoide_10.3.0_2200/ide/plugins/com.nxp.mcuxpresso.tools.win32_10.3.0.201811011841/tools/bin/../lib/gcc/arm-none-eabi/7.3.1/../../../../arm-none-eabi/lib/thumb/v7e-m/fpv4-sp/hard\libcr_semihost_nf.a(_cr__main.o)
                0x00007302                __CR_SEMIHOST
                0x00007302                __main
 .text.memcpy   0x00007310        0x4 c:/nxp/mcuxpressoide_10.3.0_2200/ide/plugins/com.nxp.mcuxpresso.tools.win32_10.3.0.201811011841/tools/bin/../lib/gcc/arm-none-eabi/7.3.1/../../../../arm-none-eabi/lib/thumb/v7e-m/fpv4-sp/hard\libcr_c.a(memcpy.o)
                0x00007310                memcpy
 .text.memset   0x00007314        0x4 c:/nxp/mcuxpressoide_10.3.0_2200/ide/plugins/com.nxp.mcuxpresso.tools.win32_10.3.0.201811011841/tools/bin/../lib/gcc/arm-none-eabi/7.3.1/../../../../arm-none-eabi/lib/thumb/v7e-m/fpv4-sp/hard\libcr_c.a(memset.o)
                0x00007314                memset
 .text._deferredlazyseek
                0x00007318       0x40 c:/nxp/mcuxpressoide_10.3.0_2200/ide/plugins/com.nxp.mcuxpresso.tools.win32_10.3.0.201811011841/tools/bin/../lib/gcc/arm-none-eabi/7.3.1/../../../../arm-none-eabi/lib/thumb/v7e-m/fpv4-sp/hard\libcr_c.a(_deferredlazyseek.o)
                0x00007318                _deferredlazyseek
 .text.__flsbuf
                0x00007358      0x140 c:/nxp/mcuxpressoide_10.3.0_2200/ide/plugins/com.nxp.mcuxpresso.tools.win32_10.3.0.201811011841/tools/bin/../lib/gcc/arm-none-eabi/7.3.1/../../../../arm-none-eabi/lib/thumb/v7e-m/fpv4-sp/hard\libcr_c.a(_deferredlazyseek.o)
                0x00007358                __flsbuf
 .text._fflush  0x00007498       0x52 c:/nxp/mcuxpressoide_10.3.0_2200/ide/plugins/com.nxp.mcuxpresso.tools.win32_10.3.0.201811011841/tools/bin/../lib/gcc/arm-none-eabi/7.3.1/../../../../arm-none-eabi/lib/thumb/v7e-m/fpv4-sp/hard\libcr_c.a(_fflush.o)
                0x00007498                _fflush
 .text.free     0x000074ea       0x30 c:/nxp/mcuxpressoide_10.3.0_2200/ide/plugins/com.nxp.mcuxpresso.tools.win32_10.3.0.201811011841/tools/bin/../lib/gcc/arm-none-eabi/7.3.1/../../../../arm-none-eabi/lib/thumb/v7e-m/fpv4-sp/hard\libcr_c.a(alloc.o)
                0x000074ea                free
 .text.fputs    0x0000751a       0x2c c:/nxp/mcuxpressoide_10.3.0_2200/ide/plugins/com.nxp.mcuxpresso.tools.win32_10.3.0.201811011841/tools/bin/../lib/gcc/arm-none-eabi/7.3.1/../../../../arm-none-eabi/lib/thumb/v7e-m/fpv4-sp/hard\libcr_c.a(fputs.o)
                0x0000751a                fputs
 .text.abs      0x00007546        0x8 c:/nxp/mcuxpressoide_10.3.0_2200/ide/plugins/com.nxp.mcuxpresso.tools.win32_10.3.0.201811011841/tools/bin/../lib/gcc/arm-none-eabi/7.3.1/../../../../arm-none-eabi/lib/thumb/v7e-m/fpv4-sp/hard\libcr_c.a(stdlib.o)
                0x00007546                abs
 .text.strlen   0x0000754e       0x4a c:/nxp/mcuxpressoide_10.3.0_2200/ide/plugins/com.nxp.mcuxpresso.tools.win32_10.3.0.201811011841/tools/bin/../lib/gcc/arm-none-eabi/7.3.1/../../../../arm-none-eabi/lib/thumb/v7e-m/fpv4-sp/hard\libcr_c.a(strlen.o)
                0x0000754e                strlen
 .text._fdopen  0x00007598       0x68 c:/nxp/mcuxpressoide_10.3.0_2200/ide/plugins/com.nxp.mcuxpresso.tools.win32_10.3.0.201811011841/tools/bin/../lib/gcc/arm-none-eabi/7.3.1/../../../../arm-none-eabi/lib/thumb/v7e-m/fpv4-sp/hard\libcr_c.a(_fdopen.o)
                0x00007598                _fdopen
 .text.fclose   0x00007600       0x58 c:/nxp/mcuxpressoide_10.3.0_2200/ide/plugins/com.nxp.mcuxpresso.tools.win32_10.3.0.201811011841/tools/bin/../lib/gcc/arm-none-eabi/7.3.1/../../../../arm-none-eabi/lib/thumb/v7e-m/fpv4-sp/hard\libcr_c.a(fclose.o)
                0x00007600                fclose
 .text.remove   0x00007658       0x14 c:/nxp/mcuxpressoide_10.3.0_2200/ide/plugins/com.nxp.mcuxpresso.tools.win32_10.3.0.201811011841/tools/bin/../lib/gcc/arm-none-eabi/7.3.1/../../../../arm-none-eabi/lib/thumb/v7e-m/fpv4-sp/hard\libcr_c.a(remove.o)
                0x00007658                remove
 .text._do_fflush
                0x0000766c       0x40 c:/nxp/mcuxpressoide_10.3.0_2200/ide/plugins/com.nxp.mcuxpresso.tools.win32_10.3.0.201811011841/tools/bin/../lib/gcc/arm-none-eabi/7.3.1/../../../../arm-none-eabi/lib/thumb/v7e-m/fpv4-sp/hard\libcr_c.a(_do_fflush.o)
                0x0000766c                _do_fflush
 .text.__aeabi_d2iz
                0x000076ac       0x40 c:/nxp/mcuxpressoide_10.3.0_2200/ide/plugins/com.nxp.mcuxpresso.tools.win32_10.3.0.201811011841/tools/bin/../lib/gcc/arm-none-eabi/7.3.1/thumb/v7e-m/fpv4-sp/hard\libcr_eabihelpers.a(double.o)
                0x000076ac                __aeabi_d2iz
 .text.__bhs_ui2d
                0x000076ec       0x46 c:/nxp/mcuxpressoide_10.3.0_2200/ide/plugins/com.nxp.mcuxpresso.tools.win32_10.3.0.201811011841/tools/bin/../lib/gcc/arm-none-eabi/7.3.1/thumb/v7e-m/fpv4-sp/hard\libcr_eabihelpers.a(double.o)
                0x000076ec                __bhs_ui2d
 .text.__aeabi_i2d
                0x00007732       0x12 c:/nxp/mcuxpressoide_10.3.0_2200/ide/plugins/com.nxp.mcuxpresso.tools.win32_10.3.0.201811011841/tools/bin/../lib/gcc/arm-none-eabi/7.3.1/thumb/v7e-m/fpv4-sp/hard\libcr_eabihelpers.a(double.o)
                0x00007732                __aeabi_i2d
 .text.__aeabi_dcmpeq
                0x00007744       0x30 c:/nxp/mcuxpressoide_10.3.0_2200/ide/plugins/com.nxp.mcuxpresso.tools.win32_10.3.0.201811011841/tools/bin/../lib/gcc/arm-none-eabi/7.3.1/thumb/v7e-m/fpv4-sp/hard\libcr_eabihelpers.a(double.o)
                0x00007744                __aeabi_dcmpeq
 .text.__aeabi_dcmplt
                0x00007774       0x58 c:/nxp/mcuxpressoide_10.3.0_2200/ide/plugins/com.nxp.mcuxpresso.tools.win32_10.3.0.201811011841/tools/bin/../lib/gcc/arm-none-eabi/7.3.1/thumb/v7e-m/fpv4-sp/hard\libcr_eabihelpers.a(double.o)
                0x00007774                __aeabi_dcmplt
 .text.__aeabi_dcmpgt
                0x000077cc       0x58 c:/nxp/mcuxpressoide_10.3.0_2200/ide/plugins/com.nxp.mcuxpresso.tools.win32_10.3.0.201811011841/tools/bin/../lib/gcc/arm-none-eabi/7.3.1/thumb/v7e-m/fpv4-sp/hard\libcr_eabihelpers.a(double.o)
                0x000077cc                __aeabi_dcmpgt
 .text.__aeabi_dcmple
                0x00007824       0x5a c:/nxp/mcuxpressoide_10.3.0_2200/ide/plugins/com.nxp.mcuxpresso.tools.win32_10.3.0.201811011841/tools/bin/../lib/gcc/arm-none-eabi/7.3.1/thumb/v7e-m/fpv4-sp/hard\libcr_eabihelpers.a(double.o)
                0x00007824                __aeabi_dcmple
 .text.__aeabi_dcmpge
                0x0000787e       0x58 c:/nxp/mcuxpressoide_10.3.0_2200/ide/plugins/com.nxp.mcuxpresso.tools.win32_10.3.0.201811011841/tools/bin/../lib/gcc/arm-none-eabi/7.3.1/thumb/v7e-m/fpv4-sp/hard\libcr_eabihelpers.a(double.o)
                0x0000787e                __aeabi_dcmpge
 .text.__aeabi_memcpy
                0x000078d6       0x34 c:/nxp/mcuxpressoide_10.3.0_2200/ide/plugins/com.nxp.mcuxpresso.tools.win32_10.3.0.201811011841/tools/bin/../lib/gcc/arm-none-eabi/7.3.1/thumb/v7e-m/fpv4-sp/hard\libcr_eabihelpers.a(memcpy.o)
                0x000078d6                __aeabi_memcpy
                0x000078e0                __aeabi_memcpy8
                0x000078e0                __aeabi_memcpy4
 .text.__aeabi_memset_lowlevel
                0x0000790a       0x32 c:/nxp/mcuxpressoide_10.3.0_2200/ide/plugins/com.nxp.mcuxpresso.tools.win32_10.3.0.201811011841/tools/bin/../lib/gcc/arm-none-eabi/7.3.1/thumb/v7e-m/fpv4-sp/hard\libcr_eabihelpers.a(memcpy.o)
                0x0000790a                __aeabi_lowlevel_memset
 .text.__sys_close
                0x0000793c        0xc c:/nxp/mcuxpressoide_10.3.0_2200/ide/plugins/com.nxp.mcuxpresso.tools.win32_10.3.0.201811011841/tools/bin/../lib/gcc/arm-none-eabi/7.3.1/../../../../arm-none-eabi/lib/thumb/v7e-m/fpv4-sp/hard\libcr_semihost_nf.a(__sys_close.o)
                0x0000793c                __sys_close
 .text.__sys_flen
                0x00007948        0xc c:/nxp/mcuxpressoide_10.3.0_2200/ide/plugins/com.nxp.mcuxpresso.tools.win32_10.3.0.201811011841/tools/bin/../lib/gcc/arm-none-eabi/7.3.1/../../../../arm-none-eabi/lib/thumb/v7e-m/fpv4-sp/hard\libcr_semihost_nf.a(__sys_flen.o)
                0x00007948                __sys_flen
 .text.__sys_istty
                0x00007954        0xc c:/nxp/mcuxpressoide_10.3.0_2200/ide/plugins/com.nxp.mcuxpresso.tools.win32_10.3.0.201811011841/tools/bin/../lib/gcc/arm-none-eabi/7.3.1/../../../../arm-none-eabi/lib/thumb/v7e-m/fpv4-sp/hard\libcr_semihost_nf.a(__sys_istty.o)
                0x00007954                __sys_istty
 .text.__sys_remove
                0x00007960        0xc c:/nxp/mcuxpressoide_10.3.0_2200/ide/plugins/com.nxp.mcuxpresso.tools.win32_10.3.0.201811011841/tools/bin/../lib/gcc/arm-none-eabi/7.3.1/../../../../arm-none-eabi/lib/thumb/v7e-m/fpv4-sp/hard\libcr_semihost_nf.a(__sys_remove.o)
                0x00007960                __sys_remove
 .text.__sys_seek
                0x0000796c        0xc c:/nxp/mcuxpressoide_10.3.0_2200/ide/plugins/com.nxp.mcuxpresso.tools.win32_10.3.0.201811011841/tools/bin/../lib/gcc/arm-none-eabi/7.3.1/../../../../arm-none-eabi/lib/thumb/v7e-m/fpv4-sp/hard\libcr_semihost_nf.a(__sys_seek.o)
                0x0000796c                __sys_seek
 .text.__sys_tmpnam
                0x00007978        0xc c:/nxp/mcuxpressoide_10.3.0_2200/ide/plugins/com.nxp.mcuxpresso.tools.win32_10.3.0.201811011841/tools/bin/../lib/gcc/arm-none-eabi/7.3.1/../../../../arm-none-eabi/lib/thumb/v7e-m/fpv4-sp/hard\libcr_semihost_nf.a(__sys_tmpnam.o)
                0x00007978                __sys_tmpnam
 .text.__sys_write
                0x00007984        0xc c:/nxp/mcuxpressoide_10.3.0_2200/ide/plugins/com.nxp.mcuxpresso.tools.win32_10.3.0.201811011841/tools/bin/../lib/gcc/arm-none-eabi/7.3.1/../../../../arm-none-eabi/lib/thumb/v7e-m/fpv4-sp/hard\libcr_semihost_nf.a(__sys_write.o)
                0x00007984                __sys_write
 *(SORT_BY_ALIGNMENT(.rodata) SORT_BY_ALIGNMENT(.rodata.*) SORT_BY_ALIGNMENT(.constdata) SORT_BY_ALIGNMENT(.constdata.*))
 .rodata.a1.5205
                0x00007990       0x88 c:/nxp/mcuxpressoide_10.3.0_2200/ide/plugins/com.nxp.mcuxpresso.tools.win32_10.3.0.201811011841/tools/bin/../lib/gcc/arm-none-eabi/7.3.1/../../../../arm-none-eabi/lib/thumb/v7e-m/fpv4-sp/hard\libcr_c.a(pow.o)
 .rodata.a2.5206
                0x00007a18       0x40 c:/nxp/mcuxpressoide_10.3.0_2200/ide/plugins/com.nxp.mcuxpresso.tools.win32_10.3.0.201811011841/tools/bin/../lib/gcc/arm-none-eabi/7.3.1/../../../../arm-none-eabi/lib/thumb/v7e-m/fpv4-sp/hard\libcr_c.a(pow.o)
 .rodata.__huge_val
                0x00007a58        0x8 c:/nxp/mcuxpressoide_10.3.0_2200/ide/plugins/com.nxp.mcuxpresso.tools.win32_10.3.0.201811011841/tools/bin/../lib/gcc/arm-none-eabi/7.3.1/../../../../arm-none-eabi/lib/thumb/v7e-m/fpv4-sp/hard\libcr_c.a(_hugeval.o)
                0x00007a58                __huge_val
 .rodata.angrybirds_regular20pt7bBitmaps
                0x00007a60     0x1407 ./source/game/game_fsm.o
                0x00007a60                angrybirds_regular20pt7bBitmaps
 *fill*         0x00008e67        0x1 ff
 .rodata.angrybirds_regular20pt7bGlyphs
                0x00008e68      0x2f8 ./source/game/game_fsm.o
                0x00008e68                angrybirds_regular20pt7bGlyphs
 .rodata.angrybirds_regular20pt7b
                0x00009160        0xc ./source/game/game_fsm.o
                0x00009160                angrybirds_regular20pt7b
 .rodata.angrybirds_regular12pt7bBitmaps
                0x0000916c      0x7c3 ./source/game/game_fsm.o
                0x0000916c                angrybirds_regular12pt7bBitmaps
 *fill*         0x0000992f        0x1 ff
 .rodata.angrybirds_regular12pt7bGlyphs
                0x00009930      0x2f8 ./source/game/game_fsm.o
                0x00009930                angrybirds_regular12pt7bGlyphs
 .rodata.angrybirds_regular12pt7b
                0x00009c28        0xc ./source/game/game_fsm.o
                0x00009c28                angrybirds_regular12pt7b
 .rodata        0x00009c34       0x45 ./source/game/game_fsm.o
 *fill*         0x00009c79        0x3 ff
 .rodata.Background
                0x00009c7c    0x25800 ./drivers/custom/TFT/images/Background.o
                0x00009c7c                Background
 .rodata.BirdOne
                0x0002f47c      0x200 ./drivers/custom/TFT/images/BirdOne.o
                0x0002f47c                BirdOne
 .rodata.BlockTwo
                0x0002f67c      0x200 ./drivers/custom/TFT/images/BlockTwo.o
                0x0002f67c                BlockTwo
 .rodata.Caratula_1
                0x0002f87c    0x25800 ./drivers/custom/TFT/images/Caratula1.o
                0x0002f87c                Caratula_1
 .rodata.DustFour
                0x0005507c      0x200 ./drivers/custom/TFT/images/DustFour.o
                0x0005507c                DustFour
 .rodata.DustOne
                0x0005527c      0x200 ./drivers/custom/TFT/images/DustOne.o
                0x0005527c                DustOne
 .rodata.DustThree
                0x0005547c      0x200 ./drivers/custom/TFT/images/DustThree.o
                0x0005547c                DustThree
 .rodata.DustTwo
                0x0005567c      0x200 ./drivers/custom/TFT/images/DustTwo.o
                0x0005567c                DustTwo
 .rodata.PigOne
                0x0005587c      0x200 ./drivers/custom/TFT/images/PigOne.o
                0x0005587c                PigOne
 .rodata.PigThree
                0x00055a7c      0x200 ./drivers/custom/TFT/images/PigThree.o
                0x00055a7c                PigThree
 .rodata.PigTwo
                0x00055c7c      0x200 ./drivers/custom/TFT/images/PigTwo.o
                0x00055c7c                PigTwo
 .rodata.white  0x00055e7c      0x200 ./drivers/custom/TFT/images/white.o
                0x00055e7c                white
 .rodata.font   0x0005607c      0x500 ./drivers/custom/TFT/Adafruit_GFX.o
 .rodata        0x0005657c        0x3 ./drivers/custom/TFT/MCUFRIEND_kbv.o
 *fill*         0x0005657f        0x1 ff
 .rodata.ILI9341_regValues_2_4.7352
                0x00056580       0x65 ./drivers/custom/TFT/MCUFRIEND_kbv.o
 *fill*         0x000565e5        0x3 ff
 .rodata.reset_off.7354
                0x000565e8        0x9 ./drivers/custom/TFT/MCUFRIEND_kbv.o
 *fill*         0x000565f1        0x3 ff
 .rodata.wake_on.7355
                0x000565f4        0x6 ./drivers/custom/TFT/MCUFRIEND_kbv.o
 *fill*         0x000565fa        0x2 ff
 .rodata        0x000565fc       0x62 ./drivers/custom/JOYSTICK/JOYSTICK.o
 *fill*         0x0005665e        0x2 ff
 .rodata        0x00056660       0x4b ./drivers/custom/HAPTIC/BUTTON.o
 *fill*         0x000566ab        0x1 ff
 .rodata.s_adc16Bases
                0x000566ac        0x8 ./drivers/fsl_adc16.o
 .rodata.s_adc16Clocks
                0x000566b4        0x8 ./drivers/fsl_adc16.o
 .rodata        0x000566bc      0x13a ./drivers/fsl_adc16.o
 *fill*         0x000567f6        0x2 ff
 .rodata        0x000567f8      0x149 ./drivers/fsl_clock.o
 *fill*         0x00056941        0x3 ff
 .rodata        0x00056944      0x509 ./drivers/fsl_dspi.o
 *fill*         0x00056e4d        0x3 ff
 .rodata        0x00056e50      0xbf0 ./drivers/fsl_edma.o
 .rodata.s_portBases
                0x00057a40       0x14 ./drivers/fsl_gpio.o
 .rodata.s_gpioBases
                0x00057a54       0x14 ./drivers/fsl_gpio.o
 .rodata        0x00057a68       0x63 ./drivers/fsl_gpio.o
 *fill*         0x00057acb        0x1 ff
 .rodata        0x00057acc       0x88 ./drivers/fsl_lptmr.o
 .rodata        0x00057b54       0x5d ./drivers/fsl_pit.o
 *fill*         0x00057bb1        0x3 ff
 .rodata.mcgConfig_BOARD_BootClockRUN
                0x00057bb4        0xb ./board/clock_config.o
                0x00057bb4                mcgConfig_BOARD_BootClockRUN
 *fill*         0x00057bbf        0x1 ff
 .rodata.simConfig_BOARD_BootClockRUN
                0x00057bc0        0x8 ./board/clock_config.o
                0x00057bc0                simConfig_BOARD_BootClockRUN
 .rodata.oscConfig_BOARD_BootClockRUN
                0x00057bc8        0x8 ./board/clock_config.o
                0x00057bc8                oscConfig_BOARD_BootClockRUN
 .rodata.__num_Ciob_streams
                0x00057bd0        0x4 c:/nxp/mcuxpressoide_10.3.0_2200/ide/plugins/com.nxp.mcuxpresso.tools.win32_10.3.0.201811011841/tools/bin/../lib/gcc/arm-none-eabi/7.3.1/../../../../arm-none-eabi/lib/thumb/v7e-m/fpv4-sp/hard\libcr_semihost_nf.a(__ciob.o)
                0x00057bd0                __num_Ciob_streams
 .rodata.__assertion_failed.str1.1
                0x00057bd4       0x15 c:/nxp/mcuxpressoide_10.3.0_2200/ide/plugins/com.nxp.mcuxpresso.tools.win32_10.3.0.201811011841/tools/bin/../lib/gcc/arm-none-eabi/7.3.1/../../../../arm-none-eabi/lib/thumb/v7e-m/fpv4-sp/hard\libcr_semihost_nf.a(_cr_assert.o)
 .rodata._Csys_alloc.str1.1
                0x00057be9       0x18 c:/nxp/mcuxpressoide_10.3.0_2200/ide/plugins/com.nxp.mcuxpresso.tools.win32_10.3.0.201811011841/tools/bin/../lib/gcc/arm-none-eabi/7.3.1/../../../../arm-none-eabi/lib/thumb/v7e-m/fpv4-sp/hard\libcr_c.a(alloc.o)
 .rodata._initio.str1.1
                0x00057c01        0x4 c:/nxp/mcuxpressoide_10.3.0_2200/ide/plugins/com.nxp.mcuxpresso.tools.win32_10.3.0.201811011841/tools/bin/../lib/gcc/arm-none-eabi/7.3.1/../../../../arm-none-eabi/lib/thumb/v7e-m/fpv4-sp/hard\libcr_c.a(initio.o)
                0x00057c08                . = ALIGN (0x8)
 *fill*         0x00057c05        0x3 ff

.glue_7         0x00057c08        0x0
 .glue_7        0x00057c08        0x0 linker stubs

.glue_7t        0x00057c08        0x0
 .glue_7t       0x00057c08        0x0 linker stubs

.vfp11_veneer   0x00057c08        0x0
 .vfp11_veneer  0x00057c08        0x0 linker stubs

.v4_bx          0x00057c08        0x0
 .v4_bx         0x00057c08        0x0 linker stubs

.iplt           0x00057c08        0x0
 .iplt          0x00057c08        0x0 ./startup/startup_mk64f12.o

.rel.dyn        0x00057c08        0x0
 .rel.iplt      0x00057c08        0x0 ./startup/startup_mk64f12.o

.ARM.extab
 *(SORT_BY_ALIGNMENT(.ARM.extab*) SORT_BY_ALIGNMENT(.gnu.linkonce.armextab.*))
                0x00057c08                __exidx_start = .

.ARM.exidx
 *(SORT_BY_ALIGNMENT(.ARM.exidx*) SORT_BY_ALIGNMENT(.gnu.linkonce.armexidx.*))
                0x00057c08                __exidx_end = .
                0x00057c08                _etext = .

.m_usb_data
 *(SORT_BY_ALIGNMENT(m_usb_bdt))

.data_RAM2      0x1fff0000        0x0 load address 0x00057c08
 FILL mask 0xff
                [!provide]                PROVIDE (__start_data_RAM2 = .)
 *(SORT_BY_ALIGNMENT(.ramfunc.$RAM2))
 *(SORT_BY_ALIGNMENT(.ramfunc.$SRAM_LOWER))
 *(SORT_BY_ALIGNMENT(.data.$RAM2*))
 *(SORT_BY_ALIGNMENT(.data.$SRAM_LOWER*))
                0x1fff0000                . = ALIGN (0x8)
                [!provide]                PROVIDE (__end_data_RAM2 = .)

.data_RAM3      0x14000000        0x0 load address 0x00057c08
 FILL mask 0xff
                [!provide]                PROVIDE (__start_data_RAM3 = .)
 *(SORT_BY_ALIGNMENT(.ramfunc.$RAM3))
 *(SORT_BY_ALIGNMENT(.ramfunc.$FLEX_RAM))
 *(SORT_BY_ALIGNMENT(.data.$RAM3*))
 *(SORT_BY_ALIGNMENT(.data.$FLEX_RAM*))
                0x14000000                . = ALIGN (0x8)
                [!provide]                PROVIDE (__end_data_RAM3 = .)

.uninit_RESERVED
                0x20000000        0x0
 *(SORT_BY_ALIGNMENT(.bss.$RESERVED*))
                0x20000000                . = ALIGN (0x4)
                0x20000000                _end_uninit_RESERVED = .

.data           0x20000000       0xc0 load address 0x00057c08
 FILL mask 0xff
                0x20000000                _data = .
 *(SORT_BY_ALIGNMENT(vtable))
 *(SORT_BY_ALIGNMENT(.ramfunc*))
 *(SORT_BY_ALIGNMENT(.data*))
 .data.JoysticValueX
                0x20000000        0x4 ./source/game/fix_shot_fsm.o
                0x20000000                JoysticValueX
 .data.JoysticValueY
                0x20000004        0x4 ./source/game/fix_shot_fsm.o
                0x20000004                JoysticValueY
 .data.piggs    0x20000008        0xc ./source/game/paint_map_fsm.o
                0x20000008                piggs
 .data.matrix_pigs0
                0x20000014       0x18 ./source/game/paint_map_fsm.o
                0x20000014                matrix_pigs0
 .data.matrix_blocks0
                0x2000002c       0x18 ./source/game/paint_map_fsm.o
                0x2000002c                matrix_blocks0
 .data.matrix_pigs1
                0x20000044       0x18 ./source/game/paint_map_fsm.o
                0x20000044                matrix_pigs1
 .data.matrix_blocks1
                0x2000005c       0x18 ./source/game/paint_map_fsm.o
                0x2000005c                matrix_blocks1
 .data.matrix_pigs2
                0x20000074       0x18 ./source/game/paint_map_fsm.o
                0x20000074                matrix_pigs2
 .data.matrix_blocks2
                0x2000008c       0x18 ./source/game/paint_map_fsm.o
                0x2000008c                matrix_blocks2
 .data.SystemCoreClock
                0x200000a4        0x4 ./device/system_MK64F12.o
                0x200000a4                SystemCoreClock
 .data._width   0x200000a8        0x2 ./drivers/custom/TFT/Adafruit_GFX.o
                0x200000a8                _width
 .data._height  0x200000aa        0x2 ./drivers/custom/TFT/Adafruit_GFX.o
                0x200000aa                _height
 .data.textcolor
                0x200000ac        0x2 ./drivers/custom/TFT/Adafruit_GFX.o
                0x200000ac                textcolor
 .data.textbgcolor
                0x200000ae        0x2 ./drivers/custom/TFT/Adafruit_GFX.o
                0x200000ae                textbgcolor
 .data.WIDTH    0x200000b0        0x2 ./drivers/custom/TFT/MCUFRIEND_kbv.o
 .data.HEIGHT   0x200000b2        0x2 ./drivers/custom/TFT/MCUFRIEND_kbv.o
 .data.width    0x200000b4        0x2 ./drivers/custom/TFT/MCUFRIEND_kbv.o
 .data.height   0x200000b6        0x2 ./drivers/custom/TFT/MCUFRIEND_kbv.o
 .data.textsize
                0x200000b8        0x1 ./drivers/custom/TFT/Adafruit_GFX.o
                0x200000b8                textsize
 .data.wrap     0x200000b9        0x1 ./drivers/custom/TFT/Adafruit_GFX.o
                0x200000b9                wrap
                0x200000c0                . = ALIGN (0x8)
 *fill*         0x200000ba        0x6 ff
                0x200000c0                _edata = .

.igot.plt       0x200000c0        0x0 load address 0x00057cc8
 .igot.plt      0x200000c0        0x0 ./startup/startup_mk64f12.o

.bss_RAM2       0x1fff0000        0x0
                [!provide]                PROVIDE (__start_bss_RAM2 = .)
 *(SORT_BY_ALIGNMENT(.bss.$RAM2*))
 *(SORT_BY_ALIGNMENT(.bss.$SRAM_LOWER*))
                0x1fff0000                . = ALIGN ((. != 0x0)?0x8:0x1)
                [!provide]                PROVIDE (__end_bss_RAM2 = .)

.bss_RAM3       0x14000000        0x0
                [!provide]                PROVIDE (__start_bss_RAM3 = .)
 *(SORT_BY_ALIGNMENT(.bss.$RAM3*))
 *(SORT_BY_ALIGNMENT(.bss.$FLEX_RAM*))
                0x14000000                . = ALIGN ((. != 0x0)?0x8:0x1)
                [!provide]                PROVIDE (__end_bss_RAM3 = .)

.bss            0x200000c0     0x1a10
                0x200000c0                _bss = .
 *(SORT_BY_ALIGNMENT(.bss*))
 .bss.Time      0x200000c0        0x8 ./source/game/shot_bird_fsm.o
                0x200000c0                Time
 .bss.NextYposition
                0x200000c8        0x8 ./source/game/shot_bird_fsm.o
                0x200000c8                NextYposition
 .bss.NextXposition
                0x200000d0        0x8 ./source/game/shot_bird_fsm.o
                0x200000d0                NextXposition
 .bss.Ypos      0x200000d8        0x8 ./source/game/shot_bird_fsm.o
                0x200000d8                Ypos
 .bss.Xpos      0x200000e0        0x8 ./source/game/shot_bird_fsm.o
                0x200000e0                Xpos
 .bss.Counter   0x200000e8        0x8 ./source/game/shot_bird_fsm.o
                0x200000e8                Counter
 .bss.remaining_shots
                0x200000f0        0x4 ./source/game/game_fsm.o
                0x200000f0                remaining_shots
 .bss.coorDustx
                0x200000f4        0x4 ./source/game/game_fsm.o
                0x200000f4                coorDustx
 .bss.coorDusty
                0x200000f8        0x4 ./source/game/game_fsm.o
                0x200000f8                coorDusty
 .bss.PigToKill
                0x200000fc        0x4 ./source/game/game_fsm.o
                0x200000fc                PigToKill
 .bss.BlockToDestroy
                0x20000100        0x4 ./source/game/game_fsm.o
                0x20000100                BlockToDestroy
 .bss.actual_sprint_buffer
                0x20000104     0x1800 ./source/game/game_fsm.o
                0x20000104                actual_sprint_buffer
 .bss.world     0x20001904        0x4 ./source/game/game_fsm.o
                0x20001904                world
 .bss.matrix_pigs
                0x20001908       0x18 ./source/game/paint_map_fsm.o
                0x20001908                matrix_pigs
 .bss.matrix_blocks
                0x20001920       0x18 ./source/game/paint_map_fsm.o
                0x20001920                matrix_blocks
 .bss.gfxFont   0x20001938        0x4 ./drivers/custom/TFT/Adafruit_GFX.o
                0x20001938                gfxFont
 .bss.JOYSTICK_ChannelConfigStruct
                0x2000193c        0x8 ./drivers/custom/JOYSTICK/JOYSTICK.o
                0x2000193c                JOYSTICK_ChannelConfigStruct
 .bss.joystick  0x20001944        0x8 ./drivers/custom/JOYSTICK/JOYSTICK.o
                0x20001944                joystick
 .bss._interrupt_flag
                0x2000194c        0x4 ./drivers/custom/GLOBAL.o
                0x2000194c                _interrupt_flag
 .bss.g_xtal0Freq
                0x20001950        0x4 ./drivers/fsl_clock.o
                0x20001950                g_xtal0Freq
 .bss.g_dspiHandle
                0x20001954        0xc ./drivers/fsl_dspi.o
 .bss.s_dspiMasterIsr
                0x20001960        0x4 ./drivers/fsl_dspi.o
 .bss.s_dspiSlaveIsr
                0x20001964        0x4 ./drivers/fsl_dspi.o
 .bss.s_EDMAHandle
                0x20001968       0x40 ./drivers/fsl_edma.o
 .bss.s_i2cHandle
                0x200019a8        0xc ./drivers/fsl_i2c.o
 .bss.s_i2cMasterIsr
                0x200019b4        0x4 ./drivers/fsl_i2c.o
 .bss.s_i2cSlaveIsr
                0x200019b8        0x4 ./drivers/fsl_i2c.o
 .bss.s_uartHandle
                0x200019bc       0x18 ./drivers/fsl_uart.o
 .bss.s_uartIsr
                0x200019d4        0x4 ./drivers/fsl_uart.o
 .bss.__Ciob    0x200019d8       0xb4 c:/nxp/mcuxpressoide_10.3.0_2200/ide/plugins/com.nxp.mcuxpresso.tools.win32_10.3.0.201811011841/tools/bin/../lib/gcc/arm-none-eabi/7.3.1/../../../../arm-none-eabi/lib/thumb/v7e-m/fpv4-sp/hard\libcr_semihost_nf.a(__ciob.o)
                0x200019d8                __Ciob
 .bss.__end_of_heap
                0x20001a8c        0x4 c:/nxp/mcuxpressoide_10.3.0_2200/ide/plugins/com.nxp.mcuxpresso.tools.win32_10.3.0.201811011841/tools/bin/../lib/gcc/arm-none-eabi/7.3.1/../../../../arm-none-eabi/lib/thumb/v7e-m/fpv4-sp/hard\libcr_c.a(__init_alloc.o)
                0x20001a8c                __end_of_heap
 .bss.__heaps   0x20001a90        0x4 c:/nxp/mcuxpressoide_10.3.0_2200/ide/plugins/com.nxp.mcuxpresso.tools.win32_10.3.0.201811011841/tools/bin/../lib/gcc/arm-none-eabi/7.3.1/../../../../arm-none-eabi/lib/thumb/v7e-m/fpv4-sp/hard\libcr_c.a(__init_alloc.o)
                0x20001a90                __heaps
 .bss.errno     0x20001a94        0x4 c:/nxp/mcuxpressoide_10.3.0_2200/ide/plugins/com.nxp.mcuxpresso.tools.win32_10.3.0.201811011841/tools/bin/../lib/gcc/arm-none-eabi/7.3.1/../../../../arm-none-eabi/lib/thumb/v7e-m/fpv4-sp/hard\libcr_c.a(errno.o)
                0x20001a94                errno
 .bss.LastX     0x20001a98        0x2 ./source/game/fix_shot_fsm.o
                0x20001a98                LastX
 .bss.LastY     0x20001a9a        0x2 ./source/game/fix_shot_fsm.o
                0x20001a9a                LastY
 .bss.left_span
                0x20001a9c        0x2 ./source/game/fix_shot_fsm.o
                0x20001a9c                left_span
 .bss.rigth_span
                0x20001a9e        0x2 ./source/game/fix_shot_fsm.o
                0x20001a9e                rigth_span
 .bss.up_span   0x20001aa0        0x2 ./source/game/fix_shot_fsm.o
                0x20001aa0                up_span
 .bss.down_span
                0x20001aa2        0x2 ./source/game/fix_shot_fsm.o
                0x20001aa2                down_span
 .bss.cursor_y  0x20001aa4        0x2 ./drivers/custom/TFT/Adafruit_GFX.o
                0x20001aa4                cursor_y
 .bss.cursor_x  0x20001aa6        0x2 ./drivers/custom/TFT/Adafruit_GFX.o
                0x20001aa6                cursor_x
 .bss._lcd_xor  0x20001aa8        0x2 ./drivers/custom/TFT/MCUFRIEND_kbv.o
                0x20001aa8                _lcd_xor
 .bss._lcd_capable
                0x20001aaa        0x2 ./drivers/custom/TFT/MCUFRIEND_kbv.o
                0x20001aaa                _lcd_capable
 .bss._lcd_ID   0x20001aac        0x2 ./drivers/custom/TFT/MCUFRIEND_kbv.o
                0x20001aac                _lcd_ID
 .bss._lcd_rev  0x20001aae        0x2 ./drivers/custom/TFT/MCUFRIEND_kbv.o
                0x20001aae                _lcd_rev
 .bss._lcd_madctl
                0x20001ab0        0x2 ./drivers/custom/TFT/MCUFRIEND_kbv.o
                0x20001ab0                _lcd_madctl
 .bss._MC       0x20001ab2        0x2 ./drivers/custom/TFT/MCUFRIEND_kbv.o
                0x20001ab2                _MC
 .bss._MP       0x20001ab4        0x2 ./drivers/custom/TFT/MCUFRIEND_kbv.o
                0x20001ab4                _MP
 .bss._MW       0x20001ab6        0x2 ./drivers/custom/TFT/MCUFRIEND_kbv.o
                0x20001ab6                _MW
 .bss._SC       0x20001ab8        0x2 ./drivers/custom/TFT/MCUFRIEND_kbv.o
                0x20001ab8                _SC
 .bss._EC       0x20001aba        0x2 ./drivers/custom/TFT/MCUFRIEND_kbv.o
                0x20001aba                _EC
 .bss._SP       0x20001abc        0x2 ./drivers/custom/TFT/MCUFRIEND_kbv.o
                0x20001abc                _SP
 .bss._EP       0x20001abe        0x2 ./drivers/custom/TFT/MCUFRIEND_kbv.o
                0x20001abe                _EP
 .bss.rotation  0x20001ac0        0x2 ./drivers/custom/TFT/MCUFRIEND_kbv.o
 .bss.adc16_data
                0x20001ac2        0x2 ./drivers/custom/JOYSTICK/JOYSTICK.o
                0x20001ac2                adc16_data
 .bss.killPig   0x20001ac4        0x1 ./source/game/game_fsm.o
                0x20001ac4                killPig
 .bss.destroyBlock
                0x20001ac5        0x1 ./source/game/game_fsm.o
                0x20001ac5                destroyBlock
 .bss.game_state
                0x20001ac6        0x1 ./source/game/game_fsm.o
                0x20001ac6                game_state
 .bss.counter   0x20001ac7        0x1 ./source/game/paint_dust_fsm.o
                0x20001ac7                counter
 .bss.rotation  0x20001ac8        0x1 ./drivers/custom/TFT/Adafruit_GFX.o
                0x20001ac8                rotation
 .bss._cp437    0x20001ac9        0x1 ./drivers/custom/TFT/Adafruit_GFX.o
                0x20001ac9                _cp437
 .bss.done_reset
                0x20001aca        0x1 ./drivers/custom/TFT/MCUFRIEND_kbv.o
 .bss.is8347    0x20001acb        0x1 ./drivers/custom/TFT/MCUFRIEND_kbv.o
 .bss.joystick_dir
                0x20001acc        0x1 ./drivers/custom/JOYSTICK/JOYSTICK.o
                0x20001acc                joystick_dir
 .bss.time_HAPTICflag
                0x20001acd        0x1 ./drivers/custom/HAPTIC/BUTTON.o
 *(SORT_BY_ALIGNMENT(COMMON))
                0x20001ad0                . = ALIGN (0x8)
 *fill*         0x20001ace        0x2 
                0x20001ad0                _ebss = .
                [!provide]                PROVIDE (end = .)

.noinit_RAM2    0x1fff0000        0x0
 *(SORT_BY_ALIGNMENT(.noinit.$RAM2*))
 *(SORT_BY_ALIGNMENT(.noinit.$SRAM_LOWER*))
                0x1fff0000                . = ALIGN (0x8)

.noinit_RAM3    0x14000000        0x0
 *(SORT_BY_ALIGNMENT(.noinit.$RAM3*))
 *(SORT_BY_ALIGNMENT(.noinit.$FLEX_RAM*))
                0x14000000                . = ALIGN (0x8)

.noinit         0x20001ad0        0x0
                0x20001ad0                _noinit = .
 *(SORT_BY_ALIGNMENT(.noinit*))
                0x20001ad0                . = ALIGN (0x8)
                0x20001ad0                _end_noinit = .
                0x00001000                _HeapSize = 0x1000

.heap           0x20001ad0     0x1000
                0x20001ad0                _pvHeapStart = .
                0x20002ad0                . = (. + _HeapSize)
 *fill*         0x20001ad0     0x1000 
                0x20002ad0                . = ALIGN (0x8)
                0x20002ad0                _pvHeapLimit = .
                0x00001000                _StackSize = 0x1000

.heap2stackfill
                0x20002ad0     0x1000
                0x20003ad0                . = (. + _StackSize)
 *fill*         0x20002ad0     0x1000 

.stack          0x2002f000        0x0
                0x2002f000                _vStackBase = .
                0x2002f000                . = ALIGN (0x8)
                0x20030000                _vStackTop = (. + _StackSize)
                0x00000000                _image_start = LOADADDR (.text)
                0x00057cc8                _image_end = (LOADADDR (.data) + SIZEOF (.data))
                0x00057cc8                _image_size = (_image_end - _image_start)
OUTPUT(AngryBirdsV2.axf elf32-littlearm)

.debug_info     0x00000000    0x16c84
 .debug_info    0x00000000      0x8b0 ./startup/startup_mk64f12.o
 .debug_info    0x000008b0      0x7f2 ./source/game/fix_shot_fsm.o
 .debug_info    0x000010a2      0x9de ./source/game/game_fsm.o
 .debug_info    0x00001a80      0x77e ./source/game/paint_dust_fsm.o
 .debug_info    0x000021fe      0xaa4 ./source/game/paint_map_fsm.o
 .debug_info    0x00002ca2      0x874 ./source/game/shot_bird_fsm.o
 .debug_info    0x00003516      0x1e7 ./source/game/utilities.o
 .debug_info    0x000036fd      0x863 ./source/AngryBirdsV2.o
 .debug_info    0x00003f60       0x3b ./source/semihost_hardfault.o
 .debug_info    0x00003f9b       0x5e ./drivers/custom/TFT/images/Background.o
 .debug_info    0x00003ff9       0x5b ./drivers/custom/TFT/images/BirdOne.o
 .debug_info    0x00004054       0x5b ./drivers/custom/TFT/images/BlockTwo.o
 .debug_info    0x000040af       0x5e ./drivers/custom/TFT/images/Caratula1.o
 .debug_info    0x0000410d       0x5b ./drivers/custom/TFT/images/DustFour.o
 .debug_info    0x00004168       0x5b ./drivers/custom/TFT/images/DustOne.o
 .debug_info    0x000041c3       0x5b ./drivers/custom/TFT/images/DustThree.o
 .debug_info    0x0000421e       0x5b ./drivers/custom/TFT/images/DustTwo.o
 .debug_info    0x00004279       0x5b ./drivers/custom/TFT/images/PigOne.o
 .debug_info    0x000042d4       0x5b ./drivers/custom/TFT/images/PigThree.o
 .debug_info    0x0000432f       0x5b ./drivers/custom/TFT/images/PigTwo.o
 .debug_info    0x0000438a       0x5b ./drivers/custom/TFT/images/white.o
 .debug_info    0x000043e5     0x162c ./drivers/custom/TFT/Adafruit_GFX.o
 .debug_info    0x00005a11     0x114f ./drivers/custom/TFT/MCUFRIEND_kbv.o
 .debug_info    0x00006b60      0x3d2 ./drivers/custom/TFT/TFT_config.o
 .debug_info    0x00006f32     0x1396 ./drivers/custom/JOYSTICK/JOYSTICK.o
 .debug_info    0x000082c8     0x11f3 ./drivers/custom/HAPTIC/BUTTON.o
 .debug_info    0x000094bb      0x13e ./drivers/custom/GLOBAL.o
 .debug_info    0x000095f9      0xdc7 ./drivers/fsl_adc16.o
 .debug_info    0x0000a3c0     0x1f24 ./drivers/fsl_clock.o
 .debug_info    0x0000c2e4     0x234f ./drivers/fsl_dspi.o
 .debug_info    0x0000e633     0x2082 ./drivers/fsl_edma.o
 .debug_info    0x000106b5      0x664 ./drivers/fsl_gpio.o
 .debug_info    0x00010d19     0x1cb4 ./drivers/fsl_i2c.o
 .debug_info    0x000129cd      0x890 ./drivers/fsl_lptmr.o
 .debug_info    0x0001325d      0x742 ./drivers/fsl_pit.o
 .debug_info    0x0001399f     0x1a78 ./drivers/fsl_uart.o
 .debug_info    0x00015417      0x630 ./device/system_MK64F12.o
 .debug_info    0x00015a47     0x123d ./board/clock_config.o

.debug_abbrev   0x00000000     0x36df
 .debug_abbrev  0x00000000      0x15c ./startup/startup_mk64f12.o
 .debug_abbrev  0x0000015c      0x183 ./source/game/fix_shot_fsm.o
 .debug_abbrev  0x000002df      0x1a1 ./source/game/game_fsm.o
 .debug_abbrev  0x00000480      0x155 ./source/game/paint_dust_fsm.o
 .debug_abbrev  0x000005d5      0x238 ./source/game/paint_map_fsm.o
 .debug_abbrev  0x0000080d      0x187 ./source/game/shot_bird_fsm.o
 .debug_abbrev  0x00000994       0xd0 ./source/game/utilities.o
 .debug_abbrev  0x00000a64      0x18d ./source/AngryBirdsV2.o
 .debug_abbrev  0x00000bf1       0x2f ./source/semihost_hardfault.o
 .debug_abbrev  0x00000c20       0x48 ./drivers/custom/TFT/images/Background.o
 .debug_abbrev  0x00000c68       0x48 ./drivers/custom/TFT/images/BirdOne.o
 .debug_abbrev  0x00000cb0       0x48 ./drivers/custom/TFT/images/BlockTwo.o
 .debug_abbrev  0x00000cf8       0x48 ./drivers/custom/TFT/images/Caratula1.o
 .debug_abbrev  0x00000d40       0x48 ./drivers/custom/TFT/images/DustFour.o
 .debug_abbrev  0x00000d88       0x48 ./drivers/custom/TFT/images/DustOne.o
 .debug_abbrev  0x00000dd0       0x48 ./drivers/custom/TFT/images/DustThree.o
 .debug_abbrev  0x00000e18       0x48 ./drivers/custom/TFT/images/DustTwo.o
 .debug_abbrev  0x00000e60       0x48 ./drivers/custom/TFT/images/PigOne.o
 .debug_abbrev  0x00000ea8       0x48 ./drivers/custom/TFT/images/PigThree.o
 .debug_abbrev  0x00000ef0       0x48 ./drivers/custom/TFT/images/PigTwo.o
 .debug_abbrev  0x00000f38       0x48 ./drivers/custom/TFT/images/white.o
 .debug_abbrev  0x00000f80      0x1eb ./drivers/custom/TFT/Adafruit_GFX.o
 .debug_abbrev  0x0000116b      0x2cf ./drivers/custom/TFT/MCUFRIEND_kbv.o
 .debug_abbrev  0x0000143a      0x106 ./drivers/custom/TFT/TFT_config.o
 .debug_abbrev  0x00001540      0x29d ./drivers/custom/JOYSTICK/JOYSTICK.o
 .debug_abbrev  0x000017dd      0x2e7 ./drivers/custom/HAPTIC/BUTTON.o
 .debug_abbrev  0x00001ac4       0xbf ./drivers/custom/GLOBAL.o
 .debug_abbrev  0x00001b83      0x26e ./drivers/fsl_adc16.o
 .debug_abbrev  0x00001df1      0x307 ./drivers/fsl_clock.o
 .debug_abbrev  0x000020f8      0x33e ./drivers/fsl_dspi.o
 .debug_abbrev  0x00002436      0x398 ./drivers/fsl_edma.o
 .debug_abbrev  0x000027ce      0x196 ./drivers/fsl_gpio.o
 .debug_abbrev  0x00002964      0x340 ./drivers/fsl_i2c.o
 .debug_abbrev  0x00002ca4      0x1ae ./drivers/fsl_lptmr.o
 .debug_abbrev  0x00002e52      0x1f1 ./drivers/fsl_pit.o
 .debug_abbrev  0x00003043      0x303 ./drivers/fsl_uart.o
 .debug_abbrev  0x00003346      0x154 ./device/system_MK64F12.o
 .debug_abbrev  0x0000349a      0x245 ./board/clock_config.o

.debug_aranges  0x00000000     0x1458
 .debug_aranges
                0x00000000      0x330 ./startup/startup_mk64f12.o
 .debug_aranges
                0x00000330       0x28 ./source/game/fix_shot_fsm.o
 .debug_aranges
                0x00000358       0x28 ./source/game/game_fsm.o
 .debug_aranges
                0x00000380       0x20 ./source/game/paint_dust_fsm.o
 .debug_aranges
                0x000003a0       0x60 ./source/game/paint_map_fsm.o
 .debug_aranges
                0x00000400       0x20 ./source/game/shot_bird_fsm.o
 .debug_aranges
                0x00000420       0x20 ./source/game/utilities.o
 .debug_aranges
                0x00000440       0x20 ./source/AngryBirdsV2.o
 .debug_aranges
                0x00000460       0x20 ./source/semihost_hardfault.o
 .debug_aranges
                0x00000480       0x18 ./drivers/custom/TFT/images/Background.o
 .debug_aranges
                0x00000498       0x18 ./drivers/custom/TFT/images/BirdOne.o
 .debug_aranges
                0x000004b0       0x18 ./drivers/custom/TFT/images/BlockTwo.o
 .debug_aranges
                0x000004c8       0x18 ./drivers/custom/TFT/images/Caratula1.o
 .debug_aranges
                0x000004e0       0x18 ./drivers/custom/TFT/images/DustFour.o
 .debug_aranges
                0x000004f8       0x18 ./drivers/custom/TFT/images/DustOne.o
 .debug_aranges
                0x00000510       0x18 ./drivers/custom/TFT/images/DustThree.o
 .debug_aranges
                0x00000528       0x18 ./drivers/custom/TFT/images/DustTwo.o
 .debug_aranges
                0x00000540       0x18 ./drivers/custom/TFT/images/PigOne.o
 .debug_aranges
                0x00000558       0x18 ./drivers/custom/TFT/images/PigThree.o
 .debug_aranges
                0x00000570       0x18 ./drivers/custom/TFT/images/PigTwo.o
 .debug_aranges
                0x00000588       0x18 ./drivers/custom/TFT/images/white.o
 .debug_aranges
                0x000005a0      0x180 ./drivers/custom/TFT/Adafruit_GFX.o
 .debug_aranges
                0x00000720      0x118 ./drivers/custom/TFT/MCUFRIEND_kbv.o
 .debug_aranges
                0x00000838       0x20 ./drivers/custom/TFT/TFT_config.o
 .debug_aranges
                0x00000858       0x80 ./drivers/custom/JOYSTICK/JOYSTICK.o
 .debug_aranges
                0x000008d8       0x98 ./drivers/custom/HAPTIC/BUTTON.o