Archive member included to satisfy reference by file (symbol)

c:/nxp/mcuxpressoide_10.3.0_2200/ide/plugins/com.nxp.mcuxpresso.tools.win32_10.3.0.201811011841/tools/bin/../lib/gcc/arm-none-eabi/7.3.1/../../../../arm-none-eabi/lib/thumb/v7e-m/fpv4-sp/hard\libcr_semihost_nf.a(_cr__main.o)
                              ./startup/startup_mk64f12.o (__main)
c:/nxp/mcuxpressoide_10.3.0_2200/ide/plugins/com.nxp.mcuxpresso.tools.win32_10.3.0.201811011841/tools/bin/../lib/gcc/arm-none-eabi/7.3.1/../../../../arm-none-eabi/lib/thumb/v7e-m/fpv4-sp/hard\libcr_semihost_nf.a(_cr_assert.o)
                              ./utilities/fsl_debug_console.o (__assertion_failed)
c:/nxp/mcuxpressoide_10.3.0_2200/ide/plugins/com.nxp.mcuxpresso.tools.win32_10.3.0.201811011841/tools/bin/../lib/gcc/arm-none-eabi/7.3.1/../../../../arm-none-eabi/lib/thumb/v7e-m/fpv4-sp/hard\libcr_semihost_nf.a(__ciob.o)
                              c:/nxp/mcuxpressoide_10.3.0_2200/ide/plugins/com.nxp.mcuxpresso.tools.win32_10.3.0.201811011841/tools/bin/../lib/gcc/arm-none-eabi/7.3.1/../../../../arm-none-eabi/lib/thumb/v7e-m/fpv4-sp/hard\libcr_semihost_nf.a(_cr_assert.o) (__Ciob)
c:/nxp/mcuxpressoide_10.3.0_2200/ide/plugins/com.nxp.mcuxpresso.tools.win32_10.3.0.201811011841/tools/bin/../lib/gcc/arm-none-eabi/7.3.1/../../../../arm-none-eabi/lib/thumb/v7e-m/fpv4-sp/hard\libcr_semihost_nf.a(__sys_appexit.o)
                              c:/nxp/mcuxpressoide_10.3.0_2200/ide/plugins/com.nxp.mcuxpresso.tools.win32_10.3.0.201811011841/tools/bin/../lib/gcc/arm-none-eabi/7.3.1/../../../../arm-none-eabi/lib/thumb/v7e-m/fpv4-sp/hard\libcr_semihost_nf.a(_cr_assert.o) (__sys_appexit)
c:/nxp/mcuxpressoide_10.3.0_2200/ide/plugins/com.nxp.mcuxpresso.tools.win32_10.3.0.201811011841/tools/bin/../lib/gcc/arm-none-eabi/7.3.1/../../../../arm-none-eabi/lib/thumb/v7e-m/fpv4-sp/hard\libcr_c.a(memset.o)
                              ./utilities/fsl_debug_console.o (memset)
c:/nxp/mcuxpressoide_10.3.0_2200/ide/plugins/com.nxp.mcuxpresso.tools.win32_10.3.0.201811011841/tools/bin/../lib/gcc/arm-none-eabi/7.3.1/../../../../arm-none-eabi/lib/thumb/v7e-m/fpv4-sp/hard\libcr_c.a(_deferredlazyseek.o)
                              c:/nxp/mcuxpressoide_10.3.0_2200/ide/plugins/com.nxp.mcuxpresso.tools.win32_10.3.0.201811011841/tools/bin/../lib/gcc/arm-none-eabi/7.3.1/../../../../arm-none-eabi/lib/thumb/v7e-m/fpv4-sp/hard\libcr_semihost_nf.a(_cr_assert.o) (__flsbuf)
c:/nxp/mcuxpressoide_10.3.0_2200/ide/plugins/com.nxp.mcuxpresso.tools.win32_10.3.0.201811011841/tools/bin/../lib/gcc/arm-none-eabi/7.3.1/../../../../arm-none-eabi/lib/thumb/v7e-m/fpv4-sp/hard\libcr_c.a(_fflush.o)
                              c:/nxp/mcuxpressoide_10.3.0_2200/ide/plugins/com.nxp.mcuxpresso.tools.win32_10.3.0.201811011841/tools/bin/../lib/gcc/arm-none-eabi/7.3.1/../../../../arm-none-eabi/lib/thumb/v7e-m/fpv4-sp/hard\libcr_c.a(_deferredlazyseek.o) (_fflush)
c:/nxp/mcuxpressoide_10.3.0_2200/ide/plugins/com.nxp.mcuxpresso.tools.win32_10.3.0.201811011841/tools/bin/../lib/gcc/arm-none-eabi/7.3.1/../../../../arm-none-eabi/lib/thumb/v7e-m/fpv4-sp/hard\libcr_c.a(_writebuf.o)
                              c:/nxp/mcuxpressoide_10.3.0_2200/ide/plugins/com.nxp.mcuxpresso.tools.win32_10.3.0.201811011841/tools/bin/../lib/gcc/arm-none-eabi/7.3.1/../../../../arm-none-eabi/lib/thumb/v7e-m/fpv4-sp/hard\libcr_c.a(_deferredlazyseek.o) (_Cwritebuf)
c:/nxp/mcuxpressoide_10.3.0_2200/ide/plugins/com.nxp.mcuxpresso.tools.win32_10.3.0.201811011841/tools/bin/../lib/gcc/arm-none-eabi/7.3.1/../../../../arm-none-eabi/lib/thumb/v7e-m/fpv4-sp/hard\libcr_c.a(alloc.o)
                              ./drivers/fsl_common.o (malloc)
c:/nxp/mcuxpressoide_10.3.0_2200/ide/plugins/com.nxp.mcuxpresso.tools.win32_10.3.0.201811011841/tools/bin/../lib/gcc/arm-none-eabi/7.3.1/../../../../arm-none-eabi/lib/thumb/v7e-m/fpv4-sp/hard\libcr_c.a(fputs.o)
                              c:/nxp/mcuxpressoide_10.3.0_2200/ide/plugins/com.nxp.mcuxpresso.tools.win32_10.3.0.201811011841/tools/bin/../lib/gcc/arm-none-eabi/7.3.1/../../../../arm-none-eabi/lib/thumb/v7e-m/fpv4-sp/hard\libcr_semihost_nf.a(_cr_assert.o) (fputs)
c:/nxp/mcuxpressoide_10.3.0_2200/ide/plugins/com.nxp.mcuxpresso.tools.win32_10.3.0.201811011841/tools/bin/../lib/gcc/arm-none-eabi/7.3.1/../../../../arm-none-eabi/lib/thumb/v7e-m/fpv4-sp/hard\libcr_c.a(fseek.o)
                              c:/nxp/mcuxpressoide_10.3.0_2200/ide/plugins/com.nxp.mcuxpresso.tools.win32_10.3.0.201811011841/tools/bin/../lib/gcc/arm-none-eabi/7.3.1/../../../../arm-none-eabi/lib/thumb/v7e-m/fpv4-sp/hard\libcr_c.a(_deferredlazyseek.o) (fseek)
c:/nxp/mcuxpressoide_10.3.0_2200/ide/plugins/com.nxp.mcuxpresso.tools.win32_10.3.0.201811011841/tools/bin/../lib/gcc/arm-none-eabi/7.3.1/../../../../arm-none-eabi/lib/thumb/v7e-m/fpv4-sp/hard\libcr_c.a(ftell.o)
[...]
Memory Configuration

Name             Origin             Length             Attributes
PROGRAM_FLASH    0x00000000         0x00080000         xr
SRAM_UPPER       0x20000000         0x00030000         xrw
SRAM_LOWER       0x1fff0000         0x00010000         xrw
FLEX_RAM         0x14000000         0x00001000         xrw
*default*        0x00000000         0xffffffff

Linker script and memory map

LOAD ./utilities/fsl_debug_console.o
LOAD ./utilities/fsl_str.o
LOAD ./startup/startup_mk64f12.o
LOAD ./source/game/fix_shot_fsm.o
LOAD ./source/game/game_fsm.o
LOAD ./source/game/utilities.o
LOAD ./source/AngryBirdsV2.o
LOAD ./source/semihost_hardfault.o
LOAD ./drivers/custom/TFT/images/Background.o
LOAD ./drivers/custom/TFT/images/BirdOne.o
LOAD ./drivers/custom/TFT/images/BirdThree.o
LOAD ./drivers/custom/TFT/images/BirdTwo.o
LOAD ./drivers/custom/TFT/images/BlockOne.o
LOAD ./drivers/custom/TFT/images/BlockThree.o
LOAD ./drivers/custom/TFT/images/BlockTwo.o
LOAD ./drivers/custom/TFT/images/Caratula1.o
LOAD ./drivers/custom/TFT/images/Caratula2.o
LOAD ./drivers/custom/TFT/images/Caratula3.o
LOAD ./drivers/custom/TFT/images/PigOne.o
LOAD ./drivers/custom/TFT/images/PigThree.o
LOAD ./drivers/custom/TFT/images/PigTwo.o
LOAD ./drivers/custom/TFT/images/palms_road.o
LOAD ./drivers/custom/TFT/Adafruit_GFX.o
LOAD ./drivers/custom/TFT/MCUFRIEND_kbv.o
LOAD ./drivers/custom/TFT/TFT_config.o
LOAD ./drivers/custom/TFT/glcdfont.o
LOAD ./drivers/custom/JOYSTICK/JOYSTICK.o
LOAD ./drivers/custom/HAPTIC/BUTTON.o
LOAD ./drivers/custom/GLOBAL.o
LOAD ./drivers/fsl_adc16.o
LOAD ./drivers/fsl_clock.o
LOAD ./drivers/fsl_common.o
LOAD ./drivers/fsl_dac.o
LOAD ./drivers/fsl_dmamux.o
LOAD ./drivers/fsl_dspi.o
LOAD ./drivers/fsl_edma.o
LOAD ./drivers/fsl_ftm.o
LOAD ./drivers/fsl_gpio.o
LOAD ./drivers/fsl_i2c.o
LOAD ./drivers/fsl_lptmr.o
LOAD ./drivers/fsl_pit.o
LOAD ./drivers/fsl_pmc.o
LOAD ./drivers/fsl_rnga.o
LOAD ./drivers/fsl_rtc.o
LOAD ./drivers/fsl_sim.o
LOAD ./drivers/fsl_smc.o
LOAD ./drivers/fsl_uart.o
LOAD ./drivers/fsl_uart_cmsis.o
LOAD ./drivers/fsl_uart_edma.o
LOAD ./drivers/fsl_wdog.o
LOAD ./device/system_MK64F12.o
LOAD ./component/uart/uart_adapter.o
LOAD ./component/serial_manager/serial_manager.o
LOAD ./component/serial_manager/serial_port_uart.o
LOAD ./board/board.o
LOAD ./board/clock_config.o
LOAD ./board/peripherals.o
LOAD ./board/pin_mux.o
START GROUP
LOAD c:/nxp/mcuxpressoide_10.3.0_2200/ide/plugins/com.nxp.mcuxpresso.tools.win32_10.3.0.201811011841/tools/bin/../lib/gcc/arm-none-eabi/7.3.1/../../../../arm-none-eabi/lib/thumb/v7e-m/fpv4-sp/hard\libcr_semihost_nf.a
LOAD c:/nxp/mcuxpressoide_10.3.0_2200/ide/plugins/com.nxp.mcuxpresso.tools.win32_10.3.0.201811011841/tools/bin/../lib/gcc/arm-none-eabi/7.3.1/../../../../arm-none-eabi/lib/thumb/v7e-m/fpv4-sp/hard\libcr_c.a
LOAD c:/nxp/mcuxpressoide_10.3.0_2200/ide/plugins/com.nxp.mcuxpresso.tools.win32_10.3.0.201811011841/tools/bin/../lib/gcc/arm-none-eabi/7.3.1/thumb/v7e-m/fpv4-sp/hard\libcr_eabihelpers.a
END GROUP
                0x00000000                __base_PROGRAM_FLASH = 0x0
                0x00000000                __base_Flash = 0x0
                0x00080000                __top_PROGRAM_FLASH = 0x80000
                0x00080000                __top_Flash = 0x80000
                0x20000000                __base_SRAM_UPPER = 0x20000000
                0x20000000                __base_RAM = 0x20000000
                0x20030000                __top_SRAM_UPPER = 0x20030000
                0x20030000                __top_RAM = 0x20030000
                0x1fff0000                __base_SRAM_LOWER = 0x1fff0000
                0x1fff0000                __base_RAM2 = 0x1fff0000
                0x20000000                __top_SRAM_LOWER = 0x20000000
                0x20000000                __top_RAM2 = 0x20000000
                0x14000000                __base_FLEX_RAM = 0x14000000
                0x14000000                __base_RAM3 = 0x14000000
                0x14001000                __top_FLEX_RAM = 0x14001000
                0x14001000                __top_RAM3 = 0x14001000

.text           0x00000000    0x7aa28
 FILL mask 0xff
                0x00000000                __vectors_start__ = ABSOLUTE (.)
 *(SORT_BY_ALIGNMENT(.isr_vector))
 .isr_vector    0x00000000      0x198 ./startup/startup_mk64f12.o
                0x00000000                g_pfnVectors
                0x00000000                __Vectors
                0x00000198                . = ALIGN (0x4)
                0x00000198                __section_table_start = .
                0x00000198                __data_section_table = .
                0x00000198        0x4 LONG 0x7aa28 LOADADDR (.data)
                0x0000019c        0x4 LONG 0x20000000 ADDR (.data)
                0x000001a0        0x4 LONG 0x20 SIZEOF (.data)
                0x000001a4        0x4 LONG 0x7aa28 LOADADDR (.data_RAM2)
                0x000001a8        0x4 LONG 0x1fff0000 ADDR (.data_RAM2)
                0x000001ac        0x4 LONG 0x0 SIZEOF (.data_RAM2)
                0x000001b0        0x4 LONG 0x7aa28 LOADADDR (.data_RAM3)
                0x000001b4        0x4 LONG 0x14000000 ADDR (.data_RAM3)
                0x000001b8        0x4 LONG 0x0 SIZEOF (.data_RAM3)
                0x000001bc                __data_section_table_end = .
                0x000001bc                __bss_section_table = .
                0x000001bc        0x4 LONG 0x20000020 ADDR (.bss)
                0x000001c0        0x4 LONG 0xa910 SIZEOF (.bss)
                0x000001c4        0x4 LONG 0x1fff0000 ADDR (.bss_RAM2)
                0x000001c8        0x4 LONG 0x0 SIZEOF (.bss_RAM2)
                0x000001cc        0x4 LONG 0x14000000 ADDR (.bss_RAM3)
                0x000001d0        0x4 LONG 0x0 SIZEOF (.bss_RAM3)
                0x000001d4                __bss_section_table_end = .
                0x000001d4                __section_table_end = .
 *(SORT_BY_ALIGNMENT(.after_vectors*))
 .after_vectors.reset
                0x000001d4       0x4c ./startup/startup_mk64f12.o
                0x000001d4                ResetISR
 .after_vectors.init_data
                0x00000220       0x1e ./startup/startup_mk64f12.o
                0x00000220                data_init
 .after_vectors.init_bss
                0x0000023e       0x12 ./startup/startup_mk64f12.o
                0x0000023e                bss_init
 .after_vectors
                0x00000250       0x14 ./startup/startup_mk64f12.o
                0x00000250                NMI_Handler
                0x00000254                MemManage_Handler
                0x00000256                BusFault_Handler
                0x00000258                UsageFault_Handler
                0x0000025a                SVC_Handler
                0x0000025c                DebugMon_Handler
                0x0000025e                PendSV_Handler
                0x00000260                SysTick_Handler
                0x00000262                FTM2_DriverIRQHandler
                0x00000262                PIT2_DriverIRQHandler
                0x00000262                SDHC_DriverIRQHandler
                0x00000262                I2S0_Tx_DriverIRQHandler
                0x00000262                FTM1_DriverIRQHandler
                0x00000262                LLWU_DriverIRQHandler
                0x00000262                MCM_DriverIRQHandler
                0x00000262                MCG_DriverIRQHandler
                0x00000262                ENET_1588_Timer_DriverIRQHandler
                0x00000262                DAC1_DriverIRQHandler
                0x00000262                RTC_Seconds_DriverIRQHandler
                0x00000262                CMP1_DriverIRQHandler
                0x00000262                FTM0_DriverIRQHandler
                0x00000262                IntDefaultHandler
                0x00000262                USB0_DriverIRQHandler
                0x00000262                UART5_ERR_DriverIRQHandler
                0x00000262                PORTC_DriverIRQHandler
                0x00000262                DAC0_DriverIRQHandler
                0x00000262                CMP2_DriverIRQHandler
                0x00000262                UART2_ERR_DriverIRQHandler
                0x00000262                DMA_Error_DriverIRQHandler
                0x00000262                PIT0_DriverIRQHandler
                0x00000262                RNG_DriverIRQHandler
                0x00000262                USBDCD_DriverIRQHandler
                0x00000262                UART3_ERR_DriverIRQHandler
                0x00000262                UART0_ERR_DriverIRQHandler
                0x00000262                CMT_DriverIRQHandler
                0x00000262                Reserved71_DriverIRQHandler
                0x00000262                ADC1_DriverIRQHandler
                0x00000262                PORTA_DriverIRQHandler
                0x00000262                PIT3_DriverIRQHandler
                0x00000262                PIT1_DriverIRQHandler
                0x00000262                WDOG_EWM_DriverIRQHandler
                0x00000262                PDB0_DriverIRQHandler
                0x00000262                RTC_DriverIRQHandler
                0x00000262                I2S0_Rx_DriverIRQHandler
                0x00000262                Read_Collision_DriverIRQHandler
                0x00000262                SWI_DriverIRQHandler
                0x00000262                UART4_ERR_DriverIRQHandler
                0x00000262                LPTMR0_DriverIRQHandler
                0x00000262                UART0_LON_DriverIRQHandler
                0x00000262                PORTB_DriverIRQHandler
                0x00000262                ENET_Receive_DriverIRQHandler
                0x00000262                ENET_Error_DriverIRQHandler
                0x00000262                ADC0_DriverIRQHandler
                0x00000262                CMP0_DriverIRQHandler
                0x00000262                CAN0_DriverIRQHandler
                0x00000262                FTM3_DriverIRQHandler
                0x00000262                LVD_LVW_DriverIRQHandler
                0x00000262                UART1_ERR_DriverIRQHandler
                0x00000262                ENET_Transmit_DriverIRQHandler
                0x00000262                PORTD_DriverIRQHandler
                0x00000262                PORTE_DriverIRQHandler
                0x00000262                FTFE_DriverIRQHandler
                0x00000400                . = 0x400
 *fill*         0x00000264      0x19c ff
                0x00000400                PROVIDE (__FLASH_CONFIG_START__ = .)
 *(SORT_BY_ALIGNMENT(.FlashConfig))
 .FlashConfig   0x00000400       0x10 ./startup/startup_mk64f12.o
                0x00000400                Flash_Config
                0x00000410                PROVIDE (__FLASH_CONFIG_END__ = .)
                0x00000001                ASSERT (! ((__FLASH_CONFIG_START__ == __FLASH_CONFIG_END__)), Linker Flash Config Support Enabled, but no .FlashConfig section provided within application)
 *(SORT_BY_ALIGNMENT(.text*))
 .text.fix_shot_fsm
                0x00000410      0x1d0 ./source/game/fix_shot_fsm.o
                0x00000410                fix_shot_fsm
 .text.CalculateSpan
                0x000005e0       0xd0 ./source/game/fix_shot_fsm.o
                0x000005e0                CalculateSpan
 .text.paintMap
                0x000006b0       0x64 ./source/game/game_fsm.o
                0x000006b0                paintMap
 .text.paintCaratule
                0x00000714       0x48 ./source/game/game_fsm.o
                0x00000714                paintCaratule
 .text.game_fsm
                0x0000075c      0x174 ./source/game/game_fsm.o
                0x0000075c                game_fsm
 .text.main     0x000008d0       0x4c ./source/AngryBirdsV2.o
                0x000008d0                main
 .text.Adafruit_GFX_drawChar
                0x0000091c      0x3a0 ./drivers/custom/TFT/Adafruit_GFX.o
                0x0000091c                Adafruit_GFX_drawChar
 .text.Adafruit_GFX_write
                0x00000cbc      0x248 ./drivers/custom/TFT/Adafruit_GFX.o
                0x00000cbc                Adafruit_GFX_write
 .text.Adafruit_GFX_setCursor
                0x00000f04       0x30 ./drivers/custom/TFT/Adafruit_GFX.o
                0x00000f04                Adafruit_GFX_setCursor
 .text.Adafruit_GFX_setTextColorB
                0x00000f34       0x30 ./drivers/custom/TFT/Adafruit_GFX.o
                0x00000f34                Adafruit_GFX_setTextColorB
 .text.Adafruit_GFX_setRotation
                0x00000f64       0x6c ./drivers/custom/TFT/Adafruit_GFX.o
                0x00000f64                Adafruit_GFX_setRotation
 .text.Adafruit_GFX_setFont
                0x00000fd0       0x60 ./drivers/custom/TFT/Adafruit_GFX.o
                0x00000fd0                Adafruit_GFX_setFont
 .text.MCUFRIEND_kbv_init
                0x00001030       0x2c ./drivers/custom/TFT/MCUFRIEND_kbv.o
                0x00001030                MCUFRIEND_kbv_init
 .text.MCUFRIEND_kbv_reset
                0x0000105c       0xec ./drivers/custom/TFT/MCUFRIEND_kbv.o
                0x0000105c                MCUFRIEND_kbv_reset
 .text.MCUFRIEND_kbv_WriteCmdData
                0x00001148      0x1d8 ./drivers/custom/TFT/MCUFRIEND_kbv.o
                0x00001148                MCUFRIEND_kbv_WriteCmdData
 .text.WriteCmdParamN
                0x00001320      0x270 ./drivers/custom/TFT/MCUFRIEND_kbv.o
 .text.read16bits
                0x00001590      0x1b4 ./drivers/custom/TFT/MCUFRIEND_kbv.o
 .text.MCUFRIEND_kbv_readReg
                0x00001744      0x1d4 ./drivers/custom/TFT/MCUFRIEND_kbv.o
                0x00001744                MCUFRIEND_kbv_readReg
 .text.MCUFRIEND_kbv_readID
                0x00001918      0x21c ./drivers/custom/TFT/MCUFRIEND_kbv.o
                0x00001918                MCUFRIEND_kbv_readID
 .text.MCUFRIEND_kbv_setRotation
                0x00001b34      0x524 ./drivers/custom/TFT/MCUFRIEND_kbv.o
                0x00001b34                MCUFRIEND_kbv_setRotation
 .text.MCUFRIEND_kbv_drawPixel
                0x00002058       0xe8 ./drivers/custom/TFT/MCUFRIEND_kbv.o
                0x00002058                MCUFRIEND_kbv_drawPixel
 .text.MCUFRIEND_kbv_setAddrWindow
                0x00002140      0x19c ./drivers/custom/TFT/MCUFRIEND_kbv.o
                0x00002140                MCUFRIEND_kbv_setAddrWindow
 .text.MCUFRIEND_kbv_fillBMP
                0x000022dc      0x30c ./drivers/custom/TFT/MCUFRIEND_kbv.o
                0x000022dc                MCUFRIEND_kbv_fillBMP
 .text.MCUFRIEND_kbv_print_tail
                0x000025e8      0x2ac ./drivers/custom/TFT/MCUFRIEND_kbv.o
                0x000025e8                MCUFRIEND_kbv_print_tail
 .text.MCUFRIEND_kbv_vertScroll
                0x00002894      0x224 ./drivers/custom/TFT/MCUFRIEND_kbv.o
                0x00002894                MCUFRIEND_kbv_vertScroll
 .text.MCUFRIEND_kbv_invertDisplay
                0x00002ab8      0x130 ./drivers/custom/TFT/MCUFRIEND_kbv.o
                0x00002ab8                MCUFRIEND_kbv_invertDisplay
 .text.MCUFRIEND_kbv_begin
                0x00002be8       0xb0 ./drivers/custom/TFT/MCUFRIEND_kbv.o
                0x00002be8                MCUFRIEND_kbv_begin
 .text.TFT_init_ports
                0x00002c98      0x130 ./drivers/custom/TFT/TFT_config.o
                0x00002c98                TFT_init_ports
 .text.__NVIC_EnableIRQ
                0x00002dc8       0x3c ./drivers/custom/JOYSTICK/JOYSTICK.o
 .text.ADC16_GetChannelConversionValue
                0x00002e04       0x2c ./drivers/custom/JOYSTICK/JOYSTICK.o
 .text.PIT_GetDefaultConfig
                0x00002e30       0x28 ./drivers/custom/JOYSTICK/JOYSTICK.o
 .text.JOYSTICK_init
                0x00002e58      0x100 ./drivers/custom/JOYSTICK/JOYSTICK.o
                0x00002e58                JOYSTICK_init
 .text.ADC1_IRQHandler
                0x00002f58       0x8c ./drivers/custom/JOYSTICK/JOYSTICK.o
                0x00002f58                ADC1_IRQHandler
 .text.PIT0_IRQHandler
                0x00002fe4       0x50 ./drivers/custom/JOYSTICK/JOYSTICK.o
                0x00002fe4                PIT0_IRQHandler
 .text.__NVIC_EnableIRQ
                0x00003034       0x3c ./drivers/custom/HAPTIC/BUTTON.o
 .text.__NVIC_ClearPendingIRQ
                0x00003070       0x3c ./drivers/custom/HAPTIC/BUTTON.o
 .text.PORT_SetPinConfig
                0x000030ac       0x38 ./drivers/custom/HAPTIC/BUTTON.o
 .text.LPTMR_SetTimerPeriod
                0x000030e4       0x2c ./drivers/custom/HAPTIC/BUTTON.o
 .text.BUTTON_Init
                0x00003110      0x100 ./drivers/custom/HAPTIC/BUTTON.o
                0x00003110                BUTTON_Init
 .text.PORTB_IRQHandler
                0x00003210       0x40 ./drivers/custom/HAPTIC/BUTTON.o
                0x00003210                PORTB_IRQHandler
 .text.LPTMR0_IRQHandler
                0x00003250       0x94 ./drivers/custom/HAPTIC/BUTTON.o
                0x00003250                LPTMR0_IRQHandler
 .text.ADC16_GetInstance
                0x000032e4       0x4c ./drivers/fsl_adc16.o
 .text.ADC16_Init
                0x00003330      0x10c ./drivers/fsl_adc16.o
                0x00003330                ADC16_Init
 .text.ADC16_GetDefaultConfig
                0x0000343c       0x60 ./drivers/fsl_adc16.o
                0x0000343c                ADC16_GetDefaultConfig
 .text.ADC16_SetHardwareCompareConfig
                0x0000349c       0x90 ./drivers/fsl_adc16.o
                0x0000349c                ADC16_SetHardwareCompareConfig
 .text.ADC16_SetChannelConfig
                0x0000352c       0x68 ./drivers/fsl_adc16.o
                0x0000352c                ADC16_SetChannelConfig
 .text.ADC16_GetChannelStatusFlags
                0x00003594       0x40 ./drivers/fsl_adc16.o
                0x00003594                ADC16_GetChannelStatusFlags
 .text.CLOCK_SetEr32kClock
                0x000035d4       0x30 ./drivers/fsl_clock.o
 .text.CLOCK_SetPllFllSelClock
                0x00003604       0x3c ./drivers/fsl_clock.o
 .text.CLOCK_GetOscRangeFromFreq
                0x00003640       0x3c ./drivers/fsl_clock.o
 .text.CLOCK_SetSimConfig
                0x0000367c       0x38 ./drivers/fsl_clock.o
                0x0000367c                CLOCK_SetSimConfig
 .text.CLOCK_EnableUsbfs0Clock
                0x000036b4      0x100 ./drivers/fsl_clock.o
                0x000036b4                CLOCK_EnableUsbfs0Clock
 .text.CLOCK_SetExternalRefClkConfig
                0x000037b4       0x6c ./drivers/fsl_clock.o
                0x000037b4                CLOCK_SetExternalRefClkConfig
 .text.CLOCK_SetInternalRefClkConfig
                0x00003820      0x104 ./drivers/fsl_clock.o
                0x00003820                CLOCK_SetInternalRefClkConfig
 .text.CLOCK_EnablePll0
                0x00003924       0x84 ./drivers/fsl_clock.o
                0x00003924                CLOCK_EnablePll0
 .text.CLOCK_InitOsc0
                0x000039a8       0x8c ./drivers/fsl_clock.o
                0x000039a8                CLOCK_InitOsc0
 .text.CLOCK_SetPbeMode
                0x00003a34       0xa8 ./drivers/fsl_clock.o
                0x00003a34                CLOCK_SetPbeMode
 .text.CLOCK_BootToPeeMode
                0x00003adc       0x64 ./drivers/fsl_clock.o
                0x00003adc                CLOCK_BootToPeeMode
 .text.DSPI_CommonIRQHandler
                0x00003b40       0x40 ./drivers/fsl_dspi.o
 .text.SPI0_DriverIRQHandler
                0x00003b80       0x30 ./drivers/fsl_dspi.o
                0x00003b80                SPI0_DriverIRQHandler
 .text.SPI1_DriverIRQHandler
                0x00003bb0       0x30 ./drivers/fsl_dspi.o
                0x00003bb0                SPI1_DriverIRQHandler
 .text.SPI2_DriverIRQHandler
                0x00003be0       0x30 ./drivers/fsl_dspi.o
                0x00003be0                SPI2_DriverIRQHandler
 .text.EDMA_HandleIRQ
                0x00003c10      0x154 ./drivers/fsl_edma.o
                0x00003c10                EDMA_HandleIRQ
 .text.DMA0_DriverIRQHandler
                0x00003d64       0x1c ./drivers/fsl_edma.o
                0x00003d64                DMA0_DriverIRQHandler
 .text.DMA1_DriverIRQHandler
                0x00003d80       0x1c ./drivers/fsl_edma.o
                0x00003d80                DMA1_DriverIRQHandler
 .text.DMA2_DriverIRQHandler
                0x00003d9c       0x1c ./drivers/fsl_edma.o
                0x00003d9c                DMA2_DriverIRQHandler
 .text.DMA3_DriverIRQHandler
                0x00003db8       0x1c ./drivers/fsl_edma.o
                0x00003db8                DMA3_DriverIRQHandler
 .text.DMA4_DriverIRQHandler
                0x00003dd4       0x1c ./drivers/fsl_edma.o
                0x00003dd4                DMA4_DriverIRQHandler
 .text.DMA5_DriverIRQHandler
                0x00003df0       0x1c ./drivers/fsl_edma.o
                0x00003df0                DMA5_DriverIRQHandler
 .text.DMA6_DriverIRQHandler
                0x00003e0c       0x1c ./drivers/fsl_edma.o
                0x00003e0c                DMA6_DriverIRQHandler
 .text.DMA7_DriverIRQHandler
                0x00003e28       0x1c ./drivers/fsl_edma.o
                0x00003e28                DMA7_DriverIRQHandler
 .text.DMA8_DriverIRQHandler
                0x00003e44       0x1c ./drivers/fsl_edma.o
                0x00003e44                DMA8_DriverIRQHandler
 .text.DMA9_DriverIRQHandler
                0x00003e60       0x1c ./drivers/fsl_edma.o
                0x00003e60                DMA9_DriverIRQHandler
 .text.DMA10_DriverIRQHandler
                0x00003e7c       0x1c ./drivers/fsl_edma.o
                0x00003e7c                DMA10_DriverIRQHandler
 .text.DMA11_DriverIRQHandler
                0x00003e98       0x1c ./drivers/fsl_edma.o
                0x00003e98                DMA11_DriverIRQHandler
 .text.DMA12_DriverIRQHandler
                0x00003eb4       0x1c ./drivers/fsl_edma.o
                0x00003eb4                DMA12_DriverIRQHandler
 .text.DMA13_DriverIRQHandler
                0x00003ed0       0x1c ./drivers/fsl_edma.o
                0x00003ed0                DMA13_DriverIRQHandler
 .text.DMA14_DriverIRQHandler
                0x00003eec       0x1c ./drivers/fsl_edma.o
                0x00003eec                DMA14_DriverIRQHandler
 .text.DMA15_DriverIRQHandler
                0x00003f08       0x1c ./drivers/fsl_edma.o
                0x00003f08                DMA15_DriverIRQHandler
 .text.GPIO_GetInstance
                0x00003f24       0x4c ./drivers/fsl_gpio.o
 .text.GPIO_PinInit
                0x00003f70       0x64 ./drivers/fsl_gpio.o
                0x00003f70                GPIO_PinInit
 .text.GPIO_PortClearInterruptFlags
                0x00003fd4       0x34 ./drivers/fsl_gpio.o
                0x00003fd4                GPIO_PortClearInterruptFlags
 .text.I2C_TransferCommonIRQHandler
                0x00004008       0x50 ./drivers/fsl_i2c.o
 .text.I2C0_DriverIRQHandler
                0x00004058       0x1c ./drivers/fsl_i2c.o
                0x00004058                I2C0_DriverIRQHandler
 .text.I2C1_DriverIRQHandler
                0x00004074       0x1c ./drivers/fsl_i2c.o
                0x00004074                I2C1_DriverIRQHandler
 .text.I2C2_DriverIRQHandler
                0x00004090       0x1c ./drivers/fsl_i2c.o
                0x00004090                I2C2_DriverIRQHandler
 .text.LPTMR_GetInstance
                0x000040ac       0x44 ./drivers/fsl_lptmr.o
 .text.LPTMR_Init
                0x000040f0       0x8c ./drivers/fsl_lptmr.o
                0x000040f0                LPTMR_Init
 .text.LPTMR_GetDefaultConfig
                0x0000417c       0x54 ./drivers/fsl_lptmr.o
                0x0000417c                LPTMR_GetDefaultConfig
 .text.PIT_GetInstance
                0x000041d0       0x44 ./drivers/fsl_pit.o
 .text.PIT_Init
                0x00004214       0x94 ./drivers/fsl_pit.o
                0x00004214                PIT_Init
 .text.UART0_DriverIRQHandler
                0x000042a8       0x28 ./drivers/fsl_uart.o
                0x000042a8                UART0_DriverIRQHandler
 .text.UART1_DriverIRQHandler
                0x000042d0       0x28 ./drivers/fsl_uart.o
                0x000042d0                UART1_DriverIRQHandler
 .text.UART2_DriverIRQHandler
                0x000042f8       0x28 ./drivers/fsl_uart.o
                0x000042f8                UART2_DriverIRQHandler
 .text.UART3_DriverIRQHandler
                0x00004320       0x28 ./drivers/fsl_uart.o
                0x00004320                UART3_DriverIRQHandler
 .text.UART4_DriverIRQHandler
                0x00004348       0x28 ./drivers/fsl_uart.o
                0x00004348                UART4_DriverIRQHandler
 .text.UART5_DriverIRQHandler
                0x00004370       0x28 ./drivers/fsl_uart.o
                0x00004370                UART5_DriverIRQHandler
 .text.SystemInit
                0x00004398       0x3c ./device/system_MK64F12.o
                0x00004398                SystemInit
 .text.CLOCK_SetSdhc0Clock
                0x000043d4       0x3c ./board/clock_config.o
 .text.CLOCK_SetEnetTime0Clock
                0x00004410       0x3c ./board/clock_config.o
 .text.CLOCK_SetRmii0Clock
                0x0000444c       0x3c ./board/clock_config.o
 .text.CLOCK_SetTraceClock
                0x00004488       0x3c ./board/clock_config.o
 .text.CLOCK_SetClkOutClock
                0x000044c4       0x38 ./board/clock_config.o
 .text.CLOCK_SetSimSafeDivs
                0x000044fc       0x20 ./board/clock_config.o
 .text.CLOCK_SetXtal0Freq
                0x0000451c       0x20 ./board/clock_config.o
 .text.CLOCK_CONFIG_EnableIrc48MOsc
                0x0000453c       0x24 ./board/clock_config.o
 .text.CLOCK_CONFIG_SetFllExtRefDiv
                0x00004560       0x3c ./board/clock_config.o
 .text.BOARD_BootClockRUN
                0x0000459c       0x8c ./board/clock_config.o
                0x0000459c                BOARD_BootClockRUN
 .text.__assertion_failed
                0x00004628       0x4c c:/nxp/mcuxpressoide_10.3.0_2200/ide/plugins/com.nxp.mcuxpresso.tools.win32_10.3.0.201811011841/tools/bin/../lib/gcc/arm-none-eabi/7.3.1/../../../../arm-none-eabi/lib/thumb/v7e-m/fpv4-sp/hard\libcr_semihost_nf.a(_cr_assert.o)
                0x00004628                __assertion_failed
 .text.__sys_appexit
                0x00004674        0xc c:/nxp/mcuxpressoide_10.3.0_2200/ide/plugins/com.nxp.mcuxpresso.tools.win32_10.3.0.201811011841/tools/bin/../lib/gcc/arm-none-eabi/7.3.1/../../../../arm-none-eabi/lib/thumb/v7e-m/fpv4-sp/hard\libcr_semihost_nf.a(__sys_appexit.o)
                0x00004674                __sys_appexit
                0x00004674                __exit
 .text._Cwritebuf
                0x00004680       0x6c c:/nxp/mcuxpressoide_10.3.0_2200/ide/plugins/com.nxp.mcuxpresso.tools.win32_10.3.0.201811011841/tools/bin/../lib/gcc/arm-none-eabi/7.3.1/../../../../arm-none-eabi/lib/thumb/v7e-m/fpv4-sp/hard\libcr_c.a(_writebuf.o)
                0x00004680                _Cwritebuf
 .text.malloc   0x000046ec       0xc8 c:/nxp/mcuxpressoide_10.3.0_2200/ide/plugins/com.nxp.mcuxpresso.tools.win32_10.3.0.201811011841/tools/bin/../lib/gcc/arm-none-eabi/7.3.1/../../../../arm-none-eabi/lib/thumb/v7e-m/fpv4-sp/hard\libcr_c.a(alloc.o)
                0x000046ec                malloc
 .text._Csys_alloc
                0x000047b4       0x20 c:/nxp/mcuxpressoide_10.3.0_2200/ide/plugins/com.nxp.mcuxpresso.tools.win32_10.3.0.201811011841/tools/bin/../lib/gcc/arm-none-eabi/7.3.1/../../../../arm-none-eabi/lib/thumb/v7e-m/fpv4-sp/hard\libcr_c.a(alloc.o)
                0x000047b4                _Csys_alloc
 .text.fseek    0x000047d4      0x100 c:/nxp/mcuxpressoide_10.3.0_2200/ide/plugins/com.nxp.mcuxpresso.tools.win32_10.3.0.201811011841/tools/bin/../lib/gcc/arm-none-eabi/7.3.1/../../../../arm-none-eabi/lib/thumb/v7e-m/fpv4-sp/hard\libcr_c.a(fseek.o)
                0x000047d4                fseek
 .text.ftell    0x000048d4       0x44 c:/nxp/mcuxpressoide_10.3.0_2200/ide/plugins/com.nxp.mcuxpresso.tools.win32_10.3.0.201811011841/tools/bin/../lib/gcc/arm-none-eabi/7.3.1/../../../../arm-none-eabi/lib/thumb/v7e-m/fpv4-sp/hard\libcr_c.a(ftell.o)
                0x000048d4                ftell
 .text._initio  0x00004918       0x78 c:/nxp/mcuxpressoide_10.3.0_2200/ide/plugins/com.nxp.mcuxpresso.tools.win32_10.3.0.201811011841/tools/bin/../lib/gcc/arm-none-eabi/7.3.1/../../../../arm-none-eabi/lib/thumb/v7e-m/fpv4-sp/hard\libcr_c.a(initio.o)
                0x00004918                _initio
 .text.setvbuf  0x00004990       0x40 c:/nxp/mcuxpressoide_10.3.0_2200/ide/plugins/com.nxp.mcuxpresso.tools.win32_10.3.0.201811011841/tools/bin/../lib/gcc/arm-none-eabi/7.3.1/../../../../arm-none-eabi/lib/thumb/v7e-m/fpv4-sp/hard\libcr_c.a(setvbuf.o)
                0x00004990                setvbuf
 .text._sbrk    0x000049d0       0x3c c:/nxp/mcuxpressoide_10.3.0_2200/ide/plugins/com.nxp.mcuxpresso.tools.win32_10.3.0.201811011841/tools/bin/../lib/gcc/arm-none-eabi/7.3.1/../../../../arm-none-eabi/lib/thumb/v7e-m/fpv4-sp/hard\libcr_c.a(_cr_sbrk.o)
                0x000049d0                _sbrk
 .text.fflush   0x00004a0c       0x44 c:/nxp/mcuxpressoide_10.3.0_2200/ide/plugins/com.nxp.mcuxpresso.tools.win32_10.3.0.201811011841/tools/bin/../lib/gcc/arm-none-eabi/7.3.1/../../../../arm-none-eabi/lib/thumb/v7e-m/fpv4-sp/hard\libcr_c.a(fflush.o)
                0x00004a0c                fflush
 .text.__check_heap_overflow
                0x00004a50       0x18 c:/nxp/mcuxpressoide_10.3.0_2200/ide/plugins/com.nxp.mcuxpresso.tools.win32_10.3.0.201811011841/tools/bin/../lib/gcc/arm-none-eabi/7.3.1/../../../../arm-none-eabi/lib/thumb/v7e-m/fpv4-sp/hard\libcr_c.a(_cr_check_heap.o)
                0x00004a50                __check_heap_overflow
 .text.__aeabi_dmul
                0x00004a68      0x11c c:/nxp/mcuxpressoide_10.3.0_2200/ide/plugins/com.nxp.mcuxpresso.tools.win32_10.3.0.201811011841/tools/bin/../lib/gcc/arm-none-eabi/7.3.1/thumb/v7e-m/fpv4-sp/hard\libcr_eabihelpers.a(double.o)
                0x00004a68                __aeabi_dmul
 .text.__aeabi_dsub
                0x00004b84      0x1b4 c:/nxp/mcuxpressoide_10.3.0_2200/ide/plugins/com.nxp.mcuxpresso.tools.win32_10.3.0.201811011841/tools/bin/../lib/gcc/arm-none-eabi/7.3.1/thumb/v7e-m/fpv4-sp/hard\libcr_eabihelpers.a(double.o)
                0x00004b84                __aeabi_dsub
 .text.__aeabi_dadd
                0x00004d38      0x10c c:/nxp/mcuxpressoide_10.3.0_2200/ide/plugins/com.nxp.mcuxpresso.tools.win32_10.3.0.201811011841/tools/bin/../lib/gcc/arm-none-eabi/7.3.1/thumb/v7e-m/fpv4-sp/hard\libcr_eabihelpers.a(double.o)
                0x00004d38                __aeabi_dadd
 .text.DMA0_IRQHandler
                0x00004e44        0x8 ./startup/startup_mk64f12.o
                0x00004e44                DMA0_IRQHandler
 .text.DMA1_IRQHandler
                0x00004e4c        0x8 ./startup/startup_mk64f12.o
                0x00004e4c                DMA1_IRQHandler
 .text.DMA2_IRQHandler
                0x00004e54        0x8 ./startup/startup_mk64f12.o
                0x00004e54                DMA2_IRQHandler
 .text.DMA3_IRQHandler
                0x00004e5c        0x8 ./startup/startup_mk64f12.o
                0x00004e5c                DMA3_IRQHandler
 .text.DMA4_IRQHandler
                0x00004e64        0x8 ./startup/startup_mk64f12.o
                0x00004e64                DMA4_IRQHandler
 .text.DMA5_IRQHandler
                0x00004e6c        0x8 ./startup/startup_mk64f12.o
                0x00004e6c                DMA5_IRQHandler
 .text.DMA6_IRQHandler
                0x00004e74        0x8 ./startup/startup_mk64f12.o
                0x00004e74                DMA6_IRQHandler
 .text.DMA7_IRQHandler
                0x00004e7c        0x8 ./startup/startup_mk64f12.o
                0x00004e7c                DMA7_IRQHandler
 .text.DMA8_IRQHandler
                0x00004e84        0x8 ./startup/startup_mk64f12.o
                0x00004e84                DMA8_IRQHandler
 .text.DMA9_IRQHandler
                0x00004e8c        0x8 ./startup/startup_mk64f12.o
                0x00004e8c                DMA9_IRQHandler
 .text.DMA10_IRQHandler
                0x00004e94        0x8 ./startup/startup_mk64f12.o
                0x00004e94                DMA10_IRQHandler
 .text.DMA11_IRQHandler
                0x00004e9c        0x8 ./startup/startup_mk64f12.o
                0x00004e9c                DMA11_IRQHandler
 .text.DMA12_IRQHandler
                0x00004ea4        0x8 ./startup/startup_mk64f12.o
                0x00004ea4                DMA12_IRQHandler
 .text.DMA13_IRQHandler
                0x00004eac        0x8 ./startup/startup_mk64f12.o
                0x00004eac                DMA13_IRQHandler
 .text.DMA14_IRQHandler
                0x00004eb4        0x8 ./startup/startup_mk64f12.o
                0x00004eb4                DMA14_IRQHandler
 .text.DMA15_IRQHandler
                0x00004ebc        0x8 ./startup/startup_mk64f12.o
                0x00004ebc                DMA15_IRQHandler
 .text.DMA_Error_IRQHandler
                0x00004ec4        0x8 ./startup/startup_mk64f12.o
                0x00004ec4                DMA_Error_IRQHandler
 .text.MCM_IRQHandler
                0x00004ecc        0x8 ./startup/startup_mk64f12.o
                0x00004ecc                MCM_IRQHandler
 .text.FTFE_IRQHandler
                0x00004ed4        0x8 ./startup/startup_mk64f12.o
                0x00004ed4                FTFE_IRQHandler
 .text.Read_Collision_IRQHandler
                0x00004edc        0x8 ./startup/startup_mk64f12.o
                0x00004edc                Read_Collision_IRQHandler
 .text.LVD_LVW_IRQHandler
                0x00004ee4        0x8 ./startup/startup_mk64f12.o
                0x00004ee4                LVD_LVW_IRQHandler
 .text.LLWU_IRQHandler
                0x00004eec        0x8 ./startup/startup_mk64f12.o
                0x00004eec                LLWU_IRQHandler
 .text.WDOG_EWM_IRQHandler
                0x00004ef4        0x8 ./startup/startup_mk64f12.o
                0x00004ef4                WDOG_EWM_IRQHandler
 .text.RNG_IRQHandler
                0x00004efc        0x8 ./startup/startup_mk64f12.o
                0x00004efc                RNG_IRQHandler
 .text.I2C0_IRQHandler
                0x00004f04        0x8 ./startup/startup_mk64f12.o
                0x00004f04                I2C0_IRQHandler
 .text.I2C1_IRQHandler
                0x00004f0c        0x8 ./startup/startup_mk64f12.o
                0x00004f0c                I2C1_IRQHandler
 .text.SPI0_IRQHandler
                0x00004f14        0x8 ./startup/startup_mk64f12.o
                0x00004f14                SPI0_IRQHandler
 .text.SPI1_IRQHandler
                0x00004f1c        0x8 ./startup/startup_mk64f12.o
                0x00004f1c                SPI1_IRQHandler
 .text.I2S0_Tx_IRQHandler
                0x00004f24        0x8 ./startup/startup_mk64f12.o
                0x00004f24                I2S0_Tx_IRQHandler
 .text.I2S0_Rx_IRQHandler
                0x00004f2c        0x8 ./startup/startup_mk64f12.o
                0x00004f2c                I2S0_Rx_IRQHandler
 .text.UART0_LON_IRQHandler
                0x00004f34        0x8 ./startup/startup_mk64f12.o
                0x00004f34                UART0_LON_IRQHandler
 .text.UART0_RX_TX_IRQHandler
                0x00004f3c        0x8 ./startup/startup_mk64f12.o
                0x00004f3c                UART0_RX_TX_IRQHandler
 .text.UART0_ERR_IRQHandler
                0x00004f44        0x8 ./startup/startup_mk64f12.o
                0x00004f44                UART0_ERR_IRQHandler
 .text.UART1_RX_TX_IRQHandler
                0x00004f4c        0x8 ./startup/startup_mk64f12.o
                0x00004f4c                UART1_RX_TX_IRQHandler
 .text.UART1_ERR_IRQHandler
                0x00004f54        0x8 ./startup/startup_mk64f12.o
                0x00004f54                UART1_ERR_IRQHandler
 .text.UART2_RX_TX_IRQHandler
                0x00004f5c        0x8 ./startup/startup_mk64f12.o
                0x00004f5c                UART2_RX_TX_IRQHandler
 .text.UART2_ERR_IRQHandler
                0x00004f64        0x8 ./startup/startup_mk64f12.o
                0x00004f64                UART2_ERR_IRQHandler
 .text.UART3_RX_TX_IRQHandler
                0x00004f6c        0x8 ./startup/startup_mk64f12.o
                0x00004f6c                UART3_RX_TX_IRQHandler
 .text.UART3_ERR_IRQHandler
                0x00004f74        0x8 ./startup/startup_mk64f12.o
                0x00004f74                UART3_ERR_IRQHandler
 .text.ADC0_IRQHandler
                0x00004f7c        0x8 ./startup/startup_mk64f12.o
                0x00004f7c                ADC0_IRQHandler
 .text.CMP0_IRQHandler
                0x00004f84        0x8 ./startup/startup_mk64f12.o
                0x00004f84                CMP0_IRQHandler
 .text.CMP1_IRQHandler
                0x00004f8c        0x8 ./startup/startup_mk64f12.o
                0x00004f8c                CMP1_IRQHandler
 .text.FTM0_IRQHandler
                0x00004f94        0x8 ./startup/startup_mk64f12.o
                0x00004f94                FTM0_IRQHandler
 .text.FTM1_IRQHandler
                0x00004f9c        0x8 ./startup/startup_mk64f12.o
                0x00004f9c                FTM1_IRQHandler
 .text.FTM2_IRQHandler
                0x00004fa4        0x8 ./startup/startup_mk64f12.o
                0x00004fa4                FTM2_IRQHandler
 .text.CMT_IRQHandler
                0x00004fac        0x8 ./startup/startup_mk64f12.o
                0x00004fac                CMT_IRQHandler
 .text.RTC_IRQHandler
                0x00004fb4        0x8 ./startup/startup_mk64f12.o
                0x00004fb4                RTC_IRQHandler
 .text.RTC_Seconds_IRQHandler
                0x00004fbc        0x8 ./startup/startup_mk64f12.o
                0x00004fbc                RTC_Seconds_IRQHandler
 .text.PIT1_IRQHandler
                0x00004fc4        0x8 ./startup/startup_mk64f12.o
                0x00004fc4                PIT1_IRQHandler
 .text.PIT2_IRQHandler
                0x00004fcc        0x8 ./startup/startup_mk64f12.o
                0x00004fcc                PIT2_IRQHandler
 .text.PIT3_IRQHandler
                0x00004fd4        0x8 ./startup/startup_mk64f12.o
                0x00004fd4                PIT3_IRQHandler
 .text.PDB0_IRQHandler
                0x00004fdc        0x8 ./startup/startup_mk64f12.o
                0x00004fdc                PDB0_IRQHandler
 .text.USB0_IRQHandler
                0x00004fe4        0x8 ./startup/startup_mk64f12.o
                0x00004fe4                USB0_IRQHandler
 .text.USBDCD_IRQHandler
                0x00004fec        0x8 ./startup/startup_mk64f12.o
                0x00004fec                USBDCD_IRQHandler
 .text.Reserved71_IRQHandler
                0x00004ff4        0x8 ./startup/startup_mk64f12.o
                0x00004ff4                Reserved71_IRQHandler
 .text.DAC0_IRQHandler
                0x00004ffc        0x8 ./startup/startup_mk64f12.o
                0x00004ffc                DAC0_IRQHandler
 .text.MCG_IRQHandler
                0x00005004        0x8 ./startup/startup_mk64f12.o
                0x00005004                MCG_IRQHandler
 .text.PORTA_IRQHandler
                0x0000500c        0x8 ./startup/startup_mk64f12.o
                0x0000500c                PORTA_IRQHandler
 .text.PORTC_IRQHandler
                0x00005014        0x8 ./startup/startup_mk64f12.o
                0x00005014                PORTC_IRQHandler
 .text.PORTD_IRQHandler
                0x0000501c        0x8 ./startup/startup_mk64f12.o
                0x0000501c                PORTD_IRQHandler
 .text.PORTE_IRQHandler
                0x00005024        0x8 ./startup/startup_mk64f12.o
                0x00005024                PORTE_IRQHandler
 .text.SWI_IRQHandler
                0x0000502c        0x8 ./startup/startup_mk64f12.o
                0x0000502c                SWI_IRQHandler
 .text.SPI2_IRQHandler
                0x00005034        0x8 ./startup/startup_mk64f12.o
                0x00005034                SPI2_IRQHandler
 .text.UART4_RX_TX_IRQHandler
                0x0000503c        0x8 ./startup/startup_mk64f12.o
                0x0000503c                UART4_RX_TX_IRQHandler
 .text.UART4_ERR_IRQHandler
                0x00005044        0x8 ./startup/startup_mk64f12.o
                0x00005044                UART4_ERR_IRQHandler
 .text.UART5_RX_TX_IRQHandler
                0x0000504c        0x8 ./startup/startup_mk64f12.o
                0x0000504c                UART5_RX_TX_IRQHandler
 .text.UART5_ERR_IRQHandler
                0x00005054        0x8 ./startup/startup_mk64f12.o
                0x00005054                UART5_ERR_IRQHandler
 .text.CMP2_IRQHandler
                0x0000505c        0x8 ./startup/startup_mk64f12.o
                0x0000505c                CMP2_IRQHandler
 .text.FTM3_IRQHandler
                0x00005064        0x8 ./startup/startup_mk64f12.o
                0x00005064                FTM3_IRQHandler
 .text.DAC1_IRQHandler
                0x0000506c        0x8 ./startup/startup_mk64f12.o
                0x0000506c                DAC1_IRQHandler
 .text.I2C2_IRQHandler
                0x00005074        0x8 ./startup/startup_mk64f12.o
                0x00005074                I2C2_IRQHandler
 .text.CAN0_ORed_Message_buffer_IRQHandler
                0x0000507c        0x8 ./startup/startup_mk64f12.o
                0x0000507c                CAN0_ORed_Message_buffer_IRQHandler
 .text.CAN0_Bus_Off_IRQHandler
                0x00005084        0x8 ./startup/startup_mk64f12.o
                0x00005084                CAN0_Bus_Off_IRQHandler
 .text.CAN0_Error_IRQHandler
                0x0000508c        0x8 ./startup/startup_mk64f12.o
                0x0000508c                CAN0_Error_IRQHandler
 .text.CAN0_Tx_Warning_IRQHandler
                0x00005094        0x8 ./startup/startup_mk64f12.o
                0x00005094                CAN0_Tx_Warning_IRQHandler
 .text.CAN0_Rx_Warning_IRQHandler
                0x0000509c        0x8 ./startup/startup_mk64f12.o
                0x0000509c                CAN0_Rx_Warning_IRQHandler
 .text.CAN0_Wake_Up_IRQHandler
                0x000050a4        0x8 ./startup/startup_mk64f12.o
                0x000050a4                CAN0_Wake_Up_IRQHandler
 .text.SDHC_IRQHandler
                0x000050ac        0x8 ./startup/startup_mk64f12.o
                0x000050ac                SDHC_IRQHandler
 .text.ENET_1588_Timer_IRQHandler
                0x000050b4        0x8 ./startup/startup_mk64f12.o
                0x000050b4                ENET_1588_Timer_IRQHandler
 .text.ENET_Transmit_IRQHandler
                0x000050bc        0x8 ./startup/startup_mk64f12.o
                0x000050bc                ENET_Transmit_IRQHandler
 .text.ENET_Receive_IRQHandler
                0x000050c4        0x8 ./startup/startup_mk64f12.o
                0x000050c4                ENET_Receive_IRQHandler
 .text.ENET_Error_IRQHandler
                0x000050cc        0x8 ./startup/startup_mk64f12.o
                0x000050cc                ENET_Error_IRQHandler
 .text.imagesoverlay
                0x000050d4      0x138 ./source/game/utilities.o
                0x000050d4                imagesoverlay
 .text.HardFault_Handler
                0x0000520c       0x2c ./source/semihost_hardfault.o
                0x0000520c                HardFault_Handler
 .text.Adafruit_GFX_writeLine
                0x00005238      0x146 ./drivers/custom/TFT/Adafruit_GFX.o
                0x00005238                Adafruit_GFX_writeLine
 .text.Adafruit_GFX_startWrite
                0x0000537e        0xe ./drivers/custom/TFT/Adafruit_GFX.o
                0x0000537e                Adafruit_GFX_startWrite
 .text.Adafruit_GFX_writePixel
                0x0000538c       0x2a ./drivers/custom/TFT/Adafruit_GFX.o
                0x0000538c                Adafruit_GFX_writePixel
 .text.Adafruit_GFX_writeFastVLine
                0x000053b6       0x38 ./drivers/custom/TFT/Adafruit_GFX.o
                0x000053b6                Adafruit_GFX_writeFastVLine
 .text.Adafruit_GFX_writeFillRect
                0x000053ee       0x40 ./drivers/custom/TFT/Adafruit_GFX.o
                0x000053ee                Adafruit_GFX_writeFillRect
 .text.Adafruit_GFX_endWrite
                0x0000542e        0xe ./drivers/custom/TFT/Adafruit_GFX.o
                0x0000542e                Adafruit_GFX_endWrite
 .text.Adafruit_GFX_drawFastVLine
                0x0000543c       0x52 ./drivers/custom/TFT/Adafruit_GFX.o
                0x0000543c                Adafruit_GFX_drawFastVLine
 .text.Adafruit_GFX_fillRect
                0x0000548e       0x64 ./drivers/custom/TFT/Adafruit_GFX.o
                0x0000548e                Adafruit_GFX_fillRect
 .text.Adafruit_GFX_write_String
                0x000054f2       0x44 ./drivers/custom/TFT/Adafruit_GFX.o
                0x000054f2                Adafruit_GFX_write_String
 .text.LCD_Delay_us
                0x00005536       0x2e ./drivers/custom/TFT/MCUFRIEND_kbv.o
                0x00005536                LCD_Delay_us
 .text.WriteCmdParam4
                0x00005564       0x48 ./drivers/custom/TFT/MCUFRIEND_kbv.o
 .text.MCUFRIEND_kbv_pushCommand
                0x000055ac       0x26 ./drivers/custom/TFT/MCUFRIEND_kbv.o
                0x000055ac                MCUFRIEND_kbv_pushCommand
 .text.MCUFRIEND_kbv_readReg32
                0x000055d2       0x36 ./drivers/custom/TFT/MCUFRIEND_kbv.o
                0x000055d2                MCUFRIEND_kbv_readReg32
 .text.MCUFRIEND_kbv_readReg40
                0x00005608       0x4e ./drivers/custom/TFT/MCUFRIEND_kbv.o
                0x00005608                MCUFRIEND_kbv_readReg40
 .text.init_table
                0x00005656       0xb2 ./drivers/custom/TFT/MCUFRIEND_kbv.o
 .text.CLOCK_EnableClock
                0x00005708       0x34 ./drivers/custom/JOYSTICK/JOYSTICK.o
 .text.EnableIRQ
                0x0000573c       0x2c ./drivers/custom/JOYSTICK/JOYSTICK.o
 .text.ADC16_EnableHardwareTrigger
                0x00005768       0x38 ./drivers/custom/JOYSTICK/JOYSTICK.o
 .text.PIT_EnableInterrupts
                0x000057a0       0x3a ./drivers/custom/JOYSTICK/JOYSTICK.o
 .text.PIT_ClearStatusFlags
                0x000057da       0x2a ./drivers/custom/JOYSTICK/JOYSTICK.o
 .text.PIT_SetTimerPeriod
                0x00005804       0x28 ./drivers/custom/JOYSTICK/JOYSTICK.o
 .text.PIT_StartTimer
                0x0000582c       0x38 ./drivers/custom/JOYSTICK/JOYSTICK.o
 .text.CLOCK_EnableClock
                0x00005864       0x34 ./drivers/custom/HAPTIC/BUTTON.o
 .text.GPIO_PortSet
                0x00005898       0x1c ./drivers/custom/HAPTIC/BUTTON.o
 .text.GPIO_PortClear
                0x000058b4       0x1c ./drivers/custom/HAPTIC/BUTTON.o
 .text.GPIO_PinRead
                0x000058d0       0x24 ./drivers/custom/HAPTIC/BUTTON.o
 .text.PORT_SetPinInterruptConfig
                0x000058f4       0x3a ./drivers/custom/HAPTIC/BUTTON.o
 .text.LPTMR_EnableInterrupts
                0x0000592e       0x32 ./drivers/custom/HAPTIC/BUTTON.o
 .text.LPTMR_ClearStatusFlags
                0x00005960       0x22 ./drivers/custom/HAPTIC/BUTTON.o
 .text.LPTMR_StartTimer
                0x00005982       0x30 ./drivers/custom/HAPTIC/BUTTON.o
 .text.LPTMR_StopTimer
                0x000059b2       0x30 ./drivers/custom/HAPTIC/BUTTON.o
 .text.CLOCK_EnableClock
                0x000059e2       0x34 ./drivers/fsl_adc16.o
 .text.ADC16_DoAutoCalibration
                0x00005a16      0x10a ./drivers/fsl_adc16.o
                0x00005a16                ADC16_DoAutoCalibration
 .text.ADC16_GetStatusFlags
                0x00005b20       0x42 ./drivers/fsl_adc16.o
                0x00005b20                ADC16_GetStatusFlags
 .text.CLOCK_EnableClock
                0x00005b62       0x34 ./drivers/fsl_clock.o
 .text.CLOCK_DisableClock
                0x00005b96       0x38 ./drivers/fsl_clock.o
 .text.OSC_SetExtRefClkConfig
                0x00005bce       0x34 ./drivers/fsl_clock.o
 .text.OSC_SetCapLoad
                0x00005c02       0x34 ./drivers/fsl_clock.o
 .text.DSPI_IsMaster
                0x00005c36       0x1c ./drivers/fsl_dspi.o
 .text.GPIO_PinWrite
                0x00005c52       0x36 ./drivers/fsl_gpio.o
 .text.CLOCK_EnableClock
                0x00005c88       0x34 ./drivers/fsl_lptmr.o
 .text.CLOCK_EnableClock
                0x00005cbc       0x34 ./drivers/fsl_pit.o
 .text.UART0_RX_TX_DriverIRQHandler
                0x00005cf0       0x10 ./drivers/fsl_uart.o
                0x00005cf0                UART0_RX_TX_DriverIRQHandler
 .text.UART1_RX_TX_DriverIRQHandler
                0x00005d00       0x10 ./drivers/fsl_uart.o
                0x00005d00                UART1_RX_TX_DriverIRQHandler
 .text.UART2_RX_TX_DriverIRQHandler
                0x00005d10       0x10 ./drivers/fsl_uart.o
                0x00005d10                UART2_RX_TX_DriverIRQHandler
 .text.UART3_RX_TX_DriverIRQHandler
                0x00005d20       0x10 ./drivers/fsl_uart.o
                0x00005d20                UART3_RX_TX_DriverIRQHandler
 .text.UART4_RX_TX_DriverIRQHandler
                0x00005d30       0x10 ./drivers/fsl_uart.o
                0x00005d30                UART4_RX_TX_DriverIRQHandler
 .text.UART5_RX_TX_DriverIRQHandler
                0x00005d40       0x10 ./drivers/fsl_uart.o
                0x00005d40                UART5_RX_TX_DriverIRQHandler
 .text.SystemInitHook
                0x00005d50        0xe ./device/system_MK64F12.o
                0x00005d50                SystemInitHook
 .text.CLOCK_EnableClock
                0x00005d5e       0x34 ./board/clock_config.o
 .text.CLOCK_DisableClock
                0x00005d92       0x38 ./board/clock_config.o
 .text.BOARD_InitBootClocks
                0x00005dca        0xc ./board/clock_config.o
                0x00005dca                BOARD_InitBootClocks
 .text.__main   0x00005dd6        0xe c:/nxp/mcuxpressoide_10.3.0_2200/ide/plugins/com.nxp.mcuxpresso.tools.win32_10.3.0.201811011841/tools/bin/../lib/gcc/arm-none-eabi/7.3.1/../../../../arm-none-eabi/lib/thumb/v7e-m/fpv4-sp/hard\libcr_semihost_nf.a(_cr__main.o)
                0x00005dd6                __CR_SEMIHOST
                0x00005dd6                __main
 .text.memset   0x00005de4        0x4 c:/nxp/mcuxpressoide_10.3.0_2200/ide/plugins/com.nxp.mcuxpresso.tools.win32_10.3.0.201811011841/tools/bin/../lib/gcc/arm-none-eabi/7.3.1/../../../../arm-none-eabi/lib/thumb/v7e-m/fpv4-sp/hard\libcr_c.a(memset.o)
                0x00005de4                memset
 .text._deferredlazyseek
                0x00005de8       0x40 c:/nxp/mcuxpressoide_10.3.0_2200/ide/plugins/com.nxp.mcuxpresso.tools.win32_10.3.0.201811011841/tools/bin/../lib/gcc/arm-none-eabi/7.3.1/../../../../arm-none-eabi/lib/thumb/v7e-m/fpv4-sp/hard\libcr_c.a(_deferredlazyseek.o)
                0x00005de8                _deferredlazyseek
 .text.__flsbuf
                0x00005e28      0x140 c:/nxp/mcuxpressoide_10.3.0_2200/ide/plugins/com.nxp.mcuxpresso.tools.win32_10.3.0.201811011841/tools/bin/../lib/gcc/arm-none-eabi/7.3.1/../../../../arm-none-eabi/lib/thumb/v7e-m/fpv4-sp/hard\libcr_c.a(_deferredlazyseek.o)
                0x00005e28                __flsbuf
 .text._fflush  0x00005f68       0x52 c:/nxp/mcuxpressoide_10.3.0_2200/ide/plugins/com.nxp.mcuxpresso.tools.win32_10.3.0.201811011841/tools/bin/../lib/gcc/arm-none-eabi/7.3.1/../../../../arm-none-eabi/lib/thumb/v7e-m/fpv4-sp/hard\libcr_c.a(_fflush.o)
                0x00005f68                _fflush
 .text.free     0x00005fba       0x30 c:/nxp/mcuxpressoide_10.3.0_2200/ide/plugins/com.nxp.mcuxpresso.tools.win32_10.3.0.201811011841/tools/bin/../lib/gcc/arm-none-eabi/7.3.1/../../../../arm-none-eabi/lib/thumb/v7e-m/fpv4-sp/hard\libcr_c.a(alloc.o)
                0x00005fba                free
 .text.fputs    0x00005fea       0x2c c:/nxp/mcuxpressoide_10.3.0_2200/ide/plugins/com.nxp.mcuxpresso.tools.win32_10.3.0.201811011841/tools/bin/../lib/gcc/arm-none-eabi/7.3.1/../../../../arm-none-eabi/lib/thumb/v7e-m/fpv4-sp/hard\libcr_c.a(fputs.o)
                0x00005fea                fputs
 .text.abs      0x00006016        0x8 c:/nxp/mcuxpressoide_10.3.0_2200/ide/plugins/com.nxp.mcuxpresso.tools.win32_10.3.0.201811011841/tools/bin/../lib/gcc/arm-none-eabi/7.3.1/../../../../arm-none-eabi/lib/thumb/v7e-m/fpv4-sp/hard\libcr_c.a(stdlib.o)
                0x00006016                abs
 .text.strlen   0x0000601e       0x4a c:/nxp/mcuxpressoide_10.3.0_2200/ide/plugins/com.nxp.mcuxpresso.tools.win32_10.3.0.201811011841/tools/bin/../lib/gcc/arm-none-eabi/7.3.1/../../../../arm-none-eabi/lib/thumb/v7e-m/fpv4-sp/hard\libcr_c.a(strlen.o)
                0x0000601e                strlen
 .text._fdopen  0x00006068       0x68 c:/nxp/mcuxpressoide_10.3.0_2200/ide/plugins/com.nxp.mcuxpresso.tools.win32_10.3.0.201811011841/tools/bin/../lib/gcc/arm-none-eabi/7.3.1/../../../../arm-none-eabi/lib/thumb/v7e-m/fpv4-sp/hard\libcr_c.a(_fdopen.o)
                0x00006068                _fdopen
 .text.fclose   0x000060d0       0x58 c:/nxp/mcuxpressoide_10.3.0_2200/ide/plugins/com.nxp.mcuxpresso.tools.win32_10.3.0.201811011841/tools/bin/../lib/gcc/arm-none-eabi/7.3.1/../../../../arm-none-eabi/lib/thumb/v7e-m/fpv4-sp/hard\libcr_c.a(fclose.o)
                0x000060d0                fclose
 .text.remove   0x00006128       0x14 c:/nxp/mcuxpressoide_10.3.0_2200/ide/plugins/com.nxp.mcuxpresso.tools.win32_10.3.0.201811011841/tools/bin/../lib/gcc/arm-none-eabi/7.3.1/../../../../arm-none-eabi/lib/thumb/v7e-m/fpv4-sp/hard\libcr_c.a(remove.o)
                0x00006128                remove
 .text._do_fflush
                0x0000613c       0x40 c:/nxp/mcuxpressoide_10.3.0_2200/ide/plugins/com.nxp.mcuxpresso.tools.win32_10.3.0.201811011841/tools/bin/../lib/gcc/arm-none-eabi/7.3.1/../../../../arm-none-eabi/lib/thumb/v7e-m/fpv4-sp/hard\libcr_c.a(_do_fflush.o)
                0x0000613c                _do_fflush
 .text.__aeabi_d2iz
                0x0000617c       0x40 c:/nxp/mcuxpressoide_10.3.0_2200/ide/plugins/com.nxp.mcuxpresso.tools.win32_10.3.0.201811011841/tools/bin/../lib/gcc/arm-none-eabi/7.3.1/thumb/v7e-m/fpv4-sp/hard\libcr_eabihelpers.a(double.o)
                0x0000617c                __aeabi_d2iz
 .text.__bhs_ui2d
                0x000061bc       0x46 c:/nxp/mcuxpressoide_10.3.0_2200/ide/plugins/com.nxp.mcuxpresso.tools.win32_10.3.0.201811011841/tools/bin/../lib/gcc/arm-none-eabi/7.3.1/thumb/v7e-m/fpv4-sp/hard\libcr_eabihelpers.a(double.o)
                0x000061bc                __bhs_ui2d
 .text.__aeabi_i2d
                0x00006202       0x12 c:/nxp/mcuxpressoide_10.3.0_2200/ide/plugins/com.nxp.mcuxpresso.tools.win32_10.3.0.201811011841/tools/bin/../lib/gcc/arm-none-eabi/7.3.1/thumb/v7e-m/fpv4-sp/hard\libcr_eabihelpers.a(double.o)
                0x00006202                __aeabi_i2d
 .text.__aeabi_memset_lowlevel
                0x00006214       0x32 c:/nxp/mcuxpressoide_10.3.0_2200/ide/plugins/com.nxp.mcuxpresso.tools.win32_10.3.0.201811011841/tools/bin/../lib/gcc/arm-none-eabi/7.3.1/thumb/v7e-m/fpv4-sp/hard\libcr_eabihelpers.a(memcpy.o)
                0x00006214                __aeabi_lowlevel_memset
 .text.__sys_close
                0x00006246        0xc c:/nxp/mcuxpressoide_10.3.0_2200/ide/plugins/com.nxp.mcuxpresso.tools.win32_10.3.0.201811011841/tools/bin/../lib/gcc/arm-none-eabi/7.3.1/../../../../arm-none-eabi/lib/thumb/v7e-m/fpv4-sp/hard\libcr_semihost_nf.a(__sys_close.o)
                0x00006246                __sys_close
 .text.__sys_flen
                0x00006252        0xc c:/nxp/mcuxpressoide_10.3.0_2200/ide/plugins/com.nxp.mcuxpresso.tools.win32_10.3.0.201811011841/tools/bin/../lib/gcc/arm-none-eabi/7.3.1/../../../../arm-none-eabi/lib/thumb/v7e-m/fpv4-sp/hard\libcr_semihost_nf.a(__sys_flen.o)
                0x00006252                __sys_flen
 .text.__sys_istty
                0x0000625e        0xc c:/nxp/mcuxpressoide_10.3.0_2200/ide/plugins/com.nxp.mcuxpresso.tools.win32_10.3.0.201811011841/tools/bin/../lib/gcc/arm-none-eabi/7.3.1/../../../../arm-none-eabi/lib/thumb/v7e-m/fpv4-sp/hard\libcr_semihost_nf.a(__sys_istty.o)
                0x0000625e                __sys_istty
 .text.__sys_remove
                0x0000626a        0xc c:/nxp/mcuxpressoide_10.3.0_2200/ide/plugins/com.nxp.mcuxpresso.tools.win32_10.3.0.201811011841/tools/bin/../lib/gcc/arm-none-eabi/7.3.1/../../../../arm-none-eabi/lib/thumb/v7e-m/fpv4-sp/hard\libcr_semihost_nf.a(__sys_remove.o)
                0x0000626a                __sys_remove
 .text.__sys_seek
                0x00006276        0xc c:/nxp/mcuxpressoide_10.3.0_2200/ide/plugins/com.nxp.mcuxpresso.tools.win32_10.3.0.201811011841/tools/bin/../lib/gcc/arm-none-eabi/7.3.1/../../../../arm-none-eabi/lib/thumb/v7e-m/fpv4-sp/hard\libcr_semihost_nf.a(__sys_seek.o)
                0x00006276                __sys_seek
 .text.__sys_tmpnam
                0x00006282        0xc c:/nxp/mcuxpressoide_10.3.0_2200/ide/plugins/com.nxp.mcuxpresso.tools.win32_10.3.0.201811011841/tools/bin/../lib/gcc/arm-none-eabi/7.3.1/../../../../arm-none-eabi/lib/thumb/v7e-m/fpv4-sp/hard\libcr_semihost_nf.a(__sys_tmpnam.o)
                0x00006282                __sys_tmpnam
 .text.__sys_write
                0x0000628e        0xc c:/nxp/mcuxpressoide_10.3.0_2200/ide/plugins/com.nxp.mcuxpresso.tools.win32_10.3.0.201811011841/tools/bin/../lib/gcc/arm-none-eabi/7.3.1/../../../../arm-none-eabi/lib/thumb/v7e-m/fpv4-sp/hard\libcr_semihost_nf.a(__sys_write.o)
                0x0000628e                __sys_write
 *(SORT_BY_ALIGNMENT(.rodata) SORT_BY_ALIGNMENT(.rodata.*) SORT_BY_ALIGNMENT(.constdata) SORT_BY_ALIGNMENT(.constdata.*))
 *fill*         0x0000629a        0x2 ff
 .rodata.angrybirds_regular20pt7bBitmaps
                0x0000629c     0x1407 ./source/game/game_fsm.o
                0x0000629c                angrybirds_regular20pt7bBitmaps
 *fill*         0x000076a3        0x1 ff
 .rodata.angrybirds_regular20pt7bGlyphs
                0x000076a4      0x2f8 ./source/game/game_fsm.o
                0x000076a4                angrybirds_regular20pt7bGlyphs
 .rodata.angrybirds_regular20pt7b
                0x0000799c        0xc ./source/game/game_fsm.o
                0x0000799c                angrybirds_regular20pt7b
 .rodata.angrybirds_regular12pt7bBitmaps
                0x000079a8      0x7c3 ./source/game/game_fsm.o
                0x000079a8                angrybirds_regular12pt7bBitmaps
 *fill*         0x0000816b        0x1 ff
 .rodata.angrybirds_regular12pt7bGlyphs
                0x0000816c      0x2f8 ./source/game/game_fsm.o
                0x0000816c                angrybirds_regular12pt7bGlyphs
 .rodata.angrybirds_regular12pt7b
                0x00008464        0xc ./source/game/game_fsm.o
                0x00008464                angrybirds_regular12pt7b
 .rodata        0x00008470       0x2c ./source/game/game_fsm.o
 .rodata.Background
                0x0000849c    0x25800 ./drivers/custom/TFT/images/Background.o
                0x0000849c                Background
 .rodata.BirdOne
                0x0002dc9c      0x200 ./drivers/custom/TFT/images/BirdOne.o
                0x0002dc9c                BirdOne
 .rodata.Caratula1
                0x0002de9c    0x25800 ./drivers/custom/TFT/images/Caratula1.o
                0x0002de9c                Caratula1
 .rodata.Caratula2
                0x0005369c    0x25800 ./drivers/custom/TFT/images/Caratula2.o
                0x0005369c                Caratula2
 .rodata.font   0x00078e9c      0x500 ./drivers/custom/TFT/Adafruit_GFX.o
 .rodata        0x0007939c        0x3 ./drivers/custom/TFT/MCUFRIEND_kbv.o
 *fill*         0x0007939f        0x1 ff
 .rodata.ILI9341_regValues_2_4.7352
                0x000793a0       0x65 ./drivers/custom/TFT/MCUFRIEND_kbv.o
 *fill*         0x00079405        0x3 ff
 .rodata.reset_off.7354
                0x00079408        0x9 ./drivers/custom/TFT/MCUFRIEND_kbv.o
 *fill*         0x00079411        0x3 ff
 .rodata.wake_on.7355
                0x00079414        0x6 ./drivers/custom/TFT/MCUFRIEND_kbv.o
 *fill*         0x0007941a        0x2 ff
 .rodata        0x0007941c       0x62 ./drivers/custom/JOYSTICK/JOYSTICK.o
 *fill*         0x0007947e        0x2 ff
 .rodata        0x00079480       0x4b ./drivers/custom/HAPTIC/BUTTON.o
 *fill*         0x000794cb        0x1 ff
 .rodata.s_adc16Bases
                0x000794cc        0x8 ./drivers/fsl_adc16.o
 .rodata.s_adc16Clocks
                0x000794d4        0x8 ./drivers/fsl_adc16.o
 .rodata        0x000794dc      0x13a ./drivers/fsl_adc16.o
 *fill*         0x00079616        0x2 ff
 .rodata        0x00079618      0x149 ./drivers/fsl_clock.o
 *fill*         0x00079761        0x3 ff
 .rodata        0x00079764      0x509 ./drivers/fsl_dspi.o
 *fill*         0x00079c6d        0x3 ff
 .rodata        0x00079c70      0xbf0 ./drivers/fsl_edma.o
 .rodata.s_portBases
                0x0007a860       0x14 ./drivers/fsl_gpio.o
 .rodata.s_gpioBases
                0x0007a874       0x14 ./drivers/fsl_gpio.o
 .rodata        0x0007a888       0x63 ./drivers/fsl_gpio.o
 *fill*         0x0007a8eb        0x1 ff
 .rodata        0x0007a8ec       0x88 ./drivers/fsl_lptmr.o
 .rodata        0x0007a974       0x5d ./drivers/fsl_pit.o
 *fill*         0x0007a9d1        0x3 ff
 .rodata.mcgConfig_BOARD_BootClockRUN
                0x0007a9d4        0xb ./board/clock_config.o
                0x0007a9d4                mcgConfig_BOARD_BootClockRUN
 *fill*         0x0007a9df        0x1 ff
 .rodata.simConfig_BOARD_BootClockRUN
                0x0007a9e0        0x8 ./board/clock_config.o
                0x0007a9e0                simConfig_BOARD_BootClockRUN
 .rodata.oscConfig_BOARD_BootClockRUN
                0x0007a9e8        0x8 ./board/clock_config.o
                0x0007a9e8                oscConfig_BOARD_BootClockRUN
 .rodata.__num_Ciob_streams
                0x0007a9f0        0x4 c:/nxp/mcuxpressoide_10.3.0_2200/ide/plugins/com.nxp.mcuxpresso.tools.win32_10.3.0.201811011841/tools/bin/../lib/gcc/arm-none-eabi/7.3.1/../../../../arm-none-eabi/lib/thumb/v7e-m/fpv4-sp/hard\libcr_semihost_nf.a(__ciob.o)
                0x0007a9f0                __num_Ciob_streams
 .rodata.__assertion_failed.str1.1
                0x0007a9f4       0x15 c:/nxp/mcuxpressoide_10.3.0_2200/ide/plugins/com.nxp.mcuxpresso.tools.win32_10.3.0.201811011841/tools/bin/../lib/gcc/arm-none-eabi/7.3.1/../../../../arm-none-eabi/lib/thumb/v7e-m/fpv4-sp/hard\libcr_semihost_nf.a(_cr_assert.o)
 .rodata._Csys_alloc.str1.1
                0x0007aa09       0x18 c:/nxp/mcuxpressoide_10.3.0_2200/ide/plugins/com.nxp.mcuxpresso.tools.win32_10.3.0.201811011841/tools/bin/../lib/gcc/arm-none-eabi/7.3.1/../../../../arm-none-eabi/lib/thumb/v7e-m/fpv4-sp/hard\libcr_c.a(alloc.o)
 .rodata._initio.str1.1
                0x0007aa21        0x4 c:/nxp/mcuxpressoide_10.3.0_2200/ide/plugins/com.nxp.mcuxpresso.tools.win32_10.3.0.201811011841/tools/bin/../lib/gcc/arm-none-eabi/7.3.1/../../../../arm-none-eabi/lib/thumb/v7e-m/fpv4-sp/hard\libcr_c.a(initio.o)
                0x0007aa28                . = ALIGN (0x8)
 *fill*         0x0007aa25        0x3 ff

.glue_7         0x0007aa28        0x0
 .glue_7        0x0007aa28        0x0 linker stubs

.glue_7t        0x0007aa28        0x0
 .glue_7t       0x0007aa28        0x0 linker stubs

.vfp11_veneer   0x0007aa28        0x0
 .vfp11_veneer  0x0007aa28        0x0 linker stubs

.v4_bx          0x0007aa28        0x0
 .v4_bx         0x0007aa28        0x0 linker stubs

.iplt           0x0007aa28        0x0
 .iplt          0x0007aa28        0x0 ./startup/startup_mk64f12.o

.rel.dyn        0x0007aa28        0x0
 .rel.iplt      0x0007aa28        0x0 ./startup/startup_mk64f12.o

.ARM.extab
 *(SORT_BY_ALIGNMENT(.ARM.extab*) SORT_BY_ALIGNMENT(.gnu.linkonce.armextab.*))
                0x0007aa28                __exidx_start = .

.ARM.exidx
 *(SORT_BY_ALIGNMENT(.ARM.exidx*) SORT_BY_ALIGNMENT(.gnu.linkonce.armexidx.*))
                0x0007aa28                __exidx_end = .
                0x0007aa28                _etext = .

.m_usb_data
 *(SORT_BY_ALIGNMENT(m_usb_bdt))

.data_RAM2      0x1fff0000        0x0 load address 0x0007aa28
 FILL mask 0xff
                [!provide]                PROVIDE (__start_data_RAM2 = .)
 *(SORT_BY_ALIGNMENT(.ramfunc.$RAM2))
 *(SORT_BY_ALIGNMENT(.ramfunc.$SRAM_LOWER))
 *(SORT_BY_ALIGNMENT(.data.$RAM2*))
 *(SORT_BY_ALIGNMENT(.data.$SRAM_LOWER*))
                0x1fff0000                . = ALIGN (0x8)
                [!provide]                PROVIDE (__end_data_RAM2 = .)

.data_RAM3      0x14000000        0x0 load address 0x0007aa28
 FILL mask 0xff
                [!provide]                PROVIDE (__start_data_RAM3 = .)
 *(SORT_BY_ALIGNMENT(.ramfunc.$RAM3))
 *(SORT_BY_ALIGNMENT(.ramfunc.$FLEX_RAM))
 *(SORT_BY_ALIGNMENT(.data.$RAM3*))
 *(SORT_BY_ALIGNMENT(.data.$FLEX_RAM*))
                0x14000000                . = ALIGN (0x8)
                [!provide]                PROVIDE (__end_data_RAM3 = .)

.uninit_RESERVED
                0x20000000        0x0
 *(SORT_BY_ALIGNMENT(.bss.$RESERVED*))
                0x20000000                . = ALIGN (0x4)
                0x20000000                _end_uninit_RESERVED = .

.data           0x20000000       0x20 load address 0x0007aa28
 FILL mask 0xff
                0x20000000                _data = .
 *(SORT_BY_ALIGNMENT(vtable))
 *(SORT_BY_ALIGNMENT(.ramfunc*))
 *(SORT_BY_ALIGNMENT(.data*))
 .data.SystemCoreClock
                0x20000000        0x4 ./device/system_MK64F12.o
                0x20000000                SystemCoreClock
 .data.LastX    0x20000004        0x2 ./source/game/fix_shot_fsm.o
                0x20000004                LastX
 .data.LastY    0x20000006        0x2 ./source/game/fix_shot_fsm.o
                0x20000006                LastY
 .data._width   0x20000008        0x2 ./drivers/custom/TFT/Adafruit_GFX.o
                0x20000008                _width
 .data._height  0x2000000a        0x2 ./drivers/custom/TFT/Adafruit_GFX.o
                0x2000000a                _height
 .data.textcolor
                0x2000000c        0x2 ./drivers/custom/TFT/Adafruit_GFX.o
                0x2000000c                textcolor
 .data.textbgcolor
                0x2000000e        0x2 ./drivers/custom/TFT/Adafruit_GFX.o
                0x2000000e                textbgcolor
 .data.WIDTH    0x20000010        0x2 ./drivers/custom/TFT/MCUFRIEND_kbv.o
 .data.HEIGHT   0x20000012        0x2 ./drivers/custom/TFT/MCUFRIEND_kbv.o
 .data.width    0x20000014        0x2 ./drivers/custom/TFT/MCUFRIEND_kbv.o
 .data.height   0x20000016        0x2 ./drivers/custom/TFT/MCUFRIEND_kbv.o
 .data.textsize
                0x20000018        0x1 ./drivers/custom/TFT/Adafruit_GFX.o
                0x20000018                textsize
 .data.wrap     0x20000019        0x1 ./drivers/custom/TFT/Adafruit_GFX.o
                0x20000019                wrap
                0x20000020                . = ALIGN (0x8)
 *fill*         0x2000001a        0x6 ff
                0x20000020                _edata = .

.igot.plt       0x20000020        0x0 load address 0x0007aa48
 .igot.plt      0x20000020        0x0 ./startup/startup_mk64f12.o

.bss_RAM2       0x1fff0000        0x0
                [!provide]                PROVIDE (__start_bss_RAM2 = .)
 *(SORT_BY_ALIGNMENT(.bss.$RAM2*))
 *(SORT_BY_ALIGNMENT(.bss.$SRAM_LOWER*))
                0x1fff0000                . = ALIGN ((. != 0x0)?0x8:0x1)
                [!provide]                PROVIDE (__end_bss_RAM2 = .)

.bss_RAM3       0x14000000        0x0
                [!provide]                PROVIDE (__start_bss_RAM3 = .)
 *(SORT_BY_ALIGNMENT(.bss.$RAM3*))
 *(SORT_BY_ALIGNMENT(.bss.$FLEX_RAM*))
                0x14000000                . = ALIGN ((. != 0x0)?0x8:0x1)
                [!provide]                PROVIDE (__end_bss_RAM3 = .)

.bss            0x20000020     0xa910
                0x20000020                _bss = .
 *(SORT_BY_ALIGNMENT(.bss*))
 .bss.actual_sprint_buffer2
                0x20000020     0x6b80 ./source/game/fix_shot_fsm.o
                0x20000020                actual_sprint_buffer2
 .bss.actual_sprint_buffer
                0x20006ba0     0x3c00 ./source/game/game_fsm.o
                0x20006ba0                actual_sprint_buffer
 .bss.gfxFont   0x2000a7a0        0x4 ./drivers/custom/TFT/Adafruit_GFX.o
                0x2000a7a0                gfxFont
 .bss.JOYSTICK_ChannelConfigStruct
                0x2000a7a4        0x8 ./drivers/custom/JOYSTICK/JOYSTICK.o
                0x2000a7a4                JOYSTICK_ChannelConfigStruct
 .bss.joystick  0x2000a7ac        0x8 ./drivers/custom/JOYSTICK/JOYSTICK.o
                0x2000a7ac                joystick
 .bss._interrupt_flag
                0x2000a7b4        0x4 ./drivers/custom/GLOBAL.o
                0x2000a7b4                _interrupt_flag
 .bss.g_xtal0Freq
                0x2000a7b8        0x4 ./drivers/fsl_clock.o
                0x2000a7b8                g_xtal0Freq
 .bss.g_dspiHandle
                0x2000a7bc        0xc ./drivers/fsl_dspi.o
 .bss.s_dspiMasterIsr
                0x2000a7c8        0x4 ./drivers/fsl_dspi.o
 .bss.s_dspiSlaveIsr
                0x2000a7cc        0x4 ./drivers/fsl_dspi.o
 .bss.s_EDMAHandle
                0x2000a7d0       0x40 ./drivers/fsl_edma.o
 .bss.s_i2cHandle
                0x2000a810        0xc ./drivers/fsl_i2c.o
 .bss.s_i2cMasterIsr
                0x2000a81c        0x4 ./drivers/fsl_i2c.o
 .bss.s_i2cSlaveIsr
                0x2000a820        0x4 ./drivers/fsl_i2c.o
 .bss.s_uartHandle
                0x2000a824       0x18 ./drivers/fsl_uart.o
 .bss.s_uartIsr
                0x2000a83c        0x4 ./drivers/fsl_uart.o
 .bss.__Ciob    0x2000a840       0xb4 c:/nxp/mcuxpressoide_10.3.0_2200/ide/plugins/com.nxp.mcuxpresso.tools.win32_10.3.0.201811011841/tools/bin/../lib/gcc/arm-none-eabi/7.3.1/../../../../arm-none-eabi/lib/thumb/v7e-m/fpv4-sp/hard\libcr_semihost_nf.a(__ciob.o)
                0x2000a840                __Ciob
 .bss.__end_of_heap
                0x2000a8f4        0x4 c:/nxp/mcuxpressoide_10.3.0_2200/ide/plugins/com.nxp.mcuxpresso.tools.win32_10.3.0.201811011841/tools/bin/../lib/gcc/arm-none-eabi/7.3.1/../../../../arm-none-eabi/lib/thumb/v7e-m/fpv4-sp/hard\libcr_c.a(__init_alloc.o)
                0x2000a8f4                __end_of_heap
 .bss.__heaps   0x2000a8f8        0x4 c:/nxp/mcuxpressoide_10.3.0_2200/ide/plugins/com.nxp.mcuxpresso.tools.win32_10.3.0.201811011841/tools/bin/../lib/gcc/arm-none-eabi/7.3.1/../../../../arm-none-eabi/lib/thumb/v7e-m/fpv4-sp/hard\libcr_c.a(__init_alloc.o)
                0x2000a8f8                __heaps
 .bss.errno     0x2000a8fc        0x4 c:/nxp/mcuxpressoide_10.3.0_2200/ide/plugins/com.nxp.mcuxpresso.tools.win32_10.3.0.201811011841/tools/bin/../lib/gcc/arm-none-eabi/7.3.1/../../../../arm-none-eabi/lib/thumb/v7e-m/fpv4-sp/hard\libcr_c.a(errno.o)
                0x2000a8fc                errno
 .bss.left_span
                0x2000a900        0x2 ./source/game/fix_shot_fsm.o
                0x2000a900                left_span
 .bss.rigth_span
                0x2000a902        0x2 ./source/game/fix_shot_fsm.o
                0x2000a902                rigth_span
 .bss.up_span   0x2000a904        0x2 ./source/game/fix_shot_fsm.o
                0x2000a904                up_span
 .bss.down_span
                0x2000a906        0x2 ./source/game/fix_shot_fsm.o
                0x2000a906                down_span
 .bss.cursor_y  0x2000a908        0x2 ./drivers/custom/TFT/Adafruit_GFX.o
                0x2000a908                cursor_y
 .bss.cursor_x  0x2000a90a        0x2 ./drivers/custom/TFT/Adafruit_GFX.o
                0x2000a90a                cursor_x
 .bss._lcd_xor  0x2000a90c        0x2 ./drivers/custom/TFT/MCUFRIEND_kbv.o
                0x2000a90c                _lcd_xor
 .bss._lcd_capable
                0x2000a90e        0x2 ./drivers/custom/TFT/MCUFRIEND_kbv.o
                0x2000a90e                _lcd_capable
 .bss._lcd_ID   0x2000a910        0x2 ./drivers/custom/TFT/MCUFRIEND_kbv.o
                0x2000a910                _lcd_ID
 .bss._lcd_rev  0x2000a912        0x2 ./drivers/custom/TFT/MCUFRIEND_kbv.o
                0x2000a912                _lcd_rev
 .bss._lcd_madctl
                0x2000a914        0x2 ./drivers/custom/TFT/MCUFRIEND_kbv.o
                0x2000a914                _lcd_madctl
 .bss._MC       0x2000a916        0x2 ./drivers/custom/TFT/MCUFRIEND_kbv.o
                0x2000a916                _MC
 .bss._MP       0x2000a918        0x2 ./drivers/custom/TFT/MCUFRIEND_kbv.o
                0x2000a918                _MP
 .bss._MW       0x2000a91a        0x2 ./drivers/custom/TFT/MCUFRIEND_kbv.o
                0x2000a91a                _MW
 .bss._SC       0x2000a91c        0x2 ./drivers/custom/TFT/MCUFRIEND_kbv.o
                0x2000a91c                _SC
 .bss._EC       0x2000a91e        0x2 ./drivers/custom/TFT/MCUFRIEND_kbv.o
                0x2000a91e                _EC
 .bss._SP       0x2000a920        0x2 ./drivers/custom/TFT/MCUFRIEND_kbv.o
                0x2000a920                _SP
 .bss._EP       0x2000a922        0x2 ./drivers/custom/TFT/MCUFRIEND_kbv.o
                0x2000a922                _EP
 .bss.rotation  0x2000a924        0x2 ./drivers/custom/TFT/MCUFRIEND_kbv.o
 .bss.adc16_data
                0x2000a926        0x2 ./drivers/custom/JOYSTICK/JOYSTICK.o
                0x2000a926                adc16_data
 .bss.game_state
                0x2000a928        0x1 ./source/game/game_fsm.o
                0x2000a928                game_state
 .bss.rotation  0x2000a929        0x1 ./drivers/custom/TFT/Adafruit_GFX.o
                0x2000a929                rotation
 .bss._cp437    0x2000a92a        0x1 ./drivers/custom/TFT/Adafruit_GFX.o
                0x2000a92a                _cp437
 .bss.done_reset
                0x2000a92b        0x1 ./drivers/custom/TFT/MCUFRIEND_kbv.o
 .bss.is8347    0x2000a92c        0x1 ./drivers/custom/TFT/MCUFRIEND_kbv.o
 .bss.joystick_dir
                0x2000a92d        0x1 ./drivers/custom/JOYSTICK/JOYSTICK.o
                0x2000a92d                joystick_dir
 .bss.time_HAPTICflag
                0x2000a92e        0x1 ./drivers/custom/HAPTIC/BUTTON.o
 *(SORT_BY_ALIGNMENT(COMMON))
                0x2000a930                . = ALIGN (0x8)
 *fill*         0x2000a92f        0x1 
                0x2000a930                _ebss = .
                [!provide]                PROVIDE (end = .)

.noinit_RAM2    0x1fff0000        0x0
 *(SORT_BY_ALIGNMENT(.noinit.$RAM2*))
 *(SORT_BY_ALIGNMENT(.noinit.$SRAM_LOWER*))
                0x1fff0000                . = ALIGN (0x8)

.noinit_RAM3    0x14000000        0x0
 *(SORT_BY_ALIGNMENT(.noinit.$RAM3*))
 *(SORT_BY_ALIGNMENT(.noinit.$FLEX_RAM*))
                0x14000000                . = ALIGN (0x8)

.noinit         0x2000a930        0x0
                0x2000a930                _noinit = .
 *(SORT_BY_ALIGNMENT(.noinit*))
                0x2000a930                . = ALIGN (0x8)
                0x2000a930                _end_noinit = .
                0x00001000                _HeapSize = 0x1000

.heap           0x2000a930     0x1000
                0x2000a930                _pvHeapStart = .
                0x2000b930                . = (. + _HeapSize)
 *fill*         0x2000a930     0x1000 
                0x2000b930                . = ALIGN (0x8)
                0x2000b930                _pvHeapLimit = .
                0x00001000                _StackSize = 0x1000

.heap2stackfill
                0x2000b930     0x1000
                0x2000c930                . = (. + _StackSize)
 *fill*         0x2000b930     0x1000 

.stack          0x2002f000        0x0
                0x2002f000                _vStackBase = .
                0x2002f000                . = ALIGN (0x8)
                0x20030000                _vStackTop = (. + _StackSize)
                0x00000000                _image_start = LOADADDR (.text)
                0x0007aa48                _image_end = (LOADADDR (.data) + SIZEOF (.data))
                0x0007aa48                _image_size = (_image_end - _image_start)
OUTPUT(AngryBirdsV2.axf elf32-littlearm)

.debug_info     0x00000000    0x1494c
 .debug_info    0x00000000      0x8b0 ./startup/startup_mk64f12.o
 .debug_info    0x000008b0      0x602 ./source/game/fix_shot_fsm.o
 .debug_info    0x00000eb2      0x746 ./source/game/game_fsm.o
 .debug_info    0x000015f8      0x1e7 ./source/game/utilities.o
 .debug_info    0x000017df      0x71e ./source/AngryBirdsV2.o
 .debug_info    0x00001efd       0x3b ./source/semihost_hardfault.o
 .debug_info    0x00001f38       0x5e ./drivers/custom/TFT/images/Background.o
 .debug_info    0x00001f96       0x5b ./drivers/custom/TFT/images/BirdOne.o
 .debug_info    0x00001ff1       0x5e ./drivers/custom/TFT/images/Caratula1.o
 .debug_info    0x0000204f       0x5e ./drivers/custom/TFT/images/Caratula2.o
 .debug_info    0x000020ad     0x162c ./drivers/custom/TFT/Adafruit_GFX.o
 .debug_info    0x000036d9     0x114f ./drivers/custom/TFT/MCUFRIEND_kbv.o
 .debug_info    0x00004828      0x3d2 ./drivers/custom/TFT/TFT_config.o
 .debug_info    0x00004bfa     0x1396 ./drivers/custom/JOYSTICK/JOYSTICK.o
 .debug_info    0x00005f90     0x11f3 ./drivers/custom/HAPTIC/BUTTON.o
 .debug_info    0x00007183      0x13e ./drivers/custom/GLOBAL.o
 .debug_info    0x000072c1      0xdc7 ./drivers/fsl_adc16.o
 .debug_info    0x00008088     0x1f24 ./drivers/fsl_clock.o
 .debug_info    0x00009fac     0x234f ./drivers/fsl_dspi.o
 .debug_info    0x0000c2fb     0x2082 ./drivers/fsl_edma.o
 .debug_info    0x0000e37d      0x664 ./drivers/fsl_gpio.o
 .debug_info    0x0000e9e1     0x1cb4 ./drivers/fsl_i2c.o
 .debug_info    0x00010695      0x890 ./drivers/fsl_lptmr.o
 .debug_info    0x00010f25      0x742 ./drivers/fsl_pit.o
 .debug_info    0x00011667     0x1a78 ./drivers/fsl_uart.o
 .debug_info    0x000130df      0x630 ./device/system_MK64F12.o
 .debug_info    0x0001370f     0x123d ./board/clock_config.o

.debug_abbrev   0x00000000     0x2f7f
 .debug_abbrev  0x00000000      0x15c ./startup/startup_mk64f12.o
 .debug_abbrev  0x0000015c      0x194 ./source/game/fix_shot_fsm.o
 .debug_abbrev  0x000002f0      0x18d ./source/game/game_fsm.o
 .debug_abbrev  0x0000047d       0xd0 ./source/game/utilities.o
 .debug_abbrev  0x0000054d      0x184 ./source/AngryBirdsV2.o
 .debug_abbrev  0x000006d1       0x2f ./source/semihost_hardfault.o
 .debug_abbrev  0x00000700       0x48 ./drivers/custom/TFT/images/Background.o
 .debug_abbrev  0x00000748       0x48 ./drivers/custom/TFT/images/BirdOne.o
 .debug_abbrev  0x00000790       0x48 ./drivers/custom/TFT/images/Caratula1.o
 .debug_abbrev  0x000007d8       0x48 ./drivers/custom/TFT/images/Caratula2.o
 .debug_abbrev  0x00000820      0x1eb ./drivers/custom/TFT/Adafruit_GFX.o
 .debug_abbrev  0x00000a0b      0x2cf ./drivers/custom/TFT/MCUFRIEND_kbv.o
 .debug_abbrev  0x00000cda      0x106 ./drivers/custom/TFT/TFT_config.o
 .debug_abbrev  0x00000de0      0x29d ./drivers/custom/JOYSTICK/JOYSTICK.o
 .debug_abbrev  0x0000107d      0x2e7 ./drivers/custom/HAPTIC/BUTTON.o
 .debug_abbrev  0x00001364       0xbf ./drivers/custom/GLOBAL.o
 .debug_abbrev  0x00001423      0x26e ./drivers/fsl_adc16.o
 .debug_abbrev  0x00001691      0x307 ./drivers/fsl_clock.o
 .debug_abbrev  0x00001998      0x33e ./drivers/fsl_dspi.o
 .debug_abbrev  0x00001cd6      0x398 ./drivers/fsl_edma.o
 .debug_abbrev  0x0000206e      0x196 ./drivers/fsl_gpio.o
 .debug_abbrev  0x00002204      0x340 ./drivers/fsl_i2c.o
 .debug_abbrev  0x00002544      0x1ae ./drivers/fsl_lptmr.o
 .debug_abbrev  0x000026f2      0x1f1 ./drivers/fsl_pit.o
 .debug_abbrev  0x000028e3      0x303 ./drivers/fsl_uart.o
 .debug_abbrev  0x00002be6      0x154 ./device/system_MK64F12.o
 .debug_abbrev  0x00002d3a      0x245 ./board/clock_config.o

.debug_aranges  0x00000000     0x1300
 .debug_aranges
                0x00000000      0x330 ./startup/startup_mk64f12.o
 .debug_aranges
                0x00000330       0x28 ./source/game/fix_shot_fsm.o
 .debug_aranges
                0x00000358       0x30 ./source/game/game_fsm.o
 .debug_aranges
                0x00000388       0x20 ./source/game/utilities.o
 .debug_aranges
                0x000003a8       0x20 ./source/AngryBirdsV2.o
 .debug_aranges
                0x000003c8       0x20 ./source/semihost_hardfault.o
 .debug_aranges
                0x000003e8       0x18 ./drivers/custom/TFT/images/Background.o
 .debug_aranges
                0x00000400       0x18 ./drivers/custom/TFT/images/BirdOne.o
 .debug_aranges
                0x00000418       0x18 ./drivers/custom/TFT/images/Caratula1.o
 .debug_aranges
                0x00000430       0x18 ./drivers/custom/TFT/images/Caratula2.o
 .debug_aranges
                0x00000448      0x180 ./drivers/custom/TFT/Adafruit_GFX.o
 .debug_aranges
                0x000005c8      0x118 ./drivers/custom/TFT/MCUFRIEND_kbv.o
 .debug_aranges
                0x000006e0       0x20 ./drivers/custom/TFT/TFT_config.o
 .debug_aranges
                0x00000700       0x80 ./drivers/custom/JOYSTICK/JOYSTICK.o
 .debug_aranges
                0x00000780       0x98 ./drivers/custom/HAPTIC/BUTTON.o
 .debug_aranges
                0x00000818       0x18 ./drivers/custom/GLOBAL.o
 .debug_aranges
                0x00000830       0x88 ./drivers/fsl_adc16.o
 .debug_aranges
                0x000008b8      0x1e8 ./drivers/fsl_clock.o
 .debug_aranges
                0x00000aa0      0x1d0 ./drivers/fsl_dspi.o
 .debug_aranges
                0x00000c70      0x210 ./drivers/fsl_edma.o
 .debug_aranges
                0x00000e80       0x40 ./drivers/fsl_gpio.o
 .debug_aranges
                0x00000ec0      0x180 ./drivers/fsl_i2c.o
 .debug_aranges
                0x00001040       0x48 ./drivers/fsl_lptmr.o
 .debug_aranges
                0x00001088       0x40 ./drivers/fsl_pit.o
 .debug_aranges
                0x000010c8      0x170 ./drivers/fsl_uart.o
 .debug_aranges
                0x00001238       0x30 ./device/system_MK64F12.o
 .debug_aranges
                0x00001268       0x98 ./board/clock_config.o

.debug_ranges   0x00000000     0x1158
 .debug_ranges  0x00000000      0x320 ./startup/startup_mk64f12.o
 .debug_ranges  0x00000320       0x18 ./source/game/fix_shot_fsm.o
 .debug_ranges  0x00000338       0x20 ./source/game/game_fsm.o
 .debug_ranges  0x00000358       0x10 ./source/game/utilities.o
 .debug_ranges  0x00000368       0x10 ./source/AngryBirdsV2.o
 .debug_ranges  0x00000378       0x10 ./source/semihost_hardfault.o
 .debug_ranges  0x00000388      0x188 ./drivers/custom/TFT/Adafruit_GFX.o
 .debug_ranges  0x00000510      0x120 ./drivers/custom/TFT/MCUFRIEND_kbv.o
 .debug_ranges  0x00000630       0x10 ./drivers/custom/TFT/TFT_config.o
 .debug_ranges  0x00000640       0x70 ./drivers/custom/JOYSTICK/JOYSTICK.o
 .debug_ranges  0x000006b0       0x88 ./drivers/custom/HAPTIC/BUTTON.o
 .debug_ranges  0x00000738       0x78 ./drivers/fsl_adc16.o
 .debug_ranges  0x000007b0      0x1d8 ./drivers/fsl_clock.o
 .debug_ranges  0x00000988      0x1c0 ./drivers/fsl_dspi.o
 .debug_ranges  0x00000b48      0x200 ./drivers/fsl_edma.o
 .debug_ranges  0x00000d48       0x30 ./drivers/fsl_gpio.o
 .debug_ranges  0x00000d78      0x170 ./drivers/fsl_i2c.o
 .debug_ranges  0x00000ee8       0x38 ./drivers/fsl_lptmr.o
 .debug_ranges  0x00000f20       0x30 ./drivers/fsl_pit.o
 .debug_ranges  0x00000f50      0x160 ./drivers/fsl_uart.o
 .debug_ranges  0x000010b0       0x20 ./device/system_MK64F12.o
 .debug_ranges  0x000010d0       0x88 ./board/clock_config.o

.debug_macro    0x00000000     0x26b7
 .debug_macro   0x00000000       0x29 ./startup/startup_mk64f12.o
 .debug_macro   0x00000029      0x18e ./source/game/fix_shot_fsm.o
 .debug_macro   0x000001b7       0x28 ./source/game/fix_shot_fsm.o
 .debug_macro   0x000001df       0x22 ./source/game/fix_shot_fsm.o
 .debug_macro   0x00000201       0x40 ./source/game/fix_shot_fsm.o
 .debug_macro   0x00000241      0x407 ./source/game/fix_shot_fsm.o
 .debug_macro   0x00000648       0x34 ./source/game/fix_shot_fsm.o
 .debug_macro   0x0000067c       0x2e ./source/game/fix_shot_fsm.o
 .debug_macro   0x000006aa      0x1bc ./source/game/game_fsm.o
 .debug_macro   0x00000866       0x46 ./source/game/utilities.o
 .debug_macro   0x000008ac      0x20b ./source/AngryBirdsV2.o
 .debug_macro   0x00000ab7       0xd8 ./source/AngryBirdsV2.o
 .debug_macro   0x00000b8f       0x16 ./source/AngryBirdsV2.o
 .debug_macro   0x00000ba5       0x10 ./source/AngryBirdsV2.o
 .debug_macro   0x00000bb5       0x16 ./source/AngryBirdsV2.o
 .debug_macro   0x00000bcb      0x1f1 ./source/AngryBirdsV2.o
 .debug_macro   0x00000dbc      0x1ce ./source/AngryBirdsV2.o
 .debug_macro   0x00000f8a       0x2e ./source/AngryBirdsV2.o
 .debug_macro   0x00000fb8       0x10 ./source/AngryBirdsV2.o
 .debug_macro   0x00000fc8       0x10 ./source/AngryBirdsV2.o
 .debug_macro   0x00000fd8       0x10 ./source/AngryBirdsV2.o
 .debug_macro   0x00000fe8       0x11 ./source/semihost_hardfault.o
 .debug_macro   0x00000ff9       0x11 ./drivers/custom/TFT/images/Background.o
 .debug_macro   0x0000100a       0x11 ./drivers/custom/TFT/images/BirdOne.o
 .debug_macro   0x0000101b       0x11 ./drivers/custom/TFT/images/Caratula1.o
 .debug_macro   0x0000102c       0x11 ./drivers/custom/TFT/images/Caratula2.o
 .debug_macro   0x0000103d       0xf5 ./drivers/custom/TFT/Adafruit_GFX.o
 .debug_macro   0x00001132      0x40d ./drivers/custom/TFT/Adafruit_GFX.o
 .debug_macro   0x0000153f      0x118 ./drivers/custom/TFT/MCUFRIEND_kbv.o
 .debug_macro   0x00001657       0x95 ./drivers/custom/TFT/TFT_config.o
 .debug_macro   0x000016ec      0x134 ./drivers/custom/JOYSTICK/JOYSTICK.o
 .debug_macro   0x00001820       0x10 ./drivers/custom/JOYSTICK/JOYSTICK.o
 .debug_macro   0x00001830      0x140 ./drivers/custom/HAPTIC/BUTTON.o
 .debug_macro   0x00001970       0x1c ./drivers/custom/HAPTIC/BUTTON.o
 .debug_macro   0x0000198c       0x6a ./drivers/custom/HAPTIC/BUTTON.o
 .debug_macro   0x000019f6       0x4f ./drivers/custom/GLOBAL.o
 .debug_macro   0x00001a45      0x109 ./drivers/fsl_adc16.o
 .debug_macro   0x00001b4e      0x1bf ./drivers/fsl_clock.o
 .debug_macro   0x00001d0d      0x108 ./drivers/fsl_dspi.o
 .debug_macro   0x00001e15       0x3a ./drivers/fsl_dspi.o
 .debug_macro   0x00001e4f      0x10e ./drivers/fsl_edma.o
 .debug_macro   0x00001f5d       0x16 ./drivers/fsl_edma.o
 .debug_macro   0x00001f73      0x109 ./drivers/fsl_gpio.o
 .debug_macro   0x0000207c      0x108 ./drivers/fsl_i2c.o
 .debug_macro   0x00002184       0x16 ./drivers/fsl_i2c.o
 .debug_macro   0x0000219a      0x109 ./drivers/fsl_lptmr.o
 .debug_macro   0x000022a3      0x109 ./drivers/fsl_pit.o
 .debug_macro   0x000023ac      0x10f ./drivers/fsl_uart.o
 .debug_macro   0x000024bb       0x98 ./device/system_MK64F12.o
 .debug_macro   0x00002553      0x164 ./board/clock_config.o

.debug_line     0x00000000     0x829b
 .debug_line    0x00000000      0x6d4 ./startup/startup_mk64f12.o
 .debug_line    0x000006d4      0x43f ./source/game/fix_shot_fsm.o
 .debug_line    0x00000b13      0x507 ./source/game/game_fsm.o
 .debug_line    0x0000101a      0x1c7 ./source/game/utilities.o
 .debug_line    0x000011e1      0x58c ./source/AngryBirdsV2.o
 .debug_line    0x0000176d       0x54 ./source/semihost_hardfault.o
 .debug_line    0x000017c1       0x4a ./drivers/custom/TFT/images/Background.o
 .debug_line    0x0000180b       0x47 ./drivers/custom/TFT/images/BirdOne.o
 .debug_line    0x00001852       0x49 ./drivers/custom/TFT/images/Caratula1.o
 .debug_line    0x0000189b       0x49 ./drivers/custom/TFT/images/Caratula2.o
 .debug_line    0x000018e4      0x9ab ./drivers/custom/TFT/Adafruit_GFX.o
 .debug_line    0x0000228f      0x911 ./drivers/custom/TFT/MCUFRIEND_kbv.o
 .debug_line    0x00002ba0      0x225 ./drivers/custom/TFT/TFT_config.o
 .debug_line    0x00002dc5      0x42d ./drivers/custom/JOYSTICK/JOYSTICK.o
 .debug_line    0x000031f2      0x465 ./drivers/custom/HAPTIC/BUTTON.o
 .debug_line    0x00003657      0x177 ./drivers/custom/GLOBAL.o
 .debug_line    0x000037ce      0x422 ./drivers/fsl_adc16.o
 .debug_line    0x00003bf0      0xa64 ./drivers/fsl_clock.o
 .debug_line    0x00004654      0xbc4 ./drivers/fsl_dspi.o
 .debug_line    0x00005218      0xbef ./drivers/fsl_edma.o
 .debug_line    0x00005e07      0x2f7 ./drivers/fsl_gpio.o
 .debug_line    0x000060fe      0xa8a ./drivers/fsl_i2c.o
 .debug_line    0x00006b88      0x31e ./drivers/fsl_lptmr.o
 .debug_line    0x00006ea6      0x302 ./drivers/fsl_pit.o
 .debug_line    0x000071a8      0xa85 ./drivers/fsl_uart.o
 .debug_line    0x00007c2d      0x293 ./device/system_MK64F12.o
 .debug_line    0x00007ec0      0x3db ./board/clock_config.o

.debug_str      0x00000000    0x86360
 .debug_str     0x00000000     0x3552 ./startup/startup_mk64f12.o
                               0x3615 (size before relaxing)
 .debug_str     0x00003552    0x7843f ./source/game/fix_shot_fsm.o
                              0x7b28a (size before relaxing)
 .debug_str     0x0007b991      0x1c0 ./source/game/game_fsm.o
                              0x7b3c3 (size before relaxing)
 .debug_str     0x0007bb51       0xcf ./source/game/utilities.o
                               0x457e (size before relaxing)
 .debug_str     0x0007bc20     0x1e92 ./source/AngryBirdsV2.o
                              0x7b145 (size before relaxing)
 .debug_str     0x0007dab2       0x1f ./source/semihost_hardfault.o
                               0x2da6 (size before relaxing)
 .debug_str     0x0007dad1       0x2a ./drivers/custom/TFT/images/Background.o
                               0x2dca (size before relaxing)
 .debug_str     0x0007dafb       0x27 ./drivers/custom/TFT/images/BirdOne.o
                               0x2dc4 (size before relaxing)
 .debug_str     0x0007db22       0x29 ./drivers/custom/TFT/images/Caratula1.o
                               0x2dc8 (size before relaxing)
 .debug_str     0x0007db4b       0x29 ./drivers/custom/TFT/images/Caratula2.o
                               0x2dc8 (size before relaxing)
 .debug_str     0x0007db74      0x5bd ./drivers/custom/TFT/Adafruit_GFX.o
                              0x7313a (size before relaxing)
 .debug_str     0x0007e131      0x545 ./drivers/custom/TFT/MCUFRIEND_kbv.o
                              0x72f9d (size before relaxing)
 .debug_str     0x0007e676      0x119 ./drivers/custom/TFT/TFT_config.o
                              0x72a09 (size before relaxing)
 .debug_str     0x0007e78f     0x1063 ./drivers/custom/JOYSTICK/JOYSTICK.o
                              0x7aa1b (size before relaxing)
 .debug_str     0x0007f7f2      0xb75 ./drivers/custom/HAPTIC/BUTTON.o
                              0x7aaac (size before relaxing)
 .debug_str     0x00080367       0x1b ./drivers/custom/GLOBAL.o
                               0x45cf (size before relaxing)
 .debug_str     0x00080382      0x336 ./drivers/fsl_adc16.o
                              0x7a142 (size before relaxing)
 .debug_str     0x000806b8     0x16ee ./drivers/fsl_clock.o
                              0x7b268 (size before relaxing)
 .debug_str     0x00081da6     0x13c8 ./drivers/fsl_dspi.o
                              0x7b14d (size before relaxing)
 .debug_str     0x0008316e     0x108c ./drivers/fsl_edma.o
                              0x7ae29 (size before relaxing)
 .debug_str     0x000841fa       0xcb ./drivers/fsl_gpio.o
                              0x79607 (size before relaxing)
 .debug_str     0x000842c5      0xc4a ./drivers/fsl_i2c.o
                              0x7aa00 (size before relaxing)
 .debug_str     0x00084f0f       0x9d ./drivers/fsl_lptmr.o
                              0x79be0 (size before relaxing)
 .debug_str     0x00084fac       0x78 ./drivers/fsl_pit.o
                              0x797e1 (size before relaxing)
 .debug_str     0x00085024      0xdc1 ./drivers/fsl_uart.o
                              0x7ab58 (size before relaxing)
 .debug_str     0x00085de5      0x109 ./device/system_MK64F12.o
                              0x77ebb (size before relaxing)
 .debug_str     0x00085eee      0x472 ./board/clock_config.o
                              0x7a354 (size before relaxing)

.comment        0x00000000       0x7f
 .comment       0x00000000       0x7f ./startup/startup_mk64f12.o
                                 0x80 (size before relaxing)
 .comment       0x0000007f       0x80 ./source/game/fix_shot_fsm.o
 .comment       0x0000007f       0x80 ./source/game/game_fsm.o
 .comment       0x0000007f       0x80 ./source/game/utilities.o
 .comment       0x0000007f       0x80 ./source/AngryBirdsV2.o
 .comment       0x0000007f       0x80 ./source/semihost_hardfault.o
 .comment       0x0000007f       0x80 ./drivers/custom/TFT/images/Background.o
 .comment       0x0000007f       0x80 ./drivers/custom/TFT/images/BirdOne.o
 .comment       0x0000007f       0x80 ./drivers/custom/TFT/images/Caratula1.o
 .comment       0x0000007f       0x80 ./drivers/custom/TFT/images/Caratula2.o
 .comment       0x0000007f       0x80 ./drivers/custom/TFT/Adafruit_GFX.o
 .comment       0x0000007f       0x80 ./drivers/custom/TFT/MCUFRIEND_kbv.o
 .comment       0x0000007f       0x80 ./drivers/custom/TFT/TFT_config.o
 .comment       0x0000007f       0x80 ./drivers/custom/JOYSTICK/JOYSTICK.o
 .comment       0x0000007f       0x80 ./drivers/custom/HAPTIC/BUTTON.o
 .comment       0x0000007f       0x80 ./drivers/custom/GLOBAL.o
 .comment       0x0000007f       0x80 ./drivers/fsl_adc16.o
 .comment       0x0000007f       0x80 ./drivers/fsl_clock.o
 .comment       0x0000007f       0x80 ./drivers/fsl_dspi.o
 .comment       0x0000007f       0x80 ./drivers/fsl_edma.o
 .comment       0x0000007f       0x80 ./drivers/fsl_gpio.o
 .comment       0x0000007f       0x80 ./drivers/fsl_i2c.o
 .comment       0x0000007f       0x80 ./drivers/fsl_lptmr.o
 .comment       0x0000007f       0x80 ./drivers/fsl_pit.o
 .comment       0x0000007f       0x80 ./drivers/fsl_uart.o
 .comment       0x0000007f       0x80 ./device/system_MK64F12.o
 .comment       0x0000007f       0x80 ./board/clock_config.o
 .comment       0x0000007f       0x80 c:/nxp/mcuxpressoide_10.3.0_2200/ide/plugins/com.nxp.mcuxpresso.tools.win32_10.3.0.201811011841/tools/bin/../lib/gcc/arm-none-eabi/7.3.1/../../../../arm-none-eabi/lib/thumb/v7e-m/fpv4-sp/hard\libcr_semihost_nf.a(_cr__main.o)
 .comment       0x0000007f       0x80 c:/nxp/mcuxpressoide_10.3.0_2200/ide/plugins/com.nxp.mcuxpresso.tools.win32_10.3.0.201811011841/tools/bin/../lib/gcc/arm-none-eabi/7.3.1/../../../../arm-none-eabi/lib/thumb/v7e-m/fpv4-sp/hard\libcr_semihost_nf.a(_cr_assert.o)